[0.015s] Invoking command in '/home/ljoy/Robomaster/PIONEER/new_rv/build/rm_planner': CMAKE_PREFIX_PATH=/home/ljoy/Robomaster/PIONEER/new_rv/install/rm_tools:/home/ljoy/Robomaster/PIONEER/new_rv/install/auto_aim_interfaces:/home/ljoy/Robomaster/PIONEER/new_rv/install/rm_vision_bringup:/home/ljoy/Robomaster/PIONEER/new_rv/install/rm_planner:/home/ljoy/Robomaster/PIONEER/new_rv/install/armor_tracker:/home/ljoy/Robomaster/PIONEER/new_rv/install/armor_detector:/home/ljoy/Robomaster/PIONEER/new_rv/install/rm_serial_driver:/home/ljoy/Robomaster/PIONEER/new_rv/install/rm_gimbal_description:/home/ljoy/Robomaster/PIONEER/new_rv/install/hik_camera LD_LIBRARY_PATH=/home/ljoy/Robomaster/PIONEER/new_rv/install/rm_tools/lib:/home/ljoy/Robomaster/PIONEER/new_rv/install/auto_aim_interfaces/lib:/home/ljoy/Robomaster/PIONEER/new_rv/install/rm_planner/lib:/home/ljoy/Robomaster/PIONEER/new_rv/install/armor_tracker/lib:/home/ljoy/Robomaster/PIONEER/new_rv/install/armor_detector/lib:/home/ljoy/Robomaster/PIONEER/new_rv/install/rm_serial_driver/lib:/home/ljoy/Robomaster/PIONEER/new_rv/install/hik_camera/lib:/opt/MVS/lib/64:/opt/MVS/lib/32:/opt/MVS/lib/64:/opt/MVS/lib/64 /usr/bin/cmake --build /home/ljoy/Robomaster/PIONEER/new_rv/build/rm_planner -- -j32 -l32
[0.031s] [ 33%] Built target rm_planner_node
[0.045s] [ 50%] [32mBuilding CXX object CMakeFiles/rm_planner.dir/src/rm_planner_node.cpp.o[0m
[6.369s] [ 66%] [32m[1mLinking CXX shared library librm_planner.so[0m
[6.712s] [100%] Built target rm_planner
[6.720s] Invoked command in '/home/ljoy/Robomaster/PIONEER/new_rv/build/rm_planner' returned '0': CMAKE_PREFIX_PATH=/home/ljoy/Robomaster/PIONEER/new_rv/install/rm_tools:/home/ljoy/Robomaster/PIONEER/new_rv/install/auto_aim_interfaces:/home/ljoy/Robomaster/PIONEER/new_rv/install/rm_vision_bringup:/home/ljoy/Robomaster/PIONEER/new_rv/install/rm_planner:/home/ljoy/Robomaster/PIONEER/new_rv/install/armor_tracker:/home/ljoy/Robomaster/PIONEER/new_rv/install/armor_detector:/home/ljoy/Robomaster/PIONEER/new_rv/install/rm_serial_driver:/home/ljoy/Robomaster/PIONEER/new_rv/install/rm_gimbal_description:/home/ljoy/Robomaster/PIONEER/new_rv/install/hik_camera LD_LIBRARY_PATH=/home/ljoy/Robomaster/PIONEER/new_rv/install/rm_tools/lib:/home/ljoy/Robomaster/PIONEER/new_rv/install/auto_aim_interfaces/lib:/home/ljoy/Robomaster/PIONEER/new_rv/install/rm_planner/lib:/home/ljoy/Robomaster/PIONEER/new_rv/install/armor_tracker/lib:/home/ljoy/Robomaster/PIONEER/new_rv/install/armor_detector/lib:/home/ljoy/Robomaster/PIONEER/new_rv/install/rm_serial_driver/lib:/home/ljoy/Robomaster/PIONEER/new_rv/install/hik_camera/lib:/opt/MVS/lib/64:/opt/MVS/lib/32:/opt/MVS/lib/64:/opt/MVS/lib/64 /usr/bin/cmake --build /home/ljoy/Robomaster/PIONEER/new_rv/build/rm_planner -- -j32 -l32
[6.740s] Invoking command in '/home/ljoy/Robomaster/PIONEER/new_rv/build/rm_planner': CMAKE_PREFIX_PATH=/home/ljoy/Robomaster/PIONEER/new_rv/install/rm_tools:/home/ljoy/Robomaster/PIONEER/new_rv/install/auto_aim_interfaces:/home/ljoy/Robomaster/PIONEER/new_rv/install/rm_vision_bringup:/home/ljoy/Robomaster/PIONEER/new_rv/install/rm_planner:/home/ljoy/Robomaster/PIONEER/new_rv/install/armor_tracker:/home/ljoy/Robomaster/PIONEER/new_rv/install/armor_detector:/home/ljoy/Robomaster/PIONEER/new_rv/install/rm_serial_driver:/home/ljoy/Robomaster/PIONEER/new_rv/install/rm_gimbal_description:/home/ljoy/Robomaster/PIONEER/new_rv/install/hik_camera LD_LIBRARY_PATH=/home/ljoy/Robomaster/PIONEER/new_rv/install/rm_tools/lib:/home/ljoy/Robomaster/PIONEER/new_rv/install/auto_aim_interfaces/lib:/home/ljoy/Robomaster/PIONEER/new_rv/install/rm_planner/lib:/home/ljoy/Robomaster/PIONEER/new_rv/install/armor_tracker/lib:/home/ljoy/Robomaster/PIONEER/new_rv/install/armor_detector/lib:/home/ljoy/Robomaster/PIONEER/new_rv/install/rm_serial_driver/lib:/home/ljoy/Robomaster/PIONEER/new_rv/install/hik_camera/lib:/opt/MVS/lib/64:/opt/MVS/lib/32:/opt/MVS/lib/64:/opt/MVS/lib/64 /usr/bin/cmake --install /home/ljoy/Robomaster/PIONEER/new_rv/build/rm_planner
[6.741s] -- Install configuration: ""
[6.742s] -- Up-to-date: /home/ljoy/Robomaster/PIONEER/new_rv/install/rm_planner/lib/rm_planner/rm_planner_node
[6.742s] -- Up-to-date: /home/ljoy/Robomaster/PIONEER/new_rv/install/rm_planner/include
[6.742s] -- Up-to-date: /home/ljoy/Robomaster/PIONEER/new_rv/install/rm_planner/include/rm_planner
[6.742s] -- Up-to-date: /home/ljoy/Robomaster/PIONEER/new_rv/install/rm_planner/include/rm_planner/target.hpp
[6.742s] -- Up-to-date: /home/ljoy/Robomaster/PIONEER/new_rv/install/rm_planner/include/rm_planner/rm_planner.hpp
[6.742s] -- Up-to-date: /home/ljoy/Robomaster/PIONEER/new_rv/install/rm_planner/include/rm_planner/rm_planner_node.hpp
[6.742s] -- Up-to-date: /home/ljoy/Robomaster/PIONEER/new_rv/install/rm_planner/include/rm_planner/tinympc
[6.742s] -- Up-to-date: /home/ljoy/Robomaster/PIONEER/new_rv/install/rm_planner/include/rm_planner/tinympc/admm.hpp
[6.742s] -- Up-to-date: /home/ljoy/Robomaster/PIONEER/new_rv/install/rm_planner/include/rm_planner/tinympc/rho_benchmark.hpp
[6.742s] -- Up-to-date: /home/ljoy/Robomaster/PIONEER/new_rv/install/rm_planner/include/rm_planner/tinympc/CMakeLists.txt
[6.742s] -- Up-to-date: /home/ljoy/Robomaster/PIONEER/new_rv/install/rm_planner/include/rm_planner/tinympc/admm.cpp
[6.742s] -- Up-to-date: /home/ljoy/Robomaster/PIONEER/new_rv/install/rm_planner/include/rm_planner/tinympc/tiny_api_constants.hpp
[6.742s] -- Up-to-date: /home/ljoy/Robomaster/PIONEER/new_rv/install/rm_planner/include/rm_planner/tinympc/tiny_api.cpp
[6.742s] -- Up-to-date: /home/ljoy/Robomaster/PIONEER/new_rv/install/rm_planner/include/rm_planner/tinympc/codegen.cpp
[6.742s] -- Up-to-date: /home/ljoy/Robomaster/PIONEER/new_rv/install/rm_planner/include/rm_planner/tinympc/codegen.hpp
[6.742s] -- Up-to-date: /home/ljoy/Robomaster/PIONEER/new_rv/install/rm_planner/include/rm_planner/tinympc/error.hpp
[6.742s] -- Up-to-date: /home/ljoy/Robomaster/PIONEER/new_rv/install/rm_planner/include/rm_planner/tinympc/tiny_api.hpp
[6.742s] -- Up-to-date: /home/ljoy/Robomaster/PIONEER/new_rv/install/rm_planner/include/rm_planner/tinympc/types.hpp
[6.742s] -- Up-to-date: /home/ljoy/Robomaster/PIONEER/new_rv/install/rm_planner/include/rm_planner/tinympc/rho_benchmark.cpp
[6.742s] -- Up-to-date: /home/ljoy/Robomaster/PIONEER/new_rv/install/rm_planner/share/rm_planner/environment/library_path.sh
[6.742s] -- Up-to-date: /home/ljoy/Robomaster/PIONEER/new_rv/install/rm_planner/share/rm_planner/environment/library_path.dsv
[6.742s] -- Installing: /home/ljoy/Robomaster/PIONEER/new_rv/install/rm_planner/lib/librm_planner.so
[6.752s] -- Set non-toolchain portion of runtime path of "/home/ljoy/Robomaster/PIONEER/new_rv/install/rm_planner/lib/librm_planner.so" to ""
[6.752s] -- Up-to-date: /home/ljoy/Robomaster/PIONEER/new_rv/install/rm_planner/share/ament_index/resource_index/package_run_dependencies/rm_planner
[6.752s] -- Up-to-date: /home/ljoy/Robomaster/PIONEER/new_rv/install/rm_planner/share/ament_index/resource_index/parent_prefix_path/rm_planner
[6.752s] -- Up-to-date: /home/ljoy/Robomaster/PIONEER/new_rv/install/rm_planner/share/rm_planner/environment/ament_prefix_path.sh
[6.752s] -- Up-to-date: /home/ljoy/Robomaster/PIONEER/new_rv/install/rm_planner/share/rm_planner/environment/ament_prefix_path.dsv
[6.752s] -- Up-to-date: /home/ljoy/Robomaster/PIONEER/new_rv/install/rm_planner/share/rm_planner/environment/path.sh
[6.752s] -- Up-to-date: /home/ljoy/Robomaster/PIONEER/new_rv/install/rm_planner/share/rm_planner/environment/path.dsv
[6.752s] -- Up-to-date: /home/ljoy/Robomaster/PIONEER/new_rv/install/rm_planner/share/rm_planner/local_setup.bash
[6.752s] -- Up-to-date: /home/ljoy/Robomaster/PIONEER/new_rv/install/rm_planner/share/rm_planner/local_setup.sh
[6.752s] -- Up-to-date: /home/ljoy/Robomaster/PIONEER/new_rv/install/rm_planner/share/rm_planner/local_setup.zsh
[6.752s] -- Up-to-date: /home/ljoy/Robomaster/PIONEER/new_rv/install/rm_planner/share/rm_planner/local_setup.dsv
[6.752s] -- Installing: /home/ljoy/Robomaster/PIONEER/new_rv/install/rm_planner/share/rm_planner/package.dsv
[6.752s] -- Up-to-date: /home/ljoy/Robomaster/PIONEER/new_rv/install/rm_planner/share/ament_index/resource_index/packages/rm_planner
[6.752s] -- Up-to-date: /home/ljoy/Robomaster/PIONEER/new_rv/install/rm_planner/share/ament_index/resource_index/rclcpp_components/rm_planner
[6.752s] -- Up-to-date: /home/ljoy/Robomaster/PIONEER/new_rv/install/rm_planner/share/rm_planner/cmake/ament_cmake_export_dependencies-extras.cmake
[6.753s] -- Up-to-date: /home/ljoy/Robomaster/PIONEER/new_rv/install/rm_planner/share/rm_planner/cmake/ament_cmake_export_include_directories-extras.cmake
[6.753s] -- Up-to-date: /home/ljoy/Robomaster/PIONEER/new_rv/install/rm_planner/share/rm_planner/cmake/ament_cmake_export_libraries-extras.cmake
[6.753s] -- Up-to-date: /home/ljoy/Robomaster/PIONEER/new_rv/install/rm_planner/share/rm_planner/cmake/rm_plannerConfig.cmake
[6.753s] -- Up-to-date: /home/ljoy/Robomaster/PIONEER/new_rv/install/rm_planner/share/rm_planner/cmake/rm_plannerConfig-version.cmake
[6.753s] -- Up-to-date: /home/ljoy/Robomaster/PIONEER/new_rv/install/rm_planner/share/rm_planner/package.xml
[6.753s] Invoked command in '/home/ljoy/Robomaster/PIONEER/new_rv/build/rm_planner' returned '0': CMAKE_PREFIX_PATH=/home/ljoy/Robomaster/PIONEER/new_rv/install/rm_tools:/home/ljoy/Robomaster/PIONEER/new_rv/install/auto_aim_interfaces:/home/ljoy/Robomaster/PIONEER/new_rv/install/rm_vision_bringup:/home/ljoy/Robomaster/PIONEER/new_rv/install/rm_planner:/home/ljoy/Robomaster/PIONEER/new_rv/install/armor_tracker:/home/ljoy/Robomaster/PIONEER/new_rv/install/armor_detector:/home/ljoy/Robomaster/PIONEER/new_rv/install/rm_serial_driver:/home/ljoy/Robomaster/PIONEER/new_rv/install/rm_gimbal_description:/home/ljoy/Robomaster/PIONEER/new_rv/install/hik_camera LD_LIBRARY_PATH=/home/ljoy/Robomaster/PIONEER/new_rv/install/rm_tools/lib:/home/ljoy/Robomaster/PIONEER/new_rv/install/auto_aim_interfaces/lib:/home/ljoy/Robomaster/PIONEER/new_rv/install/rm_planner/lib:/home/ljoy/Robomaster/PIONEER/new_rv/install/armor_tracker/lib:/home/ljoy/Robomaster/PIONEER/new_rv/install/armor_detector/lib:/home/ljoy/Robomaster/PIONEER/new_rv/install/rm_serial_driver/lib:/home/ljoy/Robomaster/PIONEER/new_rv/install/hik_camera/lib:/opt/MVS/lib/64:/opt/MVS/lib/32:/opt/MVS/lib/64:/opt/MVS/lib/64 /usr/bin/cmake --install /home/ljoy/Robomaster/PIONEER/new_rv/build/rm_planner
