[ 22%] Built target armor_detector_node
[ 33%] [32mBuilding CXX object CMakeFiles/armor_detector.dir/src/armor_pose_estimator.cpp.o[0m
[ 44%] [32mBuilding CXX object CMakeFiles/armor_detector.dir/src/ba_solver.cpp.o[0m
[ 55%] [32mBuilding CXX object CMakeFiles/armor_detector.dir/src/detector_node.cpp.o[0m
[ 66%] [32m[1mLinking CXX shared library libarmor_detector.so[0m
[100%] Built target armor_detector
-- Install configuration: ""
-- Installing: /home/ljoy/Robomaster/PIONEER/new_rv/install/armor_detector/lib/armor_detector/armor_detector_node
-- Set non-toolchain portion of runtime path of "/home/ljoy/Robomaster/PIONEER/new_rv/install/armor_detector/lib/armor_detector/armor_detector_node" to ""
-- Installing: /home/ljoy/Robomaster/PIONEER/new_rv/install/armor_detector/include
-- Installing: /home/ljoy/Robomaster/PIONEER/new_rv/install/armor_detector/include/armor_detector
-- Installing: /home/ljoy/Robomaster/PIONEER/new_rv/install/armor_detector/include/armor_detector/armor_pose_estimator.hpp
-- Installing: /home/ljoy/Robomaster/PIONEER/new_rv/install/armor_detector/include/armor_detector/detector_node.hpp
-- Installing: /home/ljoy/Robomaster/PIONEER/new_rv/install/armor_detector/include/armor_detector/thread_safe_quene.hpp
-- Installing: /home/ljoy/Robomaster/PIONEER/new_rv/install/armor_detector/include/armor_detector/detector.hpp
-- Installing: /home/ljoy/Robomaster/PIONEER/new_rv/install/armor_detector/include/armor_detector/graph_optimizer.hpp
-- Installing: /home/ljoy/Robomaster/PIONEER/new_rv/install/armor_detector/include/armor_detector/armor.hpp
-- Installing: /home/ljoy/Robomaster/PIONEER/new_rv/install/armor_detector/include/armor_detector/ba_solver.hpp
-- Installing: /home/ljoy/Robomaster/PIONEER/new_rv/install/armor_detector/share/armor_detector/environment/library_path.sh
-- Installing: /home/ljoy/Robomaster/PIONEER/new_rv/install/armor_detector/share/armor_detector/environment/library_path.dsv
-- Installing: /home/ljoy/Robomaster/PIONEER/new_rv/install/armor_detector/lib/libarmor_detector.so
-- Set non-toolchain portion of runtime path of "/home/ljoy/Robomaster/PIONEER/new_rv/install/armor_detector/lib/libarmor_detector.so" to ""
-- Installing: /home/ljoy/Robomaster/PIONEER/new_rv/install/armor_detector/share/armor_detector/models
-- Installing: /home/ljoy/Robomaster/PIONEER/new_rv/install/armor_detector/share/armor_detector/models/yolov5.xml
-- Installing: /home/ljoy/Robomaster/PIONEER/new_rv/install/armor_detector/share/armor_detector/models/0708.onnx
-- Installing: /home/ljoy/Robomaster/PIONEER/new_rv/install/armor_detector/share/armor_detector/models/yolov5.bin
-- Installing: /home/ljoy/Robomaster/PIONEER/new_rv/install/armor_detector/share/armor_detector/models/0526.onnx
-- Installing: /home/ljoy/Robomaster/PIONEER/new_rv/install/armor_detector/share/ament_index/resource_index/package_run_dependencies/armor_detector
-- Installing: /home/ljoy/Robomaster/PIONEER/new_rv/install/armor_detector/share/ament_index/resource_index/parent_prefix_path/armor_detector
-- Installing: /home/ljoy/Robomaster/PIONEER/new_rv/install/armor_detector/share/armor_detector/environment/ament_prefix_path.sh
-- Installing: /home/ljoy/Robomaster/PIONEER/new_rv/install/armor_detector/share/armor_detector/environment/ament_prefix_path.dsv
-- Installing: /home/ljoy/Robomaster/PIONEER/new_rv/install/armor_detector/share/armor_detector/environment/path.sh
-- Installing: /home/ljoy/Robomaster/PIONEER/new_rv/install/armor_detector/share/armor_detector/environment/path.dsv
-- Installing: /home/ljoy/Robomaster/PIONEER/new_rv/install/armor_detector/share/armor_detector/local_setup.bash
-- Installing: /home/ljoy/Robomaster/PIONEER/new_rv/install/armor_detector/share/armor_detector/local_setup.sh
-- Installing: /home/ljoy/Robomaster/PIONEER/new_rv/install/armor_detector/share/armor_detector/local_setup.zsh
-- Installing: /home/ljoy/Robomaster/PIONEER/new_rv/install/armor_detector/share/armor_detector/local_setup.dsv
-- Installing: /home/ljoy/Robomaster/PIONEER/new_rv/install/armor_detector/share/armor_detector/package.dsv
-- Installing: /home/ljoy/Robomaster/PIONEER/new_rv/install/armor_detector/share/ament_index/resource_index/packages/armor_detector
-- Installing: /home/ljoy/Robomaster/PIONEER/new_rv/install/armor_detector/share/ament_index/resource_index/rclcpp_components/armor_detector
-- Installing: /home/ljoy/Robomaster/PIONEER/new_rv/install/armor_detector/share/armor_detector/cmake/ament_cmake_export_dependencies-extras.cmake
-- Installing: /home/ljoy/Robomaster/PIONEER/new_rv/install/armor_detector/share/armor_detector/cmake/ament_cmake_export_include_directories-extras.cmake
-- Installing: /home/ljoy/Robomaster/PIONEER/new_rv/install/armor_detector/share/armor_detector/cmake/ament_cmake_export_libraries-extras.cmake
-- Installing: /home/ljoy/Robomaster/PIONEER/new_rv/install/armor_detector/share/armor_detector/cmake/armor_detectorConfig.cmake
-- Installing: /home/ljoy/Robomaster/PIONEER/new_rv/install/armor_detector/share/armor_detector/cmake/armor_detectorConfig-version.cmake
-- Installing: /home/ljoy/Robomaster/PIONEER/new_rv/install/armor_detector/share/armor_detector/package.xml
