[0.009s] Invoking command in '/home/ljoy/Robomaster/PIONEER/new_rv/build/armor_detector': AMENT_PREFIX_PATH=/home/ljoy/Robomaster/PIONEER/new_rv/install/rm_tools:/home/ljoy/Robomaster/PIONEER/new_rv/install/auto_aim_interfaces:${AMENT_PREFIX_PATH} CMAKE_PREFIX_PATH=/home/ljoy/Robomaster/PIONEER/new_rv/install/rm_tools:/home/ljoy/Robomaster/PIONEER/new_rv/install/auto_aim_interfaces:/opt/ros/humble LD_LIBRARY_PATH=/home/ljoy/Robomaster/PIONEER/new_rv/install/rm_tools/lib:/home/ljoy/Robomaster/PIONEER/new_rv/install/auto_aim_interfaces/lib:/opt/ros/humble/opt/rviz_ogre_vendor/lib:/opt/ros/humble/lib/x86_64-linux-gnu:/opt/ros/humble/lib:/opt/MVS/lib/64:/opt/MVS/lib/32:/opt/MVS/lib/64:/opt/MVS/lib/64 PYTHONPATH=/home/ljoy/Robomaster/PIONEER/new_rv/install/auto_aim_interfaces/local/lib/python3.10/dist-packages:${PYTHONPATH} /usr/bin/cmake --build /home/ljoy/Robomaster/PIONEER/new_rv/build/armor_detector -- -j32 -l32
[0.026s] [ 22%] Built target armor_detector_node
[0.034s] [ 33%] [32mBuilding CXX object CMakeFiles/armor_detector.dir/src/armor_pose_estimator.cpp.o[0m
[0.034s] [ 44%] [32mBuilding CXX object CMakeFiles/armor_detector.dir/src/ba_solver.cpp.o[0m
[0.035s] [ 55%] [32mBuilding CXX object CMakeFiles/armor_detector.dir/src/detector_node.cpp.o[0m
[14.928s] [ 66%] [32m[1mLinking CXX shared library libarmor_detector.so[0m
[16.221s] [100%] Built target armor_detector
[16.224s] Invoked command in '/home/ljoy/Robomaster/PIONEER/new_rv/build/armor_detector' returned '0': AMENT_PREFIX_PATH=/home/ljoy/Robomaster/PIONEER/new_rv/install/rm_tools:/home/ljoy/Robomaster/PIONEER/new_rv/install/auto_aim_interfaces:${AMENT_PREFIX_PATH} CMAKE_PREFIX_PATH=/home/ljoy/Robomaster/PIONEER/new_rv/install/rm_tools:/home/ljoy/Robomaster/PIONEER/new_rv/install/auto_aim_interfaces:/opt/ros/humble LD_LIBRARY_PATH=/home/ljoy/Robomaster/PIONEER/new_rv/install/rm_tools/lib:/home/ljoy/Robomaster/PIONEER/new_rv/install/auto_aim_interfaces/lib:/opt/ros/humble/opt/rviz_ogre_vendor/lib:/opt/ros/humble/lib/x86_64-linux-gnu:/opt/ros/humble/lib:/opt/MVS/lib/64:/opt/MVS/lib/32:/opt/MVS/lib/64:/opt/MVS/lib/64 PYTHONPATH=/home/ljoy/Robomaster/PIONEER/new_rv/install/auto_aim_interfaces/local/lib/python3.10/dist-packages:${PYTHONPATH} /usr/bin/cmake --build /home/ljoy/Robomaster/PIONEER/new_rv/build/armor_detector -- -j32 -l32
[16.245s] Invoking command in '/home/ljoy/Robomaster/PIONEER/new_rv/build/armor_detector': AMENT_PREFIX_PATH=/home/ljoy/Robomaster/PIONEER/new_rv/install/rm_tools:/home/ljoy/Robomaster/PIONEER/new_rv/install/auto_aim_interfaces:${AMENT_PREFIX_PATH} CMAKE_PREFIX_PATH=/home/ljoy/Robomaster/PIONEER/new_rv/install/rm_tools:/home/ljoy/Robomaster/PIONEER/new_rv/install/auto_aim_interfaces:/opt/ros/humble LD_LIBRARY_PATH=/home/ljoy/Robomaster/PIONEER/new_rv/install/rm_tools/lib:/home/ljoy/Robomaster/PIONEER/new_rv/install/auto_aim_interfaces/lib:/opt/ros/humble/opt/rviz_ogre_vendor/lib:/opt/ros/humble/lib/x86_64-linux-gnu:/opt/ros/humble/lib:/opt/MVS/lib/64:/opt/MVS/lib/32:/opt/MVS/lib/64:/opt/MVS/lib/64 PYTHONPATH=/home/ljoy/Robomaster/PIONEER/new_rv/install/auto_aim_interfaces/local/lib/python3.10/dist-packages:${PYTHONPATH} /usr/bin/cmake --install /home/ljoy/Robomaster/PIONEER/new_rv/build/armor_detector
[16.246s] -- Install configuration: ""
[16.246s] -- Installing: /home/ljoy/Robomaster/PIONEER/new_rv/install/armor_detector/lib/armor_detector/armor_detector_node
[16.247s] -- Set non-toolchain portion of runtime path of "/home/ljoy/Robomaster/PIONEER/new_rv/install/armor_detector/lib/armor_detector/armor_detector_node" to ""
[16.247s] -- Installing: /home/ljoy/Robomaster/PIONEER/new_rv/install/armor_detector/include
[16.247s] -- Installing: /home/ljoy/Robomaster/PIONEER/new_rv/install/armor_detector/include/armor_detector
[16.247s] -- Installing: /home/ljoy/Robomaster/PIONEER/new_rv/install/armor_detector/include/armor_detector/armor_pose_estimator.hpp
[16.247s] -- Installing: /home/ljoy/Robomaster/PIONEER/new_rv/install/armor_detector/include/armor_detector/detector_node.hpp
[16.247s] -- Installing: /home/ljoy/Robomaster/PIONEER/new_rv/install/armor_detector/include/armor_detector/thread_safe_quene.hpp
[16.248s] -- Installing: /home/ljoy/Robomaster/PIONEER/new_rv/install/armor_detector/include/armor_detector/detector.hpp
[16.248s] -- Installing: /home/ljoy/Robomaster/PIONEER/new_rv/install/armor_detector/include/armor_detector/graph_optimizer.hpp
[16.248s] -- Installing: /home/ljoy/Robomaster/PIONEER/new_rv/install/armor_detector/include/armor_detector/armor.hpp
[16.248s] -- Installing: /home/ljoy/Robomaster/PIONEER/new_rv/install/armor_detector/include/armor_detector/ba_solver.hpp
[16.248s] -- Installing: /home/ljoy/Robomaster/PIONEER/new_rv/install/armor_detector/share/armor_detector/environment/library_path.sh
[16.248s] -- Installing: /home/ljoy/Robomaster/PIONEER/new_rv/install/armor_detector/share/armor_detector/environment/library_path.dsv
[16.248s] -- Installing: /home/ljoy/Robomaster/PIONEER/new_rv/install/armor_detector/lib/libarmor_detector.so
[16.275s] -- Set non-toolchain portion of runtime path of "/home/ljoy/Robomaster/PIONEER/new_rv/install/armor_detector/lib/libarmor_detector.so" to ""
[16.275s] -- Installing: /home/ljoy/Robomaster/PIONEER/new_rv/install/armor_detector/share/armor_detector/models
[16.275s] -- Installing: /home/ljoy/Robomaster/PIONEER/new_rv/install/armor_detector/share/armor_detector/models/yolov5.xml
[16.276s] -- Installing: /home/ljoy/Robomaster/PIONEER/new_rv/install/armor_detector/share/armor_detector/models/0708.onnx
[16.283s] -- Installing: /home/ljoy/Robomaster/PIONEER/new_rv/install/armor_detector/share/armor_detector/models/yolov5.bin
[16.288s] -- Installing: /home/ljoy/Robomaster/PIONEER/new_rv/install/armor_detector/share/armor_detector/models/0526.onnx
[16.292s] -- Installing: /home/ljoy/Robomaster/PIONEER/new_rv/install/armor_detector/share/ament_index/resource_index/package_run_dependencies/armor_detector
[16.293s] -- Installing: /home/ljoy/Robomaster/PIONEER/new_rv/install/armor_detector/share/ament_index/resource_index/parent_prefix_path/armor_detector
[16.293s] -- Installing: /home/ljoy/Robomaster/PIONEER/new_rv/install/armor_detector/share/armor_detector/environment/ament_prefix_path.sh
[16.293s] -- Installing: /home/ljoy/Robomaster/PIONEER/new_rv/install/armor_detector/share/armor_detector/environment/ament_prefix_path.dsv
[16.293s] -- Installing: /home/ljoy/Robomaster/PIONEER/new_rv/install/armor_detector/share/armor_detector/environment/path.sh
[16.293s] -- Installing: /home/ljoy/Robomaster/PIONEER/new_rv/install/armor_detector/share/armor_detector/environment/path.dsv
[16.293s] -- Installing: /home/ljoy/Robomaster/PIONEER/new_rv/install/armor_detector/share/armor_detector/local_setup.bash
[16.293s] -- Installing: /home/ljoy/Robomaster/PIONEER/new_rv/install/armor_detector/share/armor_detector/local_setup.sh
[16.294s] -- Installing: /home/ljoy/Robomaster/PIONEER/new_rv/install/armor_detector/share/armor_detector/local_setup.zsh
[16.294s] -- Installing: /home/ljoy/Robomaster/PIONEER/new_rv/install/armor_detector/share/armor_detector/local_setup.dsv
[16.294s] -- Installing: /home/ljoy/Robomaster/PIONEER/new_rv/install/armor_detector/share/armor_detector/package.dsv
[16.294s] -- Installing: /home/ljoy/Robomaster/PIONEER/new_rv/install/armor_detector/share/ament_index/resource_index/packages/armor_detector
[16.294s] -- Installing: /home/ljoy/Robomaster/PIONEER/new_rv/install/armor_detector/share/ament_index/resource_index/rclcpp_components/armor_detector
[16.294s] -- Installing: /home/ljoy/Robomaster/PIONEER/new_rv/install/armor_detector/share/armor_detector/cmake/ament_cmake_export_dependencies-extras.cmake
[16.294s] -- Installing: /home/ljoy/Robomaster/PIONEER/new_rv/install/armor_detector/share/armor_detector/cmake/ament_cmake_export_include_directories-extras.cmake
[16.295s] -- Installing: /home/ljoy/Robomaster/PIONEER/new_rv/install/armor_detector/share/armor_detector/cmake/ament_cmake_export_libraries-extras.cmake
[16.295s] -- Installing: /home/ljoy/Robomaster/PIONEER/new_rv/install/armor_detector/share/armor_detector/cmake/armor_detectorConfig.cmake
[16.295s] -- Installing: /home/ljoy/Robomaster/PIONEER/new_rv/install/armor_detector/share/armor_detector/cmake/armor_detectorConfig-version.cmake
[16.295s] -- Installing: /home/ljoy/Robomaster/PIONEER/new_rv/install/armor_detector/share/armor_detector/package.xml
[16.296s] Invoked command in '/home/ljoy/Robomaster/PIONEER/new_rv/build/armor_detector' returned '0': AMENT_PREFIX_PATH=/home/ljoy/Robomaster/PIONEER/new_rv/install/rm_tools:/home/ljoy/Robomaster/PIONEER/new_rv/install/auto_aim_interfaces:${AMENT_PREFIX_PATH} CMAKE_PREFIX_PATH=/home/ljoy/Robomaster/PIONEER/new_rv/install/rm_tools:/home/ljoy/Robomaster/PIONEER/new_rv/install/auto_aim_interfaces:/opt/ros/humble LD_LIBRARY_PATH=/home/ljoy/Robomaster/PIONEER/new_rv/install/rm_tools/lib:/home/ljoy/Robomaster/PIONEER/new_rv/install/auto_aim_interfaces/lib:/opt/ros/humble/opt/rviz_ogre_vendor/lib:/opt/ros/humble/lib/x86_64-linux-gnu:/opt/ros/humble/lib:/opt/MVS/lib/64:/opt/MVS/lib/32:/opt/MVS/lib/64:/opt/MVS/lib/64 PYTHONPATH=/home/ljoy/Robomaster/PIONEER/new_rv/install/auto_aim_interfaces/local/lib/python3.10/dist-packages:${PYTHONPATH} /usr/bin/cmake --install /home/ljoy/Robomaster/PIONEER/new_rv/build/armor_detector
