[100%] Built target rm_tools
-- Install configuration: ""
-- Up-to-date: /home/ljoy/Robomaster/PIONEER/new_rv/install/rm_tools/include
-- Up-to-date: /home/ljoy/Robomaster/PIONEER/new_rv/install/rm_tools/include/rm_tools
-- Up-to-date: /home/ljoy/Robomaster/PIONEER/new_rv/install/rm_tools/include/rm_tools/pnp_solver.hpp
-- Up-to-date: /home/ljoy/Robomaster/PIONEER/new_rv/install/rm_tools/include/rm_tools/manual_compensator.hpp
-- Up-to-date: /home/ljoy/Robomaster/PIONEER/new_rv/install/rm_tools/include/rm_tools/math.hpp
-- Up-to-date: /home/ljoy/Robomaster/PIONEER/new_rv/install/rm_tools/include/rm_tools/extended_kalman_filter.hpp
-- Up-to-date: /home/ljoy/Robomaster/PIONEER/new_rv/install/rm_tools/include/rm_tools/trajectory_compensator.hpp
-- Up-to-date: /home/ljoy/Robomaster/PIONEER/new_rv/install/rm_tools/lib/librm_tools.so
-- Up-to-date: /home/ljoy/Robomaster/PIONEER/new_rv/install/rm_tools/share/rm_tools/environment/library_path.sh
-- Up-to-date: /home/ljoy/Robomaster/PIONEER/new_rv/install/rm_tools/share/rm_tools/environment/library_path.dsv
-- Up-to-date: /home/ljoy/Robomaster/PIONEER/new_rv/install/rm_tools/share/ament_index/resource_index/package_run_dependencies/rm_tools
-- Up-to-date: /home/ljoy/Robomaster/PIONEER/new_rv/install/rm_tools/share/ament_index/resource_index/parent_prefix_path/rm_tools
-- Up-to-date: /home/ljoy/Robomaster/PIONEER/new_rv/install/rm_tools/share/rm_tools/environment/ament_prefix_path.sh
-- Up-to-date: /home/ljoy/Robomaster/PIONEER/new_rv/install/rm_tools/share/rm_tools/environment/ament_prefix_path.dsv
-- Up-to-date: /home/ljoy/Robomaster/PIONEER/new_rv/install/rm_tools/share/rm_tools/environment/path.sh
-- Up-to-date: /home/ljoy/Robomaster/PIONEER/new_rv/install/rm_tools/share/rm_tools/environment/path.dsv
-- Up-to-date: /home/ljoy/Robomaster/PIONEER/new_rv/install/rm_tools/share/rm_tools/local_setup.bash
-- Up-to-date: /home/ljoy/Robomaster/PIONEER/new_rv/install/rm_tools/share/rm_tools/local_setup.sh
-- Up-to-date: /home/ljoy/Robomaster/PIONEER/new_rv/install/rm_tools/share/rm_tools/local_setup.zsh
-- Up-to-date: /home/ljoy/Robomaster/PIONEER/new_rv/install/rm_tools/share/rm_tools/local_setup.dsv
-- Installing: /home/ljoy/Robomaster/PIONEER/new_rv/install/rm_tools/share/rm_tools/package.dsv
-- Up-to-date: /home/ljoy/Robomaster/PIONEER/new_rv/install/rm_tools/share/ament_index/resource_index/packages/rm_tools
-- Up-to-date: /home/ljoy/Robomaster/PIONEER/new_rv/install/rm_tools/share/rm_tools/cmake/rm_toolsExport.cmake
-- Up-to-date: /home/ljoy/Robomaster/PIONEER/new_rv/install/rm_tools/share/rm_tools/cmake/rm_toolsExport-noconfig.cmake
-- Up-to-date: /home/ljoy/Robomaster/PIONEER/new_rv/install/rm_tools/share/rm_tools/cmake/ament_cmake_export_targets-extras.cmake
-- Up-to-date: /home/ljoy/Robomaster/PIONEER/new_rv/install/rm_tools/share/rm_tools/cmake/ament_cmake_export_dependencies-extras.cmake
-- Up-to-date: /home/ljoy/Robomaster/PIONEER/new_rv/install/rm_tools/share/rm_tools/cmake/rm_toolsConfig.cmake
-- Up-to-date: /home/ljoy/Robomaster/PIONEER/new_rv/install/rm_tools/share/rm_tools/cmake/rm_toolsConfig-version.cmake
-- Up-to-date: /home/ljoy/Robomaster/PIONEER/new_rv/install/rm_tools/share/rm_tools/package.xml
