[0.008s] Invoking command in '/home/ljoy/Robomaster/PIONEER/new_rv/build/rm_planner': AMENT_PREFIX_PATH=/home/ljoy/Robomaster/PIONEER/new_rv/install/rm_tools:/home/ljoy/Robomaster/PIONEER/new_rv/install/auto_aim_interfaces:${AMENT_PREFIX_PATH} CMAKE_PREFIX_PATH=/home/ljoy/Robomaster/PIONEER/new_rv/install/rm_tools:/home/ljoy/Robomaster/PIONEER/new_rv/install/auto_aim_interfaces:/opt/ros/humble LD_LIBRARY_PATH=/home/ljoy/Robomaster/PIONEER/new_rv/install/rm_tools/lib:/home/ljoy/Robomaster/PIONEER/new_rv/install/auto_aim_interfaces/lib:/opt/ros/humble/opt/rviz_ogre_vendor/lib:/opt/ros/humble/lib/x86_64-linux-gnu:/opt/ros/humble/lib:/opt/MVS/lib/64:/opt/MVS/lib/32:/opt/MVS/lib/64:/opt/MVS/lib/64 PYTHONPATH=/home/ljoy/Robomaster/PIONEER/new_rv/install/auto_aim_interfaces/local/lib/python3.10/dist-packages:${PYTHONPATH} /usr/bin/cmake --build /home/ljoy/Robomaster/PIONEER/new_rv/build/rm_planner -- -j32 -l32
[0.026s] [ 33%] Built target rm_planner_node
[0.032s] [100%] Built target rm_planner
[0.035s] Invoked command in '/home/ljoy/Robomaster/PIONEER/new_rv/build/rm_planner' returned '0': AMENT_PREFIX_PATH=/home/ljoy/Robomaster/PIONEER/new_rv/install/rm_tools:/home/ljoy/Robomaster/PIONEER/new_rv/install/auto_aim_interfaces:${AMENT_PREFIX_PATH} CMAKE_PREFIX_PATH=/home/ljoy/Robomaster/PIONEER/new_rv/install/rm_tools:/home/ljoy/Robomaster/PIONEER/new_rv/install/auto_aim_interfaces:/opt/ros/humble LD_LIBRARY_PATH=/home/ljoy/Robomaster/PIONEER/new_rv/install/rm_tools/lib:/home/ljoy/Robomaster/PIONEER/new_rv/install/auto_aim_interfaces/lib:/opt/ros/humble/opt/rviz_ogre_vendor/lib:/opt/ros/humble/lib/x86_64-linux-gnu:/opt/ros/humble/lib:/opt/MVS/lib/64:/opt/MVS/lib/32:/opt/MVS/lib/64:/opt/MVS/lib/64 PYTHONPATH=/home/ljoy/Robomaster/PIONEER/new_rv/install/auto_aim_interfaces/local/lib/python3.10/dist-packages:${PYTHONPATH} /usr/bin/cmake --build /home/ljoy/Robomaster/PIONEER/new_rv/build/rm_planner -- -j32 -l32
[0.055s] Invoking command in '/home/ljoy/Robomaster/PIONEER/new_rv/build/rm_planner': AMENT_PREFIX_PATH=/home/ljoy/Robomaster/PIONEER/new_rv/install/rm_tools:/home/ljoy/Robomaster/PIONEER/new_rv/install/auto_aim_interfaces:${AMENT_PREFIX_PATH} CMAKE_PREFIX_PATH=/home/ljoy/Robomaster/PIONEER/new_rv/install/rm_tools:/home/ljoy/Robomaster/PIONEER/new_rv/install/auto_aim_interfaces:/opt/ros/humble LD_LIBRARY_PATH=/home/ljoy/Robomaster/PIONEER/new_rv/install/rm_tools/lib:/home/ljoy/Robomaster/PIONEER/new_rv/install/auto_aim_interfaces/lib:/opt/ros/humble/opt/rviz_ogre_vendor/lib:/opt/ros/humble/lib/x86_64-linux-gnu:/opt/ros/humble/lib:/opt/MVS/lib/64:/opt/MVS/lib/32:/opt/MVS/lib/64:/opt/MVS/lib/64 PYTHONPATH=/home/ljoy/Robomaster/PIONEER/new_rv/install/auto_aim_interfaces/local/lib/python3.10/dist-packages:${PYTHONPATH} /usr/bin/cmake --install /home/ljoy/Robomaster/PIONEER/new_rv/build/rm_planner
[0.056s] -- Install configuration: ""
[0.056s] -- Up-to-date: /home/ljoy/Robomaster/PIONEER/new_rv/install/rm_planner/lib/rm_planner/rm_planner_node
[0.056s] -- Up-to-date: /home/ljoy/Robomaster/PIONEER/new_rv/install/rm_planner/include
[0.056s] -- Up-to-date: /home/ljoy/Robomaster/PIONEER/new_rv/install/rm_planner/include/rm_planner
[0.056s] -- Up-to-date: /home/ljoy/Robomaster/PIONEER/new_rv/install/rm_planner/include/rm_planner/target.hpp
[0.056s] -- Up-to-date: /home/ljoy/Robomaster/PIONEER/new_rv/install/rm_planner/include/rm_planner/rm_planner.hpp
[0.056s] -- Up-to-date: /home/ljoy/Robomaster/PIONEER/new_rv/install/rm_planner/include/rm_planner/rm_planner_node.hpp
[0.056s] -- Up-to-date: /home/ljoy/Robomaster/PIONEER/new_rv/install/rm_planner/include/rm_planner/tinympc
[0.056s] -- Up-to-date: /home/ljoy/Robomaster/PIONEER/new_rv/install/rm_planner/include/rm_planner/tinympc/admm.hpp
[0.056s] -- Up-to-date: /home/ljoy/Robomaster/PIONEER/new_rv/install/rm_planner/include/rm_planner/tinympc/rho_benchmark.hpp
[0.056s] -- Up-to-date: /home/ljoy/Robomaster/PIONEER/new_rv/install/rm_planner/include/rm_planner/tinympc/CMakeLists.txt
[0.056s] -- Up-to-date: /home/ljoy/Robomaster/PIONEER/new_rv/install/rm_planner/include/rm_planner/tinympc/admm.cpp
[0.056s] -- Up-to-date: /home/ljoy/Robomaster/PIONEER/new_rv/install/rm_planner/include/rm_planner/tinympc/tiny_api_constants.hpp
[0.057s] -- Up-to-date: /home/ljoy/Robomaster/PIONEER/new_rv/install/rm_planner/include/rm_planner/tinympc/tiny_api.cpp
[0.057s] -- Up-to-date: /home/ljoy/Robomaster/PIONEER/new_rv/install/rm_planner/include/rm_planner/tinympc/codegen.cpp
[0.057s] -- Up-to-date: /home/ljoy/Robomaster/PIONEER/new_rv/install/rm_planner/include/rm_planner/tinympc/codegen.hpp
[0.057s] -- Up-to-date: /home/ljoy/Robomaster/PIONEER/new_rv/install/rm_planner/include/rm_planner/tinympc/error.hpp
[0.057s] -- Up-to-date: /home/ljoy/Robomaster/PIONEER/new_rv/install/rm_planner/include/rm_planner/tinympc/tiny_api.hpp
[0.057s] -- Up-to-date: /home/ljoy/Robomaster/PIONEER/new_rv/install/rm_planner/include/rm_planner/tinympc/types.hpp
[0.057s] -- Up-to-date: /home/ljoy/Robomaster/PIONEER/new_rv/install/rm_planner/include/rm_planner/tinympc/rho_benchmark.cpp
[0.057s] -- Up-to-date: /home/ljoy/Robomaster/PIONEER/new_rv/install/rm_planner/share/rm_planner/environment/library_path.sh
[0.057s] -- Up-to-date: /home/ljoy/Robomaster/PIONEER/new_rv/install/rm_planner/share/rm_planner/environment/library_path.dsv
[0.057s] -- Up-to-date: /home/ljoy/Robomaster/PIONEER/new_rv/install/rm_planner/lib/librm_planner.so
[0.057s] -- Up-to-date: /home/ljoy/Robomaster/PIONEER/new_rv/install/rm_planner/share/ament_index/resource_index/package_run_dependencies/rm_planner
[0.057s] -- Up-to-date: /home/ljoy/Robomaster/PIONEER/new_rv/install/rm_planner/share/ament_index/resource_index/parent_prefix_path/rm_planner
[0.057s] -- Up-to-date: /home/ljoy/Robomaster/PIONEER/new_rv/install/rm_planner/share/rm_planner/environment/ament_prefix_path.sh
[0.057s] -- Up-to-date: /home/ljoy/Robomaster/PIONEER/new_rv/install/rm_planner/share/rm_planner/environment/ament_prefix_path.dsv
[0.057s] -- Up-to-date: /home/ljoy/Robomaster/PIONEER/new_rv/install/rm_planner/share/rm_planner/environment/path.sh
[0.057s] -- Up-to-date: /home/ljoy/Robomaster/PIONEER/new_rv/install/rm_planner/share/rm_planner/environment/path.dsv
[0.058s] -- Up-to-date: /home/ljoy/Robomaster/PIONEER/new_rv/install/rm_planner/share/rm_planner/local_setup.bash
[0.058s] -- Up-to-date: /home/ljoy/Robomaster/PIONEER/new_rv/install/rm_planner/share/rm_planner/local_setup.sh
[0.058s] -- Up-to-date: /home/ljoy/Robomaster/PIONEER/new_rv/install/rm_planner/share/rm_planner/local_setup.zsh
[0.058s] -- Up-to-date: /home/ljoy/Robomaster/PIONEER/new_rv/install/rm_planner/share/rm_planner/local_setup.dsv
[0.058s] -- Installing: /home/ljoy/Robomaster/PIONEER/new_rv/install/rm_planner/share/rm_planner/package.dsv
[0.058s] -- Up-to-date: /home/ljoy/Robomaster/PIONEER/new_rv/install/rm_planner/share/ament_index/resource_index/packages/rm_planner
[0.058s] -- Up-to-date: /home/ljoy/Robomaster/PIONEER/new_rv/install/rm_planner/share/ament_index/resource_index/rclcpp_components/rm_planner
[0.058s] -- Up-to-date: /home/ljoy/Robomaster/PIONEER/new_rv/install/rm_planner/share/rm_planner/cmake/ament_cmake_export_dependencies-extras.cmake
[0.058s] -- Up-to-date: /home/ljoy/Robomaster/PIONEER/new_rv/install/rm_planner/share/rm_planner/cmake/ament_cmake_export_include_directories-extras.cmake
[0.058s] -- Up-to-date: /home/ljoy/Robomaster/PIONEER/new_rv/install/rm_planner/share/rm_planner/cmake/ament_cmake_export_libraries-extras.cmake
[0.058s] -- Up-to-date: /home/ljoy/Robomaster/PIONEER/new_rv/install/rm_planner/share/rm_planner/cmake/rm_plannerConfig.cmake
[0.058s] -- Up-to-date: /home/ljoy/Robomaster/PIONEER/new_rv/install/rm_planner/share/rm_planner/cmake/rm_plannerConfig-version.cmake
[0.058s] -- Up-to-date: /home/ljoy/Robomaster/PIONEER/new_rv/install/rm_planner/share/rm_planner/package.xml
[0.066s] Invoked command in '/home/ljoy/Robomaster/PIONEER/new_rv/build/rm_planner' returned '0': AMENT_PREFIX_PATH=/home/ljoy/Robomaster/PIONEER/new_rv/install/rm_tools:/home/ljoy/Robomaster/PIONEER/new_rv/install/auto_aim_interfaces:${AMENT_PREFIX_PATH} CMAKE_PREFIX_PATH=/home/ljoy/Robomaster/PIONEER/new_rv/install/rm_tools:/home/ljoy/Robomaster/PIONEER/new_rv/install/auto_aim_interfaces:/opt/ros/humble LD_LIBRARY_PATH=/home/ljoy/Robomaster/PIONEER/new_rv/install/rm_tools/lib:/home/ljoy/Robomaster/PIONEER/new_rv/install/auto_aim_interfaces/lib:/opt/ros/humble/opt/rviz_ogre_vendor/lib:/opt/ros/humble/lib/x86_64-linux-gnu:/opt/ros/humble/lib:/opt/MVS/lib/64:/opt/MVS/lib/32:/opt/MVS/lib/64:/opt/MVS/lib/64 PYTHONPATH=/home/ljoy/Robomaster/PIONEER/new_rv/install/auto_aim_interfaces/local/lib/python3.10/dist-packages:${PYTHONPATH} /usr/bin/cmake --install /home/ljoy/Robomaster/PIONEER/new_rv/build/rm_planner
