[0.010s] Invoking command in '/home/ljoy/Robomaster/PIONEER/new_rv/build/armor_tracker': CMAKE_PREFIX_PATH=/home/ljoy/Robomaster/PIONEER/new_rv/install/rm_tools:/home/ljoy/Robomaster/PIONEER/new_rv/install/auto_aim_interfaces:/home/ljoy/Robomaster/PIONEER/new_rv/install/rm_vision_bringup:/home/ljoy/Robomaster/PIONEER/new_rv/install/rm_planner:/home/ljoy/Robomaster/PIONEER/new_rv/install/armor_tracker:/home/ljoy/Robomaster/PIONEER/new_rv/install/armor_detector:/home/ljoy/Robomaster/PIONEER/new_rv/install/rm_serial_driver:/home/ljoy/Robomaster/PIONEER/new_rv/install/rm_gimbal_description:/home/ljoy/Robomaster/PIONEER/new_rv/install/hik_camera:/opt/ros/humble LD_LIBRARY_PATH=/home/ljoy/Robomaster/PIONEER/new_rv/install/rm_tools/lib:/home/ljoy/Robomaster/PIONEER/new_rv/install/auto_aim_interfaces/lib:/home/ljoy/Robomaster/PIONEER/new_rv/install/rm_planner/lib:/home/ljoy/Robomaster/PIONEER/new_rv/install/armor_tracker/lib:/home/ljoy/Robomaster/PIONEER/new_rv/install/armor_detector/lib:/home/ljoy/Robomaster/PIONEER/new_rv/install/rm_serial_driver/lib:/home/ljoy/Robomaster/PIONEER/new_rv/install/hik_camera/lib:/opt/ros/humble/opt/rviz_ogre_vendor/lib:/opt/ros/humble/lib/x86_64-linux-gnu:/opt/ros/humble/lib:/opt/MVS/lib/64:/opt/MVS/lib/32:/opt/MVS/lib/64:/opt/MVS/lib/64 /usr/bin/cmake --build /home/ljoy/Robomaster/PIONEER/new_rv/build/armor_tracker -- -j32 -l32
[0.028s] [ 40%] Built target armor_tracker_node
[0.033s] [100%] Built target armor_tracker
[0.036s] Invoked command in '/home/ljoy/Robomaster/PIONEER/new_rv/build/armor_tracker' returned '0': CMAKE_PREFIX_PATH=/home/ljoy/Robomaster/PIONEER/new_rv/install/rm_tools:/home/ljoy/Robomaster/PIONEER/new_rv/install/auto_aim_interfaces:/home/ljoy/Robomaster/PIONEER/new_rv/install/rm_vision_bringup:/home/ljoy/Robomaster/PIONEER/new_rv/install/rm_planner:/home/ljoy/Robomaster/PIONEER/new_rv/install/armor_tracker:/home/ljoy/Robomaster/PIONEER/new_rv/install/armor_detector:/home/ljoy/Robomaster/PIONEER/new_rv/install/rm_serial_driver:/home/ljoy/Robomaster/PIONEER/new_rv/install/rm_gimbal_description:/home/ljoy/Robomaster/PIONEER/new_rv/install/hik_camera:/opt/ros/humble LD_LIBRARY_PATH=/home/ljoy/Robomaster/PIONEER/new_rv/install/rm_tools/lib:/home/ljoy/Robomaster/PIONEER/new_rv/install/auto_aim_interfaces/lib:/home/ljoy/Robomaster/PIONEER/new_rv/install/rm_planner/lib:/home/ljoy/Robomaster/PIONEER/new_rv/install/armor_tracker/lib:/home/ljoy/Robomaster/PIONEER/new_rv/install/armor_detector/lib:/home/ljoy/Robomaster/PIONEER/new_rv/install/rm_serial_driver/lib:/home/ljoy/Robomaster/PIONEER/new_rv/install/hik_camera/lib:/opt/ros/humble/opt/rviz_ogre_vendor/lib:/opt/ros/humble/lib/x86_64-linux-gnu:/opt/ros/humble/lib:/opt/MVS/lib/64:/opt/MVS/lib/32:/opt/MVS/lib/64:/opt/MVS/lib/64 /usr/bin/cmake --build /home/ljoy/Robomaster/PIONEER/new_rv/build/armor_tracker -- -j32 -l32
[0.057s] Invoking command in '/home/ljoy/Robomaster/PIONEER/new_rv/build/armor_tracker': CMAKE_PREFIX_PATH=/home/ljoy/Robomaster/PIONEER/new_rv/install/rm_tools:/home/ljoy/Robomaster/PIONEER/new_rv/install/auto_aim_interfaces:/home/ljoy/Robomaster/PIONEER/new_rv/install/rm_vision_bringup:/home/ljoy/Robomaster/PIONEER/new_rv/install/rm_planner:/home/ljoy/Robomaster/PIONEER/new_rv/install/armor_tracker:/home/ljoy/Robomaster/PIONEER/new_rv/install/armor_detector:/home/ljoy/Robomaster/PIONEER/new_rv/install/rm_serial_driver:/home/ljoy/Robomaster/PIONEER/new_rv/install/rm_gimbal_description:/home/ljoy/Robomaster/PIONEER/new_rv/install/hik_camera:/opt/ros/humble LD_LIBRARY_PATH=/home/ljoy/Robomaster/PIONEER/new_rv/install/rm_tools/lib:/home/ljoy/Robomaster/PIONEER/new_rv/install/auto_aim_interfaces/lib:/home/ljoy/Robomaster/PIONEER/new_rv/install/rm_planner/lib:/home/ljoy/Robomaster/PIONEER/new_rv/install/armor_tracker/lib:/home/ljoy/Robomaster/PIONEER/new_rv/install/armor_detector/lib:/home/ljoy/Robomaster/PIONEER/new_rv/install/rm_serial_driver/lib:/home/ljoy/Robomaster/PIONEER/new_rv/install/hik_camera/lib:/opt/ros/humble/opt/rviz_ogre_vendor/lib:/opt/ros/humble/lib/x86_64-linux-gnu:/opt/ros/humble/lib:/opt/MVS/lib/64:/opt/MVS/lib/32:/opt/MVS/lib/64:/opt/MVS/lib/64 /usr/bin/cmake --install /home/ljoy/Robomaster/PIONEER/new_rv/build/armor_tracker
[0.059s] -- Install configuration: ""
[0.059s] -- Up-to-date: /home/ljoy/Robomaster/PIONEER/new_rv/install/armor_tracker/lib/armor_tracker/armor_tracker_node
[0.059s] -- Up-to-date: /home/ljoy/Robomaster/PIONEER/new_rv/install/armor_tracker/include
[0.059s] -- Up-to-date: /home/ljoy/Robomaster/PIONEER/new_rv/install/armor_tracker/include/armor_tracker
[0.059s] -- Up-to-date: /home/ljoy/Robomaster/PIONEER/new_rv/install/armor_tracker/include/armor_tracker/tracker_node.hpp
[0.059s] -- Up-to-date: /home/ljoy/Robomaster/PIONEER/new_rv/install/armor_tracker/include/armor_tracker/tracker.hpp
[0.059s] -- Up-to-date: /home/ljoy/Robomaster/PIONEER/new_rv/install/armor_tracker/share/armor_tracker/environment/library_path.sh
[0.059s] -- Up-to-date: /home/ljoy/Robomaster/PIONEER/new_rv/install/armor_tracker/share/armor_tracker/environment/library_path.dsv
[0.059s] -- Up-to-date: /home/ljoy/Robomaster/PIONEER/new_rv/install/armor_tracker/lib/libarmor_tracker.so
[0.059s] -- Up-to-date: /home/ljoy/Robomaster/PIONEER/new_rv/install/armor_tracker/share/ament_index/resource_index/package_run_dependencies/armor_tracker
[0.059s] -- Up-to-date: /home/ljoy/Robomaster/PIONEER/new_rv/install/armor_tracker/share/ament_index/resource_index/parent_prefix_path/armor_tracker
[0.059s] -- Up-to-date: /home/ljoy/Robomaster/PIONEER/new_rv/install/armor_tracker/share/armor_tracker/environment/ament_prefix_path.sh
[0.060s] -- Up-to-date: /home/ljoy/Robomaster/PIONEER/new_rv/install/armor_tracker/share/armor_tracker/environment/ament_prefix_path.dsv
[0.060s] -- Up-to-date: /home/ljoy/Robomaster/PIONEER/new_rv/install/armor_tracker/share/armor_tracker/environment/path.sh
[0.060s] -- Up-to-date: /home/ljoy/Robomaster/PIONEER/new_rv/install/armor_tracker/share/armor_tracker/environment/path.dsv
[0.060s] -- Up-to-date: /home/ljoy/Robomaster/PIONEER/new_rv/install/armor_tracker/share/armor_tracker/local_setup.bash
[0.060s] -- Up-to-date: /home/ljoy/Robomaster/PIONEER/new_rv/install/armor_tracker/share/armor_tracker/local_setup.sh
[0.060s] -- Up-to-date: /home/ljoy/Robomaster/PIONEER/new_rv/install/armor_tracker/share/armor_tracker/local_setup.zsh
[0.060s] -- Up-to-date: /home/ljoy/Robomaster/PIONEER/new_rv/install/armor_tracker/share/armor_tracker/local_setup.dsv
[0.060s] -- Installing: /home/ljoy/Robomaster/PIONEER/new_rv/install/armor_tracker/share/armor_tracker/package.dsv
[0.060s] -- Up-to-date: /home/ljoy/Robomaster/PIONEER/new_rv/install/armor_tracker/share/ament_index/resource_index/packages/armor_tracker
[0.061s] -- Up-to-date: /home/ljoy/Robomaster/PIONEER/new_rv/install/armor_tracker/share/ament_index/resource_index/rclcpp_components/armor_tracker
[0.061s] -- Up-to-date: /home/ljoy/Robomaster/PIONEER/new_rv/install/armor_tracker/share/armor_tracker/cmake/ament_cmake_export_dependencies-extras.cmake
[0.061s] -- Up-to-date: /home/ljoy/Robomaster/PIONEER/new_rv/install/armor_tracker/share/armor_tracker/cmake/ament_cmake_export_include_directories-extras.cmake
[0.061s] -- Up-to-date: /home/ljoy/Robomaster/PIONEER/new_rv/install/armor_tracker/share/armor_tracker/cmake/ament_cmake_export_libraries-extras.cmake
[0.061s] -- Up-to-date: /home/ljoy/Robomaster/PIONEER/new_rv/install/armor_tracker/share/armor_tracker/cmake/armor_trackerConfig.cmake
[0.061s] -- Up-to-date: /home/ljoy/Robomaster/PIONEER/new_rv/install/armor_tracker/share/armor_tracker/cmake/armor_trackerConfig-version.cmake
[0.061s] -- Up-to-date: /home/ljoy/Robomaster/PIONEER/new_rv/install/armor_tracker/share/armor_tracker/package.xml
[0.063s] Invoked command in '/home/ljoy/Robomaster/PIONEER/new_rv/build/armor_tracker' returned '0': CMAKE_PREFIX_PATH=/home/ljoy/Robomaster/PIONEER/new_rv/install/rm_tools:/home/ljoy/Robomaster/PIONEER/new_rv/install/auto_aim_interfaces:/home/ljoy/Robomaster/PIONEER/new_rv/install/rm_vision_bringup:/home/ljoy/Robomaster/PIONEER/new_rv/install/rm_planner:/home/ljoy/Robomaster/PIONEER/new_rv/install/armor_tracker:/home/ljoy/Robomaster/PIONEER/new_rv/install/armor_detector:/home/ljoy/Robomaster/PIONEER/new_rv/install/rm_serial_driver:/home/ljoy/Robomaster/PIONEER/new_rv/install/rm_gimbal_description:/home/ljoy/Robomaster/PIONEER/new_rv/install/hik_camera:/opt/ros/humble LD_LIBRARY_PATH=/home/ljoy/Robomaster/PIONEER/new_rv/install/rm_tools/lib:/home/ljoy/Robomaster/PIONEER/new_rv/install/auto_aim_interfaces/lib:/home/ljoy/Robomaster/PIONEER/new_rv/install/rm_planner/lib:/home/ljoy/Robomaster/PIONEER/new_rv/install/armor_tracker/lib:/home/ljoy/Robomaster/PIONEER/new_rv/install/armor_detector/lib:/home/ljoy/Robomaster/PIONEER/new_rv/install/rm_serial_driver/lib:/home/ljoy/Robomaster/PIONEER/new_rv/install/hik_camera/lib:/opt/ros/humble/opt/rviz_ogre_vendor/lib:/opt/ros/humble/lib/x86_64-linux-gnu:/opt/ros/humble/lib:/opt/MVS/lib/64:/opt/MVS/lib/32:/opt/MVS/lib/64:/opt/MVS/lib/64 /usr/bin/cmake --install /home/ljoy/Robomaster/PIONEER/new_rv/build/armor_tracker
