[0.011s] Invoking command in '/home/ljoy/Robomaster/PIONEER/new_rv/build/rm_serial_driver': CMAKE_PREFIX_PATH=/home/ljoy/Robomaster/PIONEER/new_rv/install/auto_aim_interfaces:/home/ljoy/Robomaster/PIONEER/new_rv/install/rm_vision_bringup:/home/ljoy/Robomaster/PIONEER/new_rv/install/rm_planner:/home/ljoy/Robomaster/PIONEER/new_rv/install/armor_tracker:/home/ljoy/Robomaster/PIONEER/new_rv/install/armor_detector:/home/ljoy/Robomaster/PIONEER/new_rv/install/rm_tools:/home/ljoy/Robomaster/PIONEER/new_rv/install/rm_serial_driver:/home/ljoy/Robomaster/PIONEER/new_rv/install/rm_gimbal_description:/home/ljoy/Robomaster/PIONEER/new_rv/install/hik_camera:/opt/ros/humble LD_LIBRARY_PATH=/home/ljoy/Robomaster/PIONEER/new_rv/install/auto_aim_interfaces/lib:/home/ljoy/Robomaster/PIONEER/new_rv/install/rm_planner/lib:/home/ljoy/Robomaster/PIONEER/new_rv/install/armor_tracker/lib:/home/ljoy/Robomaster/PIONEER/new_rv/install/armor_detector/lib:/home/ljoy/Robomaster/PIONEER/new_rv/install/rm_tools/lib:/home/ljoy/Robomaster/PIONEER/new_rv/install/rm_serial_driver/lib:/home/ljoy/Robomaster/PIONEER/new_rv/install/hik_camera/lib:/opt/ros/humble/opt/rviz_ogre_vendor/lib:/opt/ros/humble/lib/x86_64-linux-gnu:/opt/ros/humble/lib:/opt/MVS/lib/64:/opt/MVS/lib/32:/opt/MVS/lib/64:/opt/MVS/lib/64 /usr/bin/cmake --build /home/ljoy/Robomaster/PIONEER/new_rv/build/rm_serial_driver -- -j32 -l32
[0.030s] [ 25%] Built target rm_serial_driver_node
[0.030s] [ 50%] Built target virtual_serial_node
[0.033s] [ 62%] [32mBuilding CXX object CMakeFiles/rm_serial_driver.dir/src/rm_serial_driver.cpp.o[0m
[2.018s] [01m[K/home/ljoy/Robomaster/PIONEER/new_rv/rm_serial_driver/src/rm_serial_driver.cpp:[m[K In member function ‘[01m[Kvoid rm_serial_driver::RMSerialDriver::sendArmorData(auto_aim_interfaces::msg::GimbalCmd_<std::allocator<void> >::ConstSharedPtr, auto_aim_interfaces::msg::TimeInfo_<std::allocator<void> >::ConstSharedPtr)[m[K’:
[2.018s] [01m[K/home/ljoy/Robomaster/PIONEER/new_rv/rm_serial_driver/src/rm_serial_driver.cpp:216:12:[m[K [01;31m[Kerror: [m[K‘[01m[Kstruct rm_serial_driver::SendPacket[m[K’ has no member named ‘[01m[Kfire[m[K’
[2.018s]   216 |     packet.[01;31m[Kfire[m[K = msg->fire;
[2.018s]       |            [01;31m[K^~~~[m[K
[2.018s] [01m[K/home/ljoy/Robomaster/PIONEER/new_rv/rm_serial_driver/src/rm_serial_driver.cpp:217:12:[m[K [01;31m[Kerror: [m[K‘[01m[Kstruct rm_serial_driver::SendPacket[m[K’ has no member named ‘[01m[Ktarget_yaw[m[K’
[2.018s]   217 |     packet.[01;31m[Ktarget_yaw[m[K = msg->target_yaw;
[2.018s]       |            [01;31m[K^~~~~~~~~~[m[K
[2.018s] [01m[K/home/ljoy/Robomaster/PIONEER/new_rv/rm_serial_driver/src/rm_serial_driver.cpp:218:12:[m[K [01;31m[Kerror: [m[K‘[01m[Kstruct rm_serial_driver::SendPacket[m[K’ has no member named ‘[01m[Ktarget_pitch[m[K’
[2.018s]   218 |     packet.[01;31m[Ktarget_pitch[m[K = msg->target_pitch;
[2.018s]       |            [01;31m[K^~~~~~~~~~~~[m[K
[2.018s] [01m[K/home/ljoy/Robomaster/PIONEER/new_rv/rm_serial_driver/src/rm_serial_driver.cpp:219:12:[m[K [01;31m[Kerror: [m[K‘[01m[Kstruct rm_serial_driver::SendPacket[m[K’ has no member named ‘[01m[Kyaw[m[K’
[2.018s]   219 |     packet.[01;31m[Kyaw[m[K = msg->yaw;
[2.018s]       |            [01;31m[K^~~[m[K
[2.018s] [01m[K/home/ljoy/Robomaster/PIONEER/new_rv/rm_serial_driver/src/rm_serial_driver.cpp:220:12:[m[K [01;31m[Kerror: [m[K‘[01m[Kstruct rm_serial_driver::SendPacket[m[K’ has no member named ‘[01m[Kyaw_vel[m[K’
[2.018s]   220 |     packet.[01;31m[Kyaw_vel[m[K = msg->yaw_vel;
[2.018s]       |            [01;31m[K^~~~~~~[m[K
[2.018s] [01m[K/home/ljoy/Robomaster/PIONEER/new_rv/rm_serial_driver/src/rm_serial_driver.cpp:221:12:[m[K [01;31m[Kerror: [m[K‘[01m[Kstruct rm_serial_driver::SendPacket[m[K’ has no member named ‘[01m[Kyaw_acc[m[K’
[2.018s]   221 |     packet.[01;31m[Kyaw_acc[m[K = msg->yaw_acc;
[2.018s]       |            [01;31m[K^~~~~~~[m[K
[2.018s] [01m[K/home/ljoy/Robomaster/PIONEER/new_rv/rm_serial_driver/src/rm_serial_driver.cpp:222:12:[m[K [01;31m[Kerror: [m[K‘[01m[Kstruct rm_serial_driver::SendPacket[m[K’ has no member named ‘[01m[Kpitch[m[K’
[2.018s]   222 |     packet.[01;31m[Kpitch[m[K = msg->pitch;
[2.018s]       |            [01;31m[K^~~~~[m[K
[2.018s] [01m[K/home/ljoy/Robomaster/PIONEER/new_rv/rm_serial_driver/src/rm_serial_driver.cpp:223:12:[m[K [01;31m[Kerror: [m[K‘[01m[Kstruct rm_serial_driver::SendPacket[m[K’ has no member named ‘[01m[Kpitch_vel[m[K’
[2.018s]   223 |     packet.[01;31m[Kpitch_vel[m[K = msg->pitch_vel;
[2.019s]       |            [01;31m[K^~~~~~~~~[m[K
[2.019s] [01m[K/home/ljoy/Robomaster/PIONEER/new_rv/rm_serial_driver/src/rm_serial_driver.cpp:224:12:[m[K [01;31m[Kerror: [m[K‘[01m[Kstruct rm_serial_driver::SendPacket[m[K’ has no member named ‘[01m[Kpitch_acc[m[K’
[2.019s]   224 |     packet.[01;31m[Kpitch_acc[m[K = msg->pitch_acc;
[2.019s]       |            [01;31m[K^~~~~~~~~[m[K
[4.487s] gmake[2]: *** [CMakeFiles/rm_serial_driver.dir/build.make:76：CMakeFiles/rm_serial_driver.dir/src/rm_serial_driver.cpp.o] 错误 1
[4.488s] gmake[1]: *** [CMakeFiles/Makefile2:141：CMakeFiles/rm_serial_driver.dir/all] 错误 2
[4.488s] gmake: *** [Makefile:146：all] 错误 2
[4.489s] Invoked command in '/home/ljoy/Robomaster/PIONEER/new_rv/build/rm_serial_driver' returned '2': CMAKE_PREFIX_PATH=/home/ljoy/Robomaster/PIONEER/new_rv/install/auto_aim_interfaces:/home/ljoy/Robomaster/PIONEER/new_rv/install/rm_vision_bringup:/home/ljoy/Robomaster/PIONEER/new_rv/install/rm_planner:/home/ljoy/Robomaster/PIONEER/new_rv/install/armor_tracker:/home/ljoy/Robomaster/PIONEER/new_rv/install/armor_detector:/home/ljoy/Robomaster/PIONEER/new_rv/install/rm_tools:/home/ljoy/Robomaster/PIONEER/new_rv/install/rm_serial_driver:/home/ljoy/Robomaster/PIONEER/new_rv/install/rm_gimbal_description:/home/ljoy/Robomaster/PIONEER/new_rv/install/hik_camera:/opt/ros/humble LD_LIBRARY_PATH=/home/ljoy/Robomaster/PIONEER/new_rv/install/auto_aim_interfaces/lib:/home/ljoy/Robomaster/PIONEER/new_rv/install/rm_planner/lib:/home/ljoy/Robomaster/PIONEER/new_rv/install/armor_tracker/lib:/home/ljoy/Robomaster/PIONEER/new_rv/install/armor_detector/lib:/home/ljoy/Robomaster/PIONEER/new_rv/install/rm_tools/lib:/home/ljoy/Robomaster/PIONEER/new_rv/install/rm_serial_driver/lib:/home/ljoy/Robomaster/PIONEER/new_rv/install/hik_camera/lib:/opt/ros/humble/opt/rviz_ogre_vendor/lib:/opt/ros/humble/lib/x86_64-linux-gnu:/opt/ros/humble/lib:/opt/MVS/lib/64:/opt/MVS/lib/32:/opt/MVS/lib/64:/opt/MVS/lib/64 /usr/bin/cmake --build /home/ljoy/Robomaster/PIONEER/new_rv/build/rm_serial_driver -- -j32 -l32
