[0.009s] Invoking command in '/home/ljoy/Robomaster/PIONEER/new_rv/build/rm_tools': /usr/bin/cmake --build /home/ljoy/Robomaster/PIONEER/new_rv/build/rm_tools -- -j32 -l32
[0.025s] -- Found ament_cmake: 1.3.11 (/opt/ros/humble/share/ament_cmake/cmake)
[0.166s] Traceback (most recent call last):
[0.166s]   File "/opt/ros/humble/share/ament_cmake_core/cmake/package_templates/templates_2_cmake.py", line 21, in <module>
[0.166s]     from ament_package.templates import get_environment_hook_template_path
[0.166s] ModuleNotFoundError: No module named 'ament_package'
[0.173s] [31mCMake Error at /opt/ros/humble/share/ament_cmake_core/cmake/ament_cmake_package_templates-extras.cmake:41 (message):
[0.173s]   execute_process(/usr/bin/python3
[0.173s]   /opt/ros/humble/share/ament_cmake_core/cmake/package_templates/templates_2_cmake.py
[0.173s]   /home/ljoy/Robomaster/PIONEER/new_rv/build/rm_tools/ament_cmake_package_templates/templates.cmake)
[0.173s]   returned error code 1
[0.173s] Call Stack (most recent call first):
[0.173s]   /opt/ros/humble/share/ament_cmake_core/cmake/ament_cmake_coreConfig.cmake:41 (include)
[0.173s]   /opt/ros/humble/share/ament_cmake/cmake/ament_cmake_export_dependencies-extras.cmake:15 (find_package)
[0.173s]   /opt/ros/humble/share/ament_cmake/cmake/ament_cmakeConfig.cmake:41 (include)
[0.173s]   CMakeLists.txt:16 (find_package)
[0.173s] 
[0.173s] [0m
[0.173s] -- Configuring incomplete, errors occurred!
[0.175s] gmake: *** [Makefile:321：cmake_check_build_system] 错误 1
[0.176s] Invoked command in '/home/ljoy/Robomaster/PIONEER/new_rv/build/rm_tools' returned '2': /usr/bin/cmake --build /home/ljoy/Robomaster/PIONEER/new_rv/build/rm_tools -- -j32 -l32
