-- The C compiler identification is GNU 11.4.0
-- The CXX compiler identification is GNU 11.4.0
-- Detecting C compiler ABI info
-- Detecting C compiler ABI info - done
-- Check for working C compiler: /usr/bin/cc - skipped
-- Detecting C compile features
-- Detecting C compile features - done
-- Detecting CXX compiler ABI info
-- Detecting CXX compiler ABI info - done
-- Check for working CXX compiler: /usr/bin/c++ - skipped
-- Detecting CXX compile features
-- Detecting CXX compile features - done
-- Found ament_cmake: 1.3.11 (/opt/ros/humble/share/ament_cmake/cmake)
-- Found Python3: /usr/bin/python3 (found version "3.10.12") found components: Interpreter
-- Found rclcpp: 16.0.10 (/opt/ros/humble/share/rclcpp/cmake)
-- Found rosidl_generator_c: 3.1.5 (/opt/ros/humble/share/rosidl_generator_c/cmake)
-- Found rosidl_adapter: 3.1.5 (/opt/ros/humble/share/rosidl_adapter/cmake)
-- Found rosidl_generator_cpp: 3.1.5 (/opt/ros/humble/share/rosidl_generator_cpp/cmake)
-- Using all available rosidl_typesupport_c: rosidl_typesupport_fastrtps_c;rosidl_typesupport_introspection_c
-- Using all available rosidl_typesupport_cpp: rosidl_typesupport_fastrtps_cpp;rosidl_typesupport_introspection_cpp
-- Found rmw_implementation_cmake: 6.1.2 (/opt/ros/humble/share/rmw_implementation_cmake/cmake)
-- Found rmw_fastrtps_cpp: 6.2.7 (/opt/ros/humble/share/rmw_fastrtps_cpp/cmake)
-- Found OpenSSL: /usr/lib/x86_64-linux-gnu/libcrypto.so (found version "3.0.2")
-- Found FastRTPS: /opt/ros/humble/include
-- Using RMW implementation 'rmw_fastrtps_cpp' as default
-- Performing Test CMAKE_HAVE_LIBC_PTHREAD
-- Performing Test CMAKE_HAVE_LIBC_PTHREAD - Success
-- Found Threads: TRUE
-- Found eigen3_cmake_module: 0.1.1 (/opt/ros/humble/share/eigen3_cmake_module/cmake)
-- Found Eigen3: TRUE (found version "3.4.0")
-- Found geometry_msgs: 4.2.4 (/opt/ros/humble/share/geometry_msgs/cmake)
-- Found OpenCV: /usr (found suitable version "4.5.4", minimum required is "4")
-- Found ament_lint_auto: 0.12.11 (/opt/ros/humble/share/ament_lint_auto/cmake)
-- Added test 'cppcheck' to perform static code analysis on C / C++ code
-- Configured cppcheck include dirs: /home/ljoy/Robomaster/PIONEER/new_rv/rm_tools/include
-- Configured cppcheck exclude dirs and/or files: 
-- Added test 'lint_cmake' to check CMake code style
-- Added test 'xmllint' to check XML markup files
-- Configuring done (0.6s)
-- Generating done (0.0s)
-- Build files have been written to: /home/ljoy/Robomaster/PIONEER/new_rv/build/rm_tools
[ 25%] [32mBuilding CXX object CMakeFiles/rm_tools.dir/src/math.cpp.o[0m
[ 75%] [32mBuilding CXX object CMakeFiles/rm_tools.dir/src/pnp_solver.cpp.o[0m
[ 75%] [32mBuilding CXX object CMakeFiles/rm_tools.dir/src/extended_kalman_filter.cpp.o[0m
[100%] [32m[1mLinking CXX shared library librm_tools.so[0m
[100%] Built target rm_tools
-- Install configuration: ""
-- Installing: /home/ljoy/Robomaster/PIONEER/new_rv/install/rm_tools/include
-- Installing: /home/ljoy/Robomaster/PIONEER/new_rv/install/rm_tools/include/rm_tools
-- Installing: /home/ljoy/Robomaster/PIONEER/new_rv/install/rm_tools/include/rm_tools/pnp_solver.hpp
-- Installing: /home/ljoy/Robomaster/PIONEER/new_rv/install/rm_tools/include/rm_tools/manual_compensator.hpp
-- Installing: /home/ljoy/Robomaster/PIONEER/new_rv/install/rm_tools/include/rm_tools/math.hpp
-- Installing: /home/ljoy/Robomaster/PIONEER/new_rv/install/rm_tools/include/rm_tools/extended_kalman_filter.hpp
-- Installing: /home/ljoy/Robomaster/PIONEER/new_rv/install/rm_tools/include/rm_tools/trajectory_compensator.hpp
-- Installing: /home/ljoy/Robomaster/PIONEER/new_rv/install/rm_tools/lib/librm_tools.so
-- Set non-toolchain portion of runtime path of "/home/ljoy/Robomaster/PIONEER/new_rv/install/rm_tools/lib/librm_tools.so" to ""
-- Installing: /home/ljoy/Robomaster/PIONEER/new_rv/install/rm_tools/share/rm_tools/environment/library_path.sh
-- Installing: /home/ljoy/Robomaster/PIONEER/new_rv/install/rm_tools/share/rm_tools/environment/library_path.dsv
-- Installing: /home/ljoy/Robomaster/PIONEER/new_rv/install/rm_tools/share/ament_index/resource_index/package_run_dependencies/rm_tools
-- Installing: /home/ljoy/Robomaster/PIONEER/new_rv/install/rm_tools/share/ament_index/resource_index/parent_prefix_path/rm_tools
-- Installing: /home/ljoy/Robomaster/PIONEER/new_rv/install/rm_tools/share/rm_tools/environment/ament_prefix_path.sh
-- Installing: /home/ljoy/Robomaster/PIONEER/new_rv/install/rm_tools/share/rm_tools/environment/ament_prefix_path.dsv
-- Installing: /home/ljoy/Robomaster/PIONEER/new_rv/install/rm_tools/share/rm_tools/environment/path.sh
-- Installing: /home/ljoy/Robomaster/PIONEER/new_rv/install/rm_tools/share/rm_tools/environment/path.dsv
-- Installing: /home/ljoy/Robomaster/PIONEER/new_rv/install/rm_tools/share/rm_tools/local_setup.bash
-- Installing: /home/ljoy/Robomaster/PIONEER/new_rv/install/rm_tools/share/rm_tools/local_setup.sh
-- Installing: /home/ljoy/Robomaster/PIONEER/new_rv/install/rm_tools/share/rm_tools/local_setup.zsh
-- Installing: /home/ljoy/Robomaster/PIONEER/new_rv/install/rm_tools/share/rm_tools/local_setup.dsv
-- Installing: /home/ljoy/Robomaster/PIONEER/new_rv/install/rm_tools/share/rm_tools/package.dsv
-- Installing: /home/ljoy/Robomaster/PIONEER/new_rv/install/rm_tools/share/ament_index/resource_index/packages/rm_tools
-- Installing: /home/ljoy/Robomaster/PIONEER/new_rv/install/rm_tools/share/rm_tools/cmake/rm_toolsExport.cmake
-- Installing: /home/ljoy/Robomaster/PIONEER/new_rv/install/rm_tools/share/rm_tools/cmake/rm_toolsExport-noconfig.cmake
-- Installing: /home/ljoy/Robomaster/PIONEER/new_rv/install/rm_tools/share/rm_tools/cmake/ament_cmake_export_targets-extras.cmake
-- Installing: /home/ljoy/Robomaster/PIONEER/new_rv/install/rm_tools/share/rm_tools/cmake/ament_cmake_export_dependencies-extras.cmake
-- Installing: /home/ljoy/Robomaster/PIONEER/new_rv/install/rm_tools/share/rm_tools/cmake/rm_toolsConfig.cmake
-- Installing: /home/ljoy/Robomaster/PIONEER/new_rv/install/rm_tools/share/rm_tools/cmake/rm_toolsConfig-version.cmake
-- Installing: /home/ljoy/Robomaster/PIONEER/new_rv/install/rm_tools/share/rm_tools/package.xml
