[0.009s] Invoking command in '/home/ljoy/Robomaster/PIONEER/new_rv/build/rm_tools': CMAKE_PREFIX_PATH=/opt/ros/humble /usr/bin/cmake /home/ljoy/Robomaster/PIONEER/new_rv/rm_tools -DCMAKE_INSTALL_PREFIX=/home/ljoy/Robomaster/PIONEER/new_rv/install/rm_tools
[0.036s] -- The C compiler identification is GNU 11.4.0
[0.069s] -- The CXX compiler identification is GNU 11.4.0
[0.076s] -- Detecting C compiler ABI info
[0.109s] -- Detecting C compiler ABI info - done
[0.119s] -- Check for working C compiler: /usr/bin/cc - skipped
[0.119s] -- Detecting C compile features
[0.119s] -- Detecting C compile features - done
[0.121s] -- Detecting CXX compiler ABI info
[0.162s] -- Detecting CXX compiler ABI info - done
[0.172s] -- Check for working CXX compiler: /usr/bin/c++ - skipped
[0.172s] -- Detecting CXX compile features
[0.172s] -- Detecting CXX compile features - done
[0.174s] -- Found ament_cmake: 1.3.11 (/opt/ros/humble/share/ament_cmake/cmake)
[0.242s] -- Found Python3: /usr/bin/python3 (found version "3.10.12") found components: Interpreter
[0.287s] -- Found rclcpp: 16.0.10 (/opt/ros/humble/share/rclcpp/cmake)
[0.313s] -- Found rosidl_generator_c: 3.1.5 (/opt/ros/humble/share/rosidl_generator_c/cmake)
[0.316s] -- Found rosidl_adapter: 3.1.5 (/opt/ros/humble/share/rosidl_adapter/cmake)
[0.321s] -- Found rosidl_generator_cpp: 3.1.5 (/opt/ros/humble/share/rosidl_generator_cpp/cmake)
[0.329s] -- Using all available rosidl_typesupport_c: rosidl_typesupport_fastrtps_c;rosidl_typesupport_introspection_c
[0.339s] -- Using all available rosidl_typesupport_cpp: rosidl_typesupport_fastrtps_cpp;rosidl_typesupport_introspection_cpp
[0.368s] -- Found rmw_implementation_cmake: 6.1.2 (/opt/ros/humble/share/rmw_implementation_cmake/cmake)
[0.369s] -- Found rmw_fastrtps_cpp: 6.2.7 (/opt/ros/humble/share/rmw_fastrtps_cpp/cmake)
[0.427s] -- Found OpenSSL: /usr/lib/x86_64-linux-gnu/libcrypto.so (found version "3.0.2")
[0.446s] -- Found FastRTPS: /opt/ros/humble/include
[0.473s] -- Using RMW implementation 'rmw_fastrtps_cpp' as default
[0.478s] -- Performing Test CMAKE_HAVE_LIBC_PTHREAD
[0.516s] -- Performing Test CMAKE_HAVE_LIBC_PTHREAD - Success
[0.517s] -- Found Threads: TRUE
[0.555s] -- Found eigen3_cmake_module: 0.1.1 (/opt/ros/humble/share/eigen3_cmake_module/cmake)
[0.560s] -- Found Eigen3: TRUE (found version "3.4.0")
[0.560s] -- Found geometry_msgs: 4.2.4 (/opt/ros/humble/share/geometry_msgs/cmake)
[0.575s] -- Found OpenCV: /usr (found suitable version "4.5.4", minimum required is "4")
[0.578s] -- Found ament_lint_auto: 0.12.11 (/opt/ros/humble/share/ament_lint_auto/cmake)
[0.620s] -- Added test 'cppcheck' to perform static code analysis on C / C++ code
[0.620s] -- Configured cppcheck include dirs: /home/ljoy/Robomaster/PIONEER/new_rv/rm_tools/include
[0.620s] -- Configured cppcheck exclude dirs and/or files: 
[0.621s] -- Added test 'lint_cmake' to check CMake code style
[0.621s] -- Added test 'xmllint' to check XML markup files
[0.622s] -- Configuring done (0.6s)
[0.632s] -- Generating done (0.0s)
[0.633s] -- Build files have been written to: /home/ljoy/Robomaster/PIONEER/new_rv/build/rm_tools
[0.640s] Invoked command in '/home/ljoy/Robomaster/PIONEER/new_rv/build/rm_tools' returned '0': CMAKE_PREFIX_PATH=/opt/ros/humble /usr/bin/cmake /home/ljoy/Robomaster/PIONEER/new_rv/rm_tools -DCMAKE_INSTALL_PREFIX=/home/ljoy/Robomaster/PIONEER/new_rv/install/rm_tools
[0.641s] Invoking command in '/home/ljoy/Robomaster/PIONEER/new_rv/build/rm_tools': CMAKE_PREFIX_PATH=/opt/ros/humble /usr/bin/cmake --build /home/ljoy/Robomaster/PIONEER/new_rv/build/rm_tools -- -j32 -l32
[0.654s] [ 25%] [32mBuilding CXX object CMakeFiles/rm_tools.dir/src/math.cpp.o[0m
[0.654s] [ 75%] [32mBuilding CXX object CMakeFiles/rm_tools.dir/src/pnp_solver.cpp.o[0m
[0.654s] [ 75%] [32mBuilding CXX object CMakeFiles/rm_tools.dir/src/extended_kalman_filter.cpp.o[0m
[6.467s] [100%] [32m[1mLinking CXX shared library librm_tools.so[0m
[6.551s] [100%] Built target rm_tools
[6.560s] Invoked command in '/home/ljoy/Robomaster/PIONEER/new_rv/build/rm_tools' returned '0': CMAKE_PREFIX_PATH=/opt/ros/humble /usr/bin/cmake --build /home/ljoy/Robomaster/PIONEER/new_rv/build/rm_tools -- -j32 -l32
[6.575s] Invoking command in '/home/ljoy/Robomaster/PIONEER/new_rv/build/rm_tools': CMAKE_PREFIX_PATH=/opt/ros/humble /usr/bin/cmake --install /home/ljoy/Robomaster/PIONEER/new_rv/build/rm_tools
[6.576s] -- Install configuration: ""
[6.576s] -- Installing: /home/ljoy/Robomaster/PIONEER/new_rv/install/rm_tools/include
[6.576s] -- Installing: /home/ljoy/Robomaster/PIONEER/new_rv/install/rm_tools/include/rm_tools
[6.576s] -- Installing: /home/ljoy/Robomaster/PIONEER/new_rv/install/rm_tools/include/rm_tools/pnp_solver.hpp
[6.576s] -- Installing: /home/ljoy/Robomaster/PIONEER/new_rv/install/rm_tools/include/rm_tools/manual_compensator.hpp
[6.576s] -- Installing: /home/ljoy/Robomaster/PIONEER/new_rv/install/rm_tools/include/rm_tools/math.hpp
[6.576s] -- Installing: /home/ljoy/Robomaster/PIONEER/new_rv/install/rm_tools/include/rm_tools/extended_kalman_filter.hpp
[6.576s] -- Installing: /home/ljoy/Robomaster/PIONEER/new_rv/install/rm_tools/include/rm_tools/trajectory_compensator.hpp
[6.576s] -- Installing: /home/ljoy/Robomaster/PIONEER/new_rv/install/rm_tools/lib/librm_tools.so
[6.577s] -- Set non-toolchain portion of runtime path of "/home/ljoy/Robomaster/PIONEER/new_rv/install/rm_tools/lib/librm_tools.so" to ""
[6.577s] -- Installing: /home/ljoy/Robomaster/PIONEER/new_rv/install/rm_tools/share/rm_tools/environment/library_path.sh
[6.577s] -- Installing: /home/ljoy/Robomaster/PIONEER/new_rv/install/rm_tools/share/rm_tools/environment/library_path.dsv
[6.577s] -- Installing: /home/ljoy/Robomaster/PIONEER/new_rv/install/rm_tools/share/ament_index/resource_index/package_run_dependencies/rm_tools
[6.577s] -- Installing: /home/ljoy/Robomaster/PIONEER/new_rv/install/rm_tools/share/ament_index/resource_index/parent_prefix_path/rm_tools
[6.577s] -- Installing: /home/ljoy/Robomaster/PIONEER/new_rv/install/rm_tools/share/rm_tools/environment/ament_prefix_path.sh
[6.577s] -- Installing: /home/ljoy/Robomaster/PIONEER/new_rv/install/rm_tools/share/rm_tools/environment/ament_prefix_path.dsv
[6.577s] -- Installing: /home/ljoy/Robomaster/PIONEER/new_rv/install/rm_tools/share/rm_tools/environment/path.sh
[6.577s] -- Installing: /home/ljoy/Robomaster/PIONEER/new_rv/install/rm_tools/share/rm_tools/environment/path.dsv
[6.578s] -- Installing: /home/ljoy/Robomaster/PIONEER/new_rv/install/rm_tools/share/rm_tools/local_setup.bash
[6.578s] -- Installing: /home/ljoy/Robomaster/PIONEER/new_rv/install/rm_tools/share/rm_tools/local_setup.sh
[6.578s] -- Installing: /home/ljoy/Robomaster/PIONEER/new_rv/install/rm_tools/share/rm_tools/local_setup.zsh
[6.578s] -- Installing: /home/ljoy/Robomaster/PIONEER/new_rv/install/rm_tools/share/rm_tools/local_setup.dsv
[6.578s] -- Installing: /home/ljoy/Robomaster/PIONEER/new_rv/install/rm_tools/share/rm_tools/package.dsv
[6.578s] -- Installing: /home/ljoy/Robomaster/PIONEER/new_rv/install/rm_tools/share/ament_index/resource_index/packages/rm_tools
[6.578s] -- Installing: /home/ljoy/Robomaster/PIONEER/new_rv/install/rm_tools/share/rm_tools/cmake/rm_toolsExport.cmake
[6.578s] -- Installing: /home/ljoy/Robomaster/PIONEER/new_rv/install/rm_tools/share/rm_tools/cmake/rm_toolsExport-noconfig.cmake
[6.578s] -- Installing: /home/ljoy/Robomaster/PIONEER/new_rv/install/rm_tools/share/rm_tools/cmake/ament_cmake_export_targets-extras.cmake
[6.578s] -- Installing: /home/ljoy/Robomaster/PIONEER/new_rv/install/rm_tools/share/rm_tools/cmake/ament_cmake_export_dependencies-extras.cmake
[6.578s] -- Installing: /home/ljoy/Robomaster/PIONEER/new_rv/install/rm_tools/share/rm_tools/cmake/rm_toolsConfig.cmake
[6.579s] -- Installing: /home/ljoy/Robomaster/PIONEER/new_rv/install/rm_tools/share/rm_tools/cmake/rm_toolsConfig-version.cmake
[6.579s] -- Installing: /home/ljoy/Robomaster/PIONEER/new_rv/install/rm_tools/share/rm_tools/package.xml
[6.580s] Invoked command in '/home/ljoy/Robomaster/PIONEER/new_rv/build/rm_tools' returned '0': CMAKE_PREFIX_PATH=/opt/ros/humble /usr/bin/cmake --install /home/ljoy/Robomaster/PIONEER/new_rv/build/rm_tools
