[0.014s] Invoking command in '/home/ljoy/Robomaster/PIONEER/new_rv/build/rm_planner': AMENT_PREFIX_PATH=/home/ljoy/Robomaster/PIONEER/new_rv/install/rm_tools:/home/ljoy/Robomaster/PIONEER/new_rv/install/auto_aim_interfaces CMAKE_PREFIX_PATH=/home/ljoy/Robomaster/PIONEER/new_rv/install/rm_tools:/home/ljoy/Robomaster/PIONEER/new_rv/install/auto_aim_interfaces LD_LIBRARY_PATH=/home/ljoy/Robomaster/PIONEER/new_rv/install/rm_tools/lib:/home/ljoy/Robomaster/PIONEER/new_rv/install/auto_aim_interfaces/lib:/opt/MVS/lib/64:/opt/MVS/lib/32:/opt/MVS/lib/64:/opt/MVS/lib/64 PYTHONPATH=/home/ljoy/Robomaster/PIONEER/new_rv/install/auto_aim_interfaces/local/lib/python3.10/dist-packages /usr/bin/cmake --build /home/ljoy/Robomaster/PIONEER/new_rv/build/rm_planner -- -j32 -l32
[0.031s] [ 33%] Built target rm_planner_node
[0.044s] [ 50%] [32mBuilding CXX object CMakeFiles/rm_planner.dir/src/rm_planner_node.cpp.o[0m
[6.428s] [ 66%] [32m[1mLinking CXX shared library librm_planner.so[0m
[6.825s] [100%] Built target rm_planner
[6.828s] Invoked command in '/home/ljoy/Robomaster/PIONEER/new_rv/build/rm_planner' returned '0': AMENT_PREFIX_PATH=/home/ljoy/Robomaster/PIONEER/new_rv/install/rm_tools:/home/ljoy/Robomaster/PIONEER/new_rv/install/auto_aim_interfaces CMAKE_PREFIX_PATH=/home/ljoy/Robomaster/PIONEER/new_rv/install/rm_tools:/home/ljoy/Robomaster/PIONEER/new_rv/install/auto_aim_interfaces LD_LIBRARY_PATH=/home/ljoy/Robomaster/PIONEER/new_rv/install/rm_tools/lib:/home/ljoy/Robomaster/PIONEER/new_rv/install/auto_aim_interfaces/lib:/opt/MVS/lib/64:/opt/MVS/lib/32:/opt/MVS/lib/64:/opt/MVS/lib/64 PYTHONPATH=/home/ljoy/Robomaster/PIONEER/new_rv/install/auto_aim_interfaces/local/lib/python3.10/dist-packages /usr/bin/cmake --build /home/ljoy/Robomaster/PIONEER/new_rv/build/rm_planner -- -j32 -l32
[6.842s] Invoking command in '/home/ljoy/Robomaster/PIONEER/new_rv/build/rm_planner': AMENT_PREFIX_PATH=/home/ljoy/Robomaster/PIONEER/new_rv/install/rm_tools:/home/ljoy/Robomaster/PIONEER/new_rv/install/auto_aim_interfaces CMAKE_PREFIX_PATH=/home/ljoy/Robomaster/PIONEER/new_rv/install/rm_tools:/home/ljoy/Robomaster/PIONEER/new_rv/install/auto_aim_interfaces LD_LIBRARY_PATH=/home/ljoy/Robomaster/PIONEER/new_rv/install/rm_tools/lib:/home/ljoy/Robomaster/PIONEER/new_rv/install/auto_aim_interfaces/lib:/opt/MVS/lib/64:/opt/MVS/lib/32:/opt/MVS/lib/64:/opt/MVS/lib/64 PYTHONPATH=/home/ljoy/Robomaster/PIONEER/new_rv/install/auto_aim_interfaces/local/lib/python3.10/dist-packages /usr/bin/cmake --install /home/ljoy/Robomaster/PIONEER/new_rv/build/rm_planner
[6.844s] -- Install configuration: ""
[6.844s] -- Up-to-date: /home/ljoy/Robomaster/PIONEER/new_rv/install/rm_planner/lib/rm_planner/rm_planner_node
[6.844s] -- Up-to-date: /home/ljoy/Robomaster/PIONEER/new_rv/install/rm_planner/include
[6.844s] -- Up-to-date: /home/ljoy/Robomaster/PIONEER/new_rv/install/rm_planner/include/rm_planner
[6.844s] -- Up-to-date: /home/ljoy/Robomaster/PIONEER/new_rv/install/rm_planner/include/rm_planner/target.hpp
[6.844s] -- Up-to-date: /home/ljoy/Robomaster/PIONEER/new_rv/install/rm_planner/include/rm_planner/rm_planner.hpp
[6.844s] -- Installing: /home/ljoy/Robomaster/PIONEER/new_rv/install/rm_planner/include/rm_planner/rm_planner_node.hpp
[6.844s] -- Up-to-date: /home/ljoy/Robomaster/PIONEER/new_rv/install/rm_planner/include/rm_planner/tinympc
[6.844s] -- Up-to-date: /home/ljoy/Robomaster/PIONEER/new_rv/install/rm_planner/include/rm_planner/tinympc/admm.hpp
[6.844s] -- Up-to-date: /home/ljoy/Robomaster/PIONEER/new_rv/install/rm_planner/include/rm_planner/tinympc/rho_benchmark.hpp
[6.844s] -- Up-to-date: /home/ljoy/Robomaster/PIONEER/new_rv/install/rm_planner/include/rm_planner/tinympc/CMakeLists.txt
[6.844s] -- Up-to-date: /home/ljoy/Robomaster/PIONEER/new_rv/install/rm_planner/include/rm_planner/tinympc/admm.cpp
[6.845s] -- Up-to-date: /home/ljoy/Robomaster/PIONEER/new_rv/install/rm_planner/include/rm_planner/tinympc/tiny_api_constants.hpp
[6.845s] -- Up-to-date: /home/ljoy/Robomaster/PIONEER/new_rv/install/rm_planner/include/rm_planner/tinympc/tiny_api.cpp
[6.845s] -- Up-to-date: /home/ljoy/Robomaster/PIONEER/new_rv/install/rm_planner/include/rm_planner/tinympc/codegen.cpp
[6.845s] -- Up-to-date: /home/ljoy/Robomaster/PIONEER/new_rv/install/rm_planner/include/rm_planner/tinympc/codegen.hpp
[6.845s] -- Up-to-date: /home/ljoy/Robomaster/PIONEER/new_rv/install/rm_planner/include/rm_planner/tinympc/error.hpp
[6.845s] -- Up-to-date: /home/ljoy/Robomaster/PIONEER/new_rv/install/rm_planner/include/rm_planner/tinympc/tiny_api.hpp
[6.845s] -- Up-to-date: /home/ljoy/Robomaster/PIONEER/new_rv/install/rm_planner/include/rm_planner/tinympc/types.hpp
[6.845s] -- Up-to-date: /home/ljoy/Robomaster/PIONEER/new_rv/install/rm_planner/include/rm_planner/tinympc/rho_benchmark.cpp
[6.845s] -- Up-to-date: /home/ljoy/Robomaster/PIONEER/new_rv/install/rm_planner/share/rm_planner/environment/library_path.sh
[6.845s] -- Up-to-date: /home/ljoy/Robomaster/PIONEER/new_rv/install/rm_planner/share/rm_planner/environment/library_path.dsv
[6.845s] -- Installing: /home/ljoy/Robomaster/PIONEER/new_rv/install/rm_planner/lib/librm_planner.so
[6.853s] -- Set non-toolchain portion of runtime path of "/home/ljoy/Robomaster/PIONEER/new_rv/install/rm_planner/lib/librm_planner.so" to ""
[6.854s] -- Up-to-date: /home/ljoy/Robomaster/PIONEER/new_rv/install/rm_planner/share/ament_index/resource_index/package_run_dependencies/rm_planner
[6.854s] -- Up-to-date: /home/ljoy/Robomaster/PIONEER/new_rv/install/rm_planner/share/ament_index/resource_index/parent_prefix_path/rm_planner
[6.854s] -- Up-to-date: /home/ljoy/Robomaster/PIONEER/new_rv/install/rm_planner/share/rm_planner/environment/ament_prefix_path.sh
[6.854s] -- Up-to-date: /home/ljoy/Robomaster/PIONEER/new_rv/install/rm_planner/share/rm_planner/environment/ament_prefix_path.dsv
[6.854s] -- Up-to-date: /home/ljoy/Robomaster/PIONEER/new_rv/install/rm_planner/share/rm_planner/environment/path.sh
[6.854s] -- Up-to-date: /home/ljoy/Robomaster/PIONEER/new_rv/install/rm_planner/share/rm_planner/environment/path.dsv
[6.854s] -- Up-to-date: /home/ljoy/Robomaster/PIONEER/new_rv/install/rm_planner/share/rm_planner/local_setup.bash
[6.854s] -- Up-to-date: /home/ljoy/Robomaster/PIONEER/new_rv/install/rm_planner/share/rm_planner/local_setup.sh
[6.854s] -- Up-to-date: /home/ljoy/Robomaster/PIONEER/new_rv/install/rm_planner/share/rm_planner/local_setup.zsh
[6.854s] -- Up-to-date: /home/ljoy/Robomaster/PIONEER/new_rv/install/rm_planner/share/rm_planner/local_setup.dsv
[6.854s] -- Installing: /home/ljoy/Robomaster/PIONEER/new_rv/install/rm_planner/share/rm_planner/package.dsv
[6.854s] -- Up-to-date: /home/ljoy/Robomaster/PIONEER/new_rv/install/rm_planner/share/ament_index/resource_index/packages/rm_planner
[6.854s] -- Up-to-date: /home/ljoy/Robomaster/PIONEER/new_rv/install/rm_planner/share/ament_index/resource_index/rclcpp_components/rm_planner
[6.854s] -- Up-to-date: /home/ljoy/Robomaster/PIONEER/new_rv/install/rm_planner/share/rm_planner/cmake/ament_cmake_export_dependencies-extras.cmake
[6.854s] -- Up-to-date: /home/ljoy/Robomaster/PIONEER/new_rv/install/rm_planner/share/rm_planner/cmake/ament_cmake_export_include_directories-extras.cmake
[6.854s] -- Up-to-date: /home/ljoy/Robomaster/PIONEER/new_rv/install/rm_planner/share/rm_planner/cmake/ament_cmake_export_libraries-extras.cmake
[6.854s] -- Up-to-date: /home/ljoy/Robomaster/PIONEER/new_rv/install/rm_planner/share/rm_planner/cmake/rm_plannerConfig.cmake
[6.854s] -- Up-to-date: /home/ljoy/Robomaster/PIONEER/new_rv/install/rm_planner/share/rm_planner/cmake/rm_plannerConfig-version.cmake
[6.854s] -- Up-to-date: /home/ljoy/Robomaster/PIONEER/new_rv/install/rm_planner/share/rm_planner/package.xml
[6.855s] Invoked command in '/home/ljoy/Robomaster/PIONEER/new_rv/build/rm_planner' returned '0': AMENT_PREFIX_PATH=/home/ljoy/Robomaster/PIONEER/new_rv/install/rm_tools:/home/ljoy/Robomaster/PIONEER/new_rv/install/auto_aim_interfaces CMAKE_PREFIX_PATH=/home/ljoy/Robomaster/PIONEER/new_rv/install/rm_tools:/home/ljoy/Robomaster/PIONEER/new_rv/install/auto_aim_interfaces LD_LIBRARY_PATH=/home/ljoy/Robomaster/PIONEER/new_rv/install/rm_tools/lib:/home/ljoy/Robomaster/PIONEER/new_rv/install/auto_aim_interfaces/lib:/opt/MVS/lib/64:/opt/MVS/lib/32:/opt/MVS/lib/64:/opt/MVS/lib/64 PYTHONPATH=/home/ljoy/Robomaster/PIONEER/new_rv/install/auto_aim_interfaces/local/lib/python3.10/dist-packages /usr/bin/cmake --install /home/ljoy/Robomaster/PIONEER/new_rv/build/rm_planner
