[0.009s] Invoking command in '/home/ljoy/Robomaster/PIONEER/new_rv/build/rm_planner': CMAKE_PREFIX_PATH=/home/ljoy/Robomaster/PIONEER/new_rv/install/rm_tools:/home/ljoy/Robomaster/PIONEER/new_rv/install/auto_aim_interfaces:/home/ljoy/Robomaster/PIONEER/new_rv/install/rm_vision_bringup:/home/ljoy/Robomaster/PIONEER/new_rv/install/rm_planner:/home/ljoy/Robomaster/PIONEER/new_rv/install/armor_tracker:/home/ljoy/Robomaster/PIONEER/new_rv/install/armor_detector:/home/ljoy/Robomaster/PIONEER/new_rv/install/rm_serial_driver:/home/ljoy/Robomaster/PIONEER/new_rv/install/rm_gimbal_description:/home/ljoy/Robomaster/PIONEER/new_rv/install/hik_camera:/opt/ros/humble LD_LIBRARY_PATH=/home/ljoy/Robomaster/PIONEER/new_rv/install/rm_tools/lib:/home/ljoy/Robomaster/PIONEER/new_rv/install/auto_aim_interfaces/lib:/home/ljoy/Robomaster/PIONEER/new_rv/install/rm_planner/lib:/home/ljoy/Robomaster/PIONEER/new_rv/install/armor_tracker/lib:/home/ljoy/Robomaster/PIONEER/new_rv/install/armor_detector/lib:/home/ljoy/Robomaster/PIONEER/new_rv/install/rm_serial_driver/lib:/home/ljoy/Robomaster/PIONEER/new_rv/install/hik_camera/lib:/opt/ros/humble/opt/rviz_ogre_vendor/lib:/opt/ros/humble/lib/x86_64-linux-gnu:/opt/ros/humble/lib:/opt/MVS/lib/64:/opt/MVS/lib/32:/opt/MVS/lib/64:/opt/MVS/lib/64 /usr/bin/cmake --build /home/ljoy/Robomaster/PIONEER/new_rv/build/rm_planner -- -j32 -l32
[0.028s] [ 33%] Built target rm_planner_node
[0.033s] [100%] Built target rm_planner
[0.036s] Invoked command in '/home/ljoy/Robomaster/PIONEER/new_rv/build/rm_planner' returned '0': CMAKE_PREFIX_PATH=/home/ljoy/Robomaster/PIONEER/new_rv/install/rm_tools:/home/ljoy/Robomaster/PIONEER/new_rv/install/auto_aim_interfaces:/home/ljoy/Robomaster/PIONEER/new_rv/install/rm_vision_bringup:/home/ljoy/Robomaster/PIONEER/new_rv/install/rm_planner:/home/ljoy/Robomaster/PIONEER/new_rv/install/armor_tracker:/home/ljoy/Robomaster/PIONEER/new_rv/install/armor_detector:/home/ljoy/Robomaster/PIONEER/new_rv/install/rm_serial_driver:/home/ljoy/Robomaster/PIONEER/new_rv/install/rm_gimbal_description:/home/ljoy/Robomaster/PIONEER/new_rv/install/hik_camera:/opt/ros/humble LD_LIBRARY_PATH=/home/ljoy/Robomaster/PIONEER/new_rv/install/rm_tools/lib:/home/ljoy/Robomaster/PIONEER/new_rv/install/auto_aim_interfaces/lib:/home/ljoy/Robomaster/PIONEER/new_rv/install/rm_planner/lib:/home/ljoy/Robomaster/PIONEER/new_rv/install/armor_tracker/lib:/home/ljoy/Robomaster/PIONEER/new_rv/install/armor_detector/lib:/home/ljoy/Robomaster/PIONEER/new_rv/install/rm_serial_driver/lib:/home/ljoy/Robomaster/PIONEER/new_rv/install/hik_camera/lib:/opt/ros/humble/opt/rviz_ogre_vendor/lib:/opt/ros/humble/lib/x86_64-linux-gnu:/opt/ros/humble/lib:/opt/MVS/lib/64:/opt/MVS/lib/32:/opt/MVS/lib/64:/opt/MVS/lib/64 /usr/bin/cmake --build /home/ljoy/Robomaster/PIONEER/new_rv/build/rm_planner -- -j32 -l32
[0.063s] Invoking command in '/home/ljoy/Robomaster/PIONEER/new_rv/build/rm_planner': CMAKE_PREFIX_PATH=/home/ljoy/Robomaster/PIONEER/new_rv/install/rm_tools:/home/ljoy/Robomaster/PIONEER/new_rv/install/auto_aim_interfaces:/home/ljoy/Robomaster/PIONEER/new_rv/install/rm_vision_bringup:/home/ljoy/Robomaster/PIONEER/new_rv/install/rm_planner:/home/ljoy/Robomaster/PIONEER/new_rv/install/armor_tracker:/home/ljoy/Robomaster/PIONEER/new_rv/install/armor_detector:/home/ljoy/Robomaster/PIONEER/new_rv/install/rm_serial_driver:/home/ljoy/Robomaster/PIONEER/new_rv/install/rm_gimbal_description:/home/ljoy/Robomaster/PIONEER/new_rv/install/hik_camera:/opt/ros/humble LD_LIBRARY_PATH=/home/ljoy/Robomaster/PIONEER/new_rv/install/rm_tools/lib:/home/ljoy/Robomaster/PIONEER/new_rv/install/auto_aim_interfaces/lib:/home/ljoy/Robomaster/PIONEER/new_rv/install/rm_planner/lib:/home/ljoy/Robomaster/PIONEER/new_rv/install/armor_tracker/lib:/home/ljoy/Robomaster/PIONEER/new_rv/install/armor_detector/lib:/home/ljoy/Robomaster/PIONEER/new_rv/install/rm_serial_driver/lib:/home/ljoy/Robomaster/PIONEER/new_rv/install/hik_camera/lib:/opt/ros/humble/opt/rviz_ogre_vendor/lib:/opt/ros/humble/lib/x86_64-linux-gnu:/opt/ros/humble/lib:/opt/MVS/lib/64:/opt/MVS/lib/32:/opt/MVS/lib/64:/opt/MVS/lib/64 /usr/bin/cmake --install /home/ljoy/Robomaster/PIONEER/new_rv/build/rm_planner
[0.064s] -- Install configuration: ""
[0.065s] -- Up-to-date: /home/ljoy/Robomaster/PIONEER/new_rv/install/rm_planner/lib/rm_planner/rm_planner_node
[0.065s] -- Up-to-date: /home/ljoy/Robomaster/PIONEER/new_rv/install/rm_planner/include
[0.065s] -- Up-to-date: /home/ljoy/Robomaster/PIONEER/new_rv/install/rm_planner/include/rm_planner
[0.065s] -- Up-to-date: /home/ljoy/Robomaster/PIONEER/new_rv/install/rm_planner/include/rm_planner/target.hpp
[0.065s] -- Up-to-date: /home/ljoy/Robomaster/PIONEER/new_rv/install/rm_planner/include/rm_planner/rm_planner.hpp
[0.066s] -- Up-to-date: /home/ljoy/Robomaster/PIONEER/new_rv/install/rm_planner/include/rm_planner/rm_planner_node.hpp
[0.066s] -- Up-to-date: /home/ljoy/Robomaster/PIONEER/new_rv/install/rm_planner/include/rm_planner/tinympc
[0.066s] -- Up-to-date: /home/ljoy/Robomaster/PIONEER/new_rv/install/rm_planner/include/rm_planner/tinympc/admm.hpp
[0.066s] -- Up-to-date: /home/ljoy/Robomaster/PIONEER/new_rv/install/rm_planner/include/rm_planner/tinympc/rho_benchmark.hpp
[0.066s] -- Up-to-date: /home/ljoy/Robomaster/PIONEER/new_rv/install/rm_planner/include/rm_planner/tinympc/CMakeLists.txt
[0.066s] -- Up-to-date: /home/ljoy/Robomaster/PIONEER/new_rv/install/rm_planner/include/rm_planner/tinympc/admm.cpp
[0.066s] -- Up-to-date: /home/ljoy/Robomaster/PIONEER/new_rv/install/rm_planner/include/rm_planner/tinympc/tiny_api_constants.hpp
[0.066s] -- Up-to-date: /home/ljoy/Robomaster/PIONEER/new_rv/install/rm_planner/include/rm_planner/tinympc/tiny_api.cpp
[0.066s] -- Up-to-date: /home/ljoy/Robomaster/PIONEER/new_rv/install/rm_planner/include/rm_planner/tinympc/codegen.cpp
[0.067s] -- Up-to-date: /home/ljoy/Robomaster/PIONEER/new_rv/install/rm_planner/include/rm_planner/tinympc/codegen.hpp
[0.067s] -- Up-to-date: /home/ljoy/Robomaster/PIONEER/new_rv/install/rm_planner/include/rm_planner/tinympc/error.hpp
[0.067s] -- Up-to-date: /home/ljoy/Robomaster/PIONEER/new_rv/install/rm_planner/include/rm_planner/tinympc/tiny_api.hpp
[0.067s] -- Up-to-date: /home/ljoy/Robomaster/PIONEER/new_rv/install/rm_planner/include/rm_planner/tinympc/types.hpp
[0.067s] -- Up-to-date: /home/ljoy/Robomaster/PIONEER/new_rv/install/rm_planner/include/rm_planner/tinympc/rho_benchmark.cpp
[0.067s] -- Up-to-date: /home/ljoy/Robomaster/PIONEER/new_rv/install/rm_planner/share/rm_planner/environment/library_path.sh
[0.067s] -- Up-to-date: /home/ljoy/Robomaster/PIONEER/new_rv/install/rm_planner/share/rm_planner/environment/library_path.dsv
[0.067s] -- Up-to-date: /home/ljoy/Robomaster/PIONEER/new_rv/install/rm_planner/lib/librm_planner.so
[0.067s] -- Up-to-date: /home/ljoy/Robomaster/PIONEER/new_rv/install/rm_planner/share/ament_index/resource_index/package_run_dependencies/rm_planner
[0.067s] -- Up-to-date: /home/ljoy/Robomaster/PIONEER/new_rv/install/rm_planner/share/ament_index/resource_index/parent_prefix_path/rm_planner
[0.067s] -- Up-to-date: /home/ljoy/Robomaster/PIONEER/new_rv/install/rm_planner/share/rm_planner/environment/ament_prefix_path.sh
[0.067s] -- Up-to-date: /home/ljoy/Robomaster/PIONEER/new_rv/install/rm_planner/share/rm_planner/environment/ament_prefix_path.dsv
[0.067s] -- Up-to-date: /home/ljoy/Robomaster/PIONEER/new_rv/install/rm_planner/share/rm_planner/environment/path.sh
[0.068s] -- Up-to-date: /home/ljoy/Robomaster/PIONEER/new_rv/install/rm_planner/share/rm_planner/environment/path.dsv
[0.068s] -- Up-to-date: /home/ljoy/Robomaster/PIONEER/new_rv/install/rm_planner/share/rm_planner/local_setup.bash
[0.068s] -- Up-to-date: /home/ljoy/Robomaster/PIONEER/new_rv/install/rm_planner/share/rm_planner/local_setup.sh
[0.068s] -- Up-to-date: /home/ljoy/Robomaster/PIONEER/new_rv/install/rm_planner/share/rm_planner/local_setup.zsh
[0.068s] -- Up-to-date: /home/ljoy/Robomaster/PIONEER/new_rv/install/rm_planner/share/rm_planner/local_setup.dsv
[0.068s] -- Installing: /home/ljoy/Robomaster/PIONEER/new_rv/install/rm_planner/share/rm_planner/package.dsv
[0.068s] -- Up-to-date: /home/ljoy/Robomaster/PIONEER/new_rv/install/rm_planner/share/ament_index/resource_index/packages/rm_planner
[0.068s] -- Up-to-date: /home/ljoy/Robomaster/PIONEER/new_rv/install/rm_planner/share/ament_index/resource_index/rclcpp_components/rm_planner
[0.068s] -- Up-to-date: /home/ljoy/Robomaster/PIONEER/new_rv/install/rm_planner/share/rm_planner/cmake/ament_cmake_export_dependencies-extras.cmake
[0.068s] -- Up-to-date: /home/ljoy/Robomaster/PIONEER/new_rv/install/rm_planner/share/rm_planner/cmake/ament_cmake_export_include_directories-extras.cmake
[0.068s] -- Up-to-date: /home/ljoy/Robomaster/PIONEER/new_rv/install/rm_planner/share/rm_planner/cmake/ament_cmake_export_libraries-extras.cmake
[0.068s] -- Up-to-date: /home/ljoy/Robomaster/PIONEER/new_rv/install/rm_planner/share/rm_planner/cmake/rm_plannerConfig.cmake
[0.068s] -- Up-to-date: /home/ljoy/Robomaster/PIONEER/new_rv/install/rm_planner/share/rm_planner/cmake/rm_plannerConfig-version.cmake
[0.068s] -- Up-to-date: /home/ljoy/Robomaster/PIONEER/new_rv/install/rm_planner/share/rm_planner/package.xml
[0.069s] Invoked command in '/home/ljoy/Robomaster/PIONEER/new_rv/build/rm_planner' returned '0': CMAKE_PREFIX_PATH=/home/ljoy/Robomaster/PIONEER/new_rv/install/rm_tools:/home/ljoy/Robomaster/PIONEER/new_rv/install/auto_aim_interfaces:/home/ljoy/Robomaster/PIONEER/new_rv/install/rm_vision_bringup:/home/ljoy/Robomaster/PIONEER/new_rv/install/rm_planner:/home/ljoy/Robomaster/PIONEER/new_rv/install/armor_tracker:/home/ljoy/Robomaster/PIONEER/new_rv/install/armor_detector:/home/ljoy/Robomaster/PIONEER/new_rv/install/rm_serial_driver:/home/ljoy/Robomaster/PIONEER/new_rv/install/rm_gimbal_description:/home/ljoy/Robomaster/PIONEER/new_rv/install/hik_camera:/opt/ros/humble LD_LIBRARY_PATH=/home/ljoy/Robomaster/PIONEER/new_rv/install/rm_tools/lib:/home/ljoy/Robomaster/PIONEER/new_rv/install/auto_aim_interfaces/lib:/home/ljoy/Robomaster/PIONEER/new_rv/install/rm_planner/lib:/home/ljoy/Robomaster/PIONEER/new_rv/install/armor_tracker/lib:/home/ljoy/Robomaster/PIONEER/new_rv/install/armor_detector/lib:/home/ljoy/Robomaster/PIONEER/new_rv/install/rm_serial_driver/lib:/home/ljoy/Robomaster/PIONEER/new_rv/install/hik_camera/lib:/opt/ros/humble/opt/rviz_ogre_vendor/lib:/opt/ros/humble/lib/x86_64-linux-gnu:/opt/ros/humble/lib:/opt/MVS/lib/64:/opt/MVS/lib/32:/opt/MVS/lib/64:/opt/MVS/lib/64 /usr/bin/cmake --install /home/ljoy/Robomaster/PIONEER/new_rv/build/rm_planner
