[0.008s] Invoking command in '/home/ljoy/Robomaster/PIONEER/new_rv/build/rm_planner': AMENT_PREFIX_PATH=/home/ljoy/Robomaster/PIONEER/new_rv/install/rm_tools:/home/ljoy/Robomaster/PIONEER/new_rv/install/auto_aim_interfaces:${AMENT_PREFIX_PATH} CMAKE_PREFIX_PATH=/home/ljoy/Robomaster/PIONEER/new_rv/install/rm_tools:/home/ljoy/Robomaster/PIONEER/new_rv/install/auto_aim_interfaces:/opt/ros/humble LD_LIBRARY_PATH=/home/ljoy/Robomaster/PIONEER/new_rv/install/rm_tools/lib:/home/ljoy/Robomaster/PIONEER/new_rv/install/auto_aim_interfaces/lib:/opt/ros/humble/opt/rviz_ogre_vendor/lib:/opt/ros/humble/lib/x86_64-linux-gnu:/opt/ros/humble/lib:/opt/MVS/lib/64:/opt/MVS/lib/32:/opt/MVS/lib/64:/opt/MVS/lib/64 PYTHONPATH=/home/ljoy/Robomaster/PIONEER/new_rv/install/auto_aim_interfaces/local/lib/python3.10/dist-packages:${PYTHONPATH} /usr/bin/cmake --build /home/ljoy/Robomaster/PIONEER/new_rv/build/rm_planner -- -j32 -l32
[0.026s] [ 33%] Built target rm_planner_node
[0.039s] [ 50%] [32mBuilding CXX object CMakeFiles/rm_planner.dir/src/rm_planner.cpp.o[0m
[0.041s] [ 66%] [32mBuilding CXX object CMakeFiles/rm_planner.dir/src/rm_planner_node.cpp.o[0m
[2.274s] [01m[K/home/ljoy/Robomaster/PIONEER/new_rv/rm_planner/src/rm_planner.cpp:[m[K In member function ‘[01m[Krm_auto_aim::Plan rm_auto_aim::Planner::plan(const Target&, double, const rclcpp::Time&, std::shared_ptr<tf2_ros::Buffer>)[m[K’:
[2.274s] [01m[K/home/ljoy/Robomaster/PIONEER/new_rv/rm_planner/src/rm_planner.cpp:61:19:[m[K [01;31m[Kerror: [m[K‘[01m[Kclass rm_auto_aim::Target[m[K’ has no member named ‘[01m[Kx[m[K’; did you mean ‘[01m[Kxc[m[K’?
[2.274s]    61 |   tracking_target.[01;31m[Kx[m[K = target_position.x();
[2.274s]       |                   [01;31m[K^[m[K
[2.274s]       |                   [32m[Kxc[m[K
[2.275s] [01m[K/home/ljoy/Robomaster/PIONEER/new_rv/rm_planner/src/rm_planner.cpp:62:19:[m[K [01;31m[Kerror: [m[K‘[01m[Kclass rm_auto_aim::Target[m[K’ has no member named ‘[01m[Ky[m[K’; did you mean ‘[01m[Kyc[m[K’?
[2.275s]    62 |   tracking_target.[01;31m[Ky[m[K = target_position.y();
[2.275s]       |                   [01;31m[K^[m[K
[2.275s]       |                   [32m[Kyc[m[K
[2.275s] [01m[K/home/ljoy/Robomaster/PIONEER/new_rv/rm_planner/src/rm_planner.cpp:63:19:[m[K [01;31m[Kerror: [m[K‘[01m[Kclass rm_auto_aim::Target[m[K’ has no member named ‘[01m[Kz[m[K’; did you mean ‘[01m[Kzc[m[K’?
[2.275s]    63 |   tracking_target.[01;31m[Kz[m[K = target_position.z();
[2.275s]       |                   [01;31m[K^[m[K
[2.275s]       |                   [32m[Kzc[m[K
[2.282s] [01m[K/home/ljoy/Robomaster/PIONEER/new_rv/rm_planner/src/rm_planner.cpp:89:12:[m[K [01;31m[Kerror: [m[K‘[01m[Kget_logger[m[K’ was not declared in this scope; did you mean ‘[01m[Krclcpp::get_logger[m[K’?
[2.283s]    89 |     RCLCPP([01;31m[Kget_logger[m[K("rm_planner"), "Target solve fail!");
[2.283s]       |            [01;31m[K^~~~~~~~~~[m[K
[2.283s]       |            [32m[Krclcpp::get_logger[m[K
[2.283s] In file included from [01m[K/opt/ros/humble/include/rclcpp/rclcpp/logging.hpp:23[m[K,
[2.283s]                  from [01m[K/opt/ros/humble/include/rclcpp/rclcpp/client.hpp:40[m[K,
[2.283s]                  from [01m[K/opt/ros/humble/include/rclcpp/rclcpp/callback_group.hpp:24[m[K,
[2.283s]                  from [01m[K/opt/ros/humble/include/rclcpp/rclcpp/any_executable.hpp:20[m[K,
[2.283s]                  from [01m[K/opt/ros/humble/include/rclcpp/rclcpp/memory_strategy.hpp:25[m[K,
[2.283s]                  from [01m[K/opt/ros/humble/include/rclcpp/rclcpp/memory_strategies.hpp:18[m[K,
[2.283s]                  from [01m[K/opt/ros/humble/include/rclcpp/rclcpp/executor_options.hpp:20[m[K,
[2.283s]                  from [01m[K/opt/ros/humble/include/rclcpp/rclcpp/executor.hpp:37[m[K,
[2.283s]                  from [01m[K/opt/ros/humble/include/rclcpp/rclcpp/executors/multi_threaded_executor.hpp:25[m[K,
[2.283s]                  from [01m[K/opt/ros/humble/include/rclcpp/rclcpp/executors.hpp:21[m[K,
[2.283s]                  from [01m[K/opt/ros/humble/include/rclcpp/rclcpp/rclcpp.hpp:155[m[K,
[2.283s]                  from [01m[K/opt/ros/humble/include/tf2_ros/tf2_ros/buffer_interface.h:48[m[K,
[2.283s]                  from [01m[K/opt/ros/humble/include/tf2_ros/tf2_ros/buffer.h:42[m[K,
[2.283s]                  from [01m[K/home/ljoy/Robomaster/PIONEER/new_rv/rm_planner/include/rm_planner/rm_planner.hpp:14[m[K,
[2.283s]                  from [01m[K/home/ljoy/Robomaster/PIONEER/new_rv/rm_planner/src/rm_planner.cpp:1[m[K:
[2.283s] [01m[K/opt/ros/humble/include/rclcpp/rclcpp/logger.hpp:106:17:[m[K [01;36m[Knote: [m[K‘[01m[Krclcpp::get_logger[m[K’ declared here
[2.283s]   106 |   friend Logger [01;36m[Krclcpp[m[K::get_logger(const std::string & name);
[2.283s]       |                 [01;36m[K^~~~~~[m[K
[2.287s] [01m[K/home/ljoy/Robomaster/PIONEER/new_rv/rm_planner/src/rm_planner.cpp:89:5:[m[K [01;31m[Kerror: [m[K‘[01m[KRCLCPP[m[K’ was not declared in this scope
[2.287s]    89 |     [01;31m[KRCLCPP[m[K(get_logger("rm_planner"), "Target solve fail!");
[2.287s]       |     [01;31m[K^~~~~~[m[K
[2.302s] [01m[K/home/ljoy/Robomaster/PIONEER/new_rv/rm_planner/src/rm_planner.cpp:[m[K In member function ‘[01m[KEigen::Matrix<double, 2, 1> rm_auto_aim::Planner::aim(const rm_auto_aim::Target&, double)[m[K’:
[2.303s] [01m[K/home/ljoy/Robomaster/PIONEER/new_rv/rm_planner/src/rm_planner.cpp:190:74:[m[K [01;31m[Kerror: [m[Kpassing ‘[01m[Kconst rm_auto_aim::Target[m[K’ as ‘[01m[Kthis[m[K’ argument discards qualifiers [[01;31m[K]8;;https://gcc.gnu.org/onlinedocs/gcc/Warning-Options.html#index-fpermissive-fpermissive]8;;[m[K]
[2.303s]   190 |   std::vector<Eigen::Vector3d> armor_positions = [01;31m[Ktarget.getArmorPositions()[m[K;
[2.303s]       |                                                  [01;31m[K~~~~~~~~~~~~~~~~~~~~~~~~^~[m[K
[2.303s] In file included from [01m[K/home/ljoy/Robomaster/PIONEER/new_rv/rm_planner/include/rm_planner/rm_planner.hpp:9[m[K,
[2.303s]                  from [01m[K/home/ljoy/Robomaster/PIONEER/new_rv/rm_planner/src/rm_planner.cpp:1[m[K:
[2.303s] [01m[K/home/ljoy/Robomaster/PIONEER/new_rv/rm_planner/include/rm_planner/target.hpp:11:38:[m[K [01;36m[Knote: [m[K  in call to ‘[01m[Kstd::vector<Eigen::Matrix<double, 3, 1> > rm_auto_aim::Target::getArmorPositions()[m[K’
[2.303s]    11 |         std::vector<Eigen::Vector3d> [01;36m[KgetArmorPositions[m[K();
[2.303s]       |                                      [01;36m[K^~~~~~~~~~~~~~~~~[m[K
[2.390s] [01m[K/home/ljoy/Robomaster/PIONEER/new_rv/rm_planner/src/rm_planner_node.cpp:[m[K In constructor ‘[01m[Krm_auto_aim::RMPlannerNode::RMPlannerNode(const rclcpp::NodeOptions&)[m[K’:
[2.390s] [01m[K/home/ljoy/Robomaster/PIONEER/new_rv/rm_planner/src/rm_planner_node.cpp:36:39:[m[K [01;31m[Kerror: [m[K‘[01m[KCompensatorFactory[m[K’ has not been declared
[2.390s]    36 |   planner_->trajectory_compensator_ = [01;31m[KCompensatorFactory[m[K::createCompensator(compenstator_type);
[2.390s]       |                                       [01;31m[K^~~~~~~~~~~~~~~~~~[m[K
[2.406s] [01m[K/home/ljoy/Robomaster/PIONEER/new_rv/rm_planner/src/rm_planner_node.cpp:[m[K In member function ‘[01m[Kvoid rm_auto_aim::RMPlannerNode::timerCallback()[m[K’:
[2.406s] [01m[K/home/ljoy/Robomaster/PIONEER/new_rv/rm_planner/src/rm_planner_node.cpp:138:79:[m[K [01;31m[Kerror: [m[Kno match for ‘[01m[Koperator=[m[K’ (operand types are ‘[01m[Kauto_aim_interfaces::msg::GimbalCmd[m[K’ {aka ‘[01m[Kauto_aim_interfaces::msg::GimbalCmd_<std::allocator<void> >[m[K’} and ‘[01m[Krm_auto_aim::Plan[m[K’)
[2.406s]   138 |       control_msg = planner_->plan(armor_target_, 20, this->now(), tf2_buffer_[01;31m[K)[m[K;
[2.406s]       |                                                                               [01;31m[K^[m[K
[2.406s] In file included from [01m[K/home/ljoy/Robomaster/PIONEER/new_rv/install/auto_aim_interfaces/include/auto_aim_interfaces/auto_aim_interfaces/msg/gimbal_cmd.hpp:7[m[K,
[2.406s]                  from [01m[K/home/ljoy/Robomaster/PIONEER/new_rv/rm_planner/include/rm_planner/rm_planner_node.hpp:41[m[K,
[2.406s]                  from [01m[K/home/ljoy/Robomaster/PIONEER/new_rv/rm_planner/src/rm_planner_node.cpp:19[m[K:
[2.406s] [01m[K/home/ljoy/Robomaster/PIONEER/new_rv/install/auto_aim_interfaces/include/auto_aim_interfaces/auto_aim_interfaces/msg/detail/gimbal_cmd__struct.hpp:32:8:[m[K [01;36m[Knote: [m[Kcandidate: ‘[01m[Kconstexpr auto_aim_interfaces::msg::GimbalCmd_<std::allocator<void> >& auto_aim_interfaces::msg::GimbalCmd_<std::allocator<void> >::operator=(const auto_aim_interfaces::msg::GimbalCmd_<std::allocator<void> >&)[m[K’
[2.406s]    32 | struct [01;36m[KGimbalCmd_[m[K
[2.406s]       |        [01;36m[K^~~~~~~~~~[m[K
[2.406s] [01m[K/home/ljoy/Robomaster/PIONEER/new_rv/install/auto_aim_interfaces/include/auto_aim_interfaces/auto_aim_interfaces/msg/detail/gimbal_cmd__struct.hpp:32:8:[m[K [01;36m[Knote: [m[K  no known conversion for argument 1 from ‘[01m[Krm_auto_aim::Plan[m[K’ to ‘[01m[Kconst auto_aim_interfaces::msg::GimbalCmd_<std::allocator<void> >&[m[K’
[2.406s] [01m[K/home/ljoy/Robomaster/PIONEER/new_rv/install/auto_aim_interfaces/include/auto_aim_interfaces/auto_aim_interfaces/msg/detail/gimbal_cmd__struct.hpp:32:8:[m[K [01;36m[Knote: [m[Kcandidate: ‘[01m[Kconstexpr auto_aim_interfaces::msg::GimbalCmd_<std::allocator<void> >& auto_aim_interfaces::msg::GimbalCmd_<std::allocator<void> >::operator=(auto_aim_interfaces::msg::GimbalCmd_<std::allocator<void> >&&)[m[K’
[2.406s] [01m[K/home/ljoy/Robomaster/PIONEER/new_rv/install/auto_aim_interfaces/include/auto_aim_interfaces/auto_aim_interfaces/msg/detail/gimbal_cmd__struct.hpp:32:8:[m[K [01;36m[Knote: [m[K  no known conversion for argument 1 from ‘[01m[Krm_auto_aim::Plan[m[K’ to ‘[01m[Kauto_aim_interfaces::msg::GimbalCmd_<std::allocator<void> >&&[m[K’
[2.752s] gmake[2]: *** [CMakeFiles/rm_planner.dir/build.make:76：CMakeFiles/rm_planner.dir/src/rm_planner.cpp.o] 错误 1
[2.752s] gmake[2]: *** 正在等待未完成的任务....
[4.216s] gmake[2]: *** [CMakeFiles/rm_planner.dir/build.make:90：CMakeFiles/rm_planner.dir/src/rm_planner_node.cpp.o] 错误 1
[4.216s] gmake[1]: *** [CMakeFiles/Makefile2:139：CMakeFiles/rm_planner.dir/all] 错误 2
[4.216s] gmake: *** [Makefile:146：all] 错误 2
[4.217s] Invoked command in '/home/ljoy/Robomaster/PIONEER/new_rv/build/rm_planner' returned '2': AMENT_PREFIX_PATH=/home/ljoy/Robomaster/PIONEER/new_rv/install/rm_tools:/home/ljoy/Robomaster/PIONEER/new_rv/install/auto_aim_interfaces:${AMENT_PREFIX_PATH} CMAKE_PREFIX_PATH=/home/ljoy/Robomaster/PIONEER/new_rv/install/rm_tools:/home/ljoy/Robomaster/PIONEER/new_rv/install/auto_aim_interfaces:/opt/ros/humble LD_LIBRARY_PATH=/home/ljoy/Robomaster/PIONEER/new_rv/install/rm_tools/lib:/home/ljoy/Robomaster/PIONEER/new_rv/install/auto_aim_interfaces/lib:/opt/ros/humble/opt/rviz_ogre_vendor/lib:/opt/ros/humble/lib/x86_64-linux-gnu:/opt/ros/humble/lib:/opt/MVS/lib/64:/opt/MVS/lib/32:/opt/MVS/lib/64:/opt/MVS/lib/64 PYTHONPATH=/home/ljoy/Robomaster/PIONEER/new_rv/install/auto_aim_interfaces/local/lib/python3.10/dist-packages:${PYTHONPATH} /usr/bin/cmake --build /home/ljoy/Robomaster/PIONEER/new_rv/build/rm_planner -- -j32 -l32
