[0.015s] Invoking command in '/home/ljoy/Robomaster/PIONEER/new_rv/build/rm_tools': CMAKE_PREFIX_PATH=${CMAKE_PREFIX_PATH}:/opt/ros/humble /usr/bin/cmake --build /home/ljoy/Robomaster/PIONEER/new_rv/build/rm_tools -- -j32 -l32
[0.039s] [100%] Built target rm_tools
[0.043s] Invoked command in '/home/ljoy/Robomaster/PIONEER/new_rv/build/rm_tools' returned '0': CMAKE_PREFIX_PATH=${CMAKE_PREFIX_PATH}:/opt/ros/humble /usr/bin/cmake --build /home/ljoy/Robomaster/PIONEER/new_rv/build/rm_tools -- -j32 -l32
[0.082s] Invoking command in '/home/ljoy/Robomaster/PIONEER/new_rv/build/rm_tools': CMAKE_PREFIX_PATH=${CMAKE_PREFIX_PATH}:/opt/ros/humble /usr/bin/cmake --install /home/ljoy/Robomaster/PIONEER/new_rv/build/rm_tools
[0.087s] -- Install configuration: ""
[0.087s] -- Up-to-date: /home/ljoy/Robomaster/PIONEER/new_rv/install/rm_tools/include
[0.087s] -- Up-to-date: /home/ljoy/Robomaster/PIONEER/new_rv/install/rm_tools/include/rm_tools
[0.087s] -- Up-to-date: /home/ljoy/Robomaster/PIONEER/new_rv/install/rm_tools/include/rm_tools/pnp_solver.hpp
[0.087s] -- Up-to-date: /home/ljoy/Robomaster/PIONEER/new_rv/install/rm_tools/include/rm_tools/manual_compensator.hpp
[0.087s] -- Up-to-date: /home/ljoy/Robomaster/PIONEER/new_rv/install/rm_tools/include/rm_tools/math.hpp
[0.087s] -- Up-to-date: /home/ljoy/Robomaster/PIONEER/new_rv/install/rm_tools/include/rm_tools/extended_kalman_filter.hpp
[0.087s] -- Up-to-date: /home/ljoy/Robomaster/PIONEER/new_rv/install/rm_tools/include/rm_tools/trajectory_compensator.hpp
[0.087s] -- Up-to-date: /home/ljoy/Robomaster/PIONEER/new_rv/install/rm_tools/lib/librm_tools.so
[0.087s] -- Up-to-date: /home/ljoy/Robomaster/PIONEER/new_rv/install/rm_tools/share/rm_tools/environment/library_path.sh
[0.087s] -- Up-to-date: /home/ljoy/Robomaster/PIONEER/new_rv/install/rm_tools/share/rm_tools/environment/library_path.dsv
[0.087s] -- Up-to-date: /home/ljoy/Robomaster/PIONEER/new_rv/install/rm_tools/share/ament_index/resource_index/package_run_dependencies/rm_tools
[0.088s] -- Up-to-date: /home/ljoy/Robomaster/PIONEER/new_rv/install/rm_tools/share/ament_index/resource_index/parent_prefix_path/rm_tools
[0.088s] -- Up-to-date: /home/ljoy/Robomaster/PIONEER/new_rv/install/rm_tools/share/rm_tools/environment/ament_prefix_path.sh
[0.088s] -- Up-to-date: /home/ljoy/Robomaster/PIONEER/new_rv/install/rm_tools/share/rm_tools/environment/ament_prefix_path.dsv
[0.088s] -- Up-to-date: /home/ljoy/Robomaster/PIONEER/new_rv/install/rm_tools/share/rm_tools/environment/path.sh
[0.088s] -- Up-to-date: /home/ljoy/Robomaster/PIONEER/new_rv/install/rm_tools/share/rm_tools/environment/path.dsv
[0.088s] -- Up-to-date: /home/ljoy/Robomaster/PIONEER/new_rv/install/rm_tools/share/rm_tools/local_setup.bash
[0.088s] -- Up-to-date: /home/ljoy/Robomaster/PIONEER/new_rv/install/rm_tools/share/rm_tools/local_setup.sh
[0.088s] -- Up-to-date: /home/ljoy/Robomaster/PIONEER/new_rv/install/rm_tools/share/rm_tools/local_setup.zsh
[0.088s] -- Up-to-date: /home/ljoy/Robomaster/PIONEER/new_rv/install/rm_tools/share/rm_tools/local_setup.dsv
[0.088s] -- Installing: /home/ljoy/Robomaster/PIONEER/new_rv/install/rm_tools/share/rm_tools/package.dsv
[0.088s] -- Up-to-date: /home/ljoy/Robomaster/PIONEER/new_rv/install/rm_tools/share/ament_index/resource_index/packages/rm_tools
[0.088s] -- Up-to-date: /home/ljoy/Robomaster/PIONEER/new_rv/install/rm_tools/share/rm_tools/cmake/rm_toolsExport.cmake
[0.088s] -- Up-to-date: /home/ljoy/Robomaster/PIONEER/new_rv/install/rm_tools/share/rm_tools/cmake/rm_toolsExport-noconfig.cmake
[0.088s] -- Up-to-date: /home/ljoy/Robomaster/PIONEER/new_rv/install/rm_tools/share/rm_tools/cmake/ament_cmake_export_targets-extras.cmake
[0.088s] -- Up-to-date: /home/ljoy/Robomaster/PIONEER/new_rv/install/rm_tools/share/rm_tools/cmake/ament_cmake_export_dependencies-extras.cmake
[0.089s] -- Up-to-date: /home/ljoy/Robomaster/PIONEER/new_rv/install/rm_tools/share/rm_tools/cmake/rm_toolsConfig.cmake
[0.089s] -- Up-to-date: /home/ljoy/Robomaster/PIONEER/new_rv/install/rm_tools/share/rm_tools/cmake/rm_toolsConfig-version.cmake
[0.089s] -- Up-to-date: /home/ljoy/Robomaster/PIONEER/new_rv/install/rm_tools/share/rm_tools/package.xml
[0.089s] Invoked command in '/home/ljoy/Robomaster/PIONEER/new_rv/build/rm_tools' returned '0': CMAKE_PREFIX_PATH=${CMAKE_PREFIX_PATH}:/opt/ros/humble /usr/bin/cmake --install /home/ljoy/Robomaster/PIONEER/new_rv/build/rm_tools
