[0.009s] Invoking command in '/home/ljoy/Robomaster/PIONEER/new_rv/build/armor_detector': AMENT_PREFIX_PATH=/home/ljoy/Robomaster/PIONEER/new_rv/install/rm_tools:/home/ljoy/Robomaster/PIONEER/new_rv/install/auto_aim_interfaces:${AMENT_PREFIX_PATH} CMAKE_PREFIX_PATH=/home/ljoy/Robomaster/PIONEER/new_rv/install/rm_tools:/home/ljoy/Robomaster/PIONEER/new_rv/install/auto_aim_interfaces:/opt/ros/humble LD_LIBRARY_PATH=/home/ljoy/Robomaster/PIONEER/new_rv/install/rm_tools/lib:/home/ljoy/Robomaster/PIONEER/new_rv/install/auto_aim_interfaces/lib:/opt/ros/humble/opt/rviz_ogre_vendor/lib:/opt/ros/humble/lib/x86_64-linux-gnu:/opt/ros/humble/lib:/opt/MVS/lib/64:/opt/MVS/lib/32:/opt/MVS/lib/64:/opt/MVS/lib/64 PYTHONPATH=/home/ljoy/Robomaster/PIONEER/new_rv/install/auto_aim_interfaces/local/lib/python3.10/dist-packages:${PYTHONPATH} /usr/bin/cmake --build /home/ljoy/Robomaster/PIONEER/new_rv/build/armor_detector -- -j32 -l32
[0.025s] [ 22%] Built target armor_detector_node
[0.051s] [100%] Built target armor_detector
[0.054s] Invoked command in '/home/ljoy/Robomaster/PIONEER/new_rv/build/armor_detector' returned '0': AMENT_PREFIX_PATH=/home/ljoy/Robomaster/PIONEER/new_rv/install/rm_tools:/home/ljoy/Robomaster/PIONEER/new_rv/install/auto_aim_interfaces:${AMENT_PREFIX_PATH} CMAKE_PREFIX_PATH=/home/ljoy/Robomaster/PIONEER/new_rv/install/rm_tools:/home/ljoy/Robomaster/PIONEER/new_rv/install/auto_aim_interfaces:/opt/ros/humble LD_LIBRARY_PATH=/home/ljoy/Robomaster/PIONEER/new_rv/install/rm_tools/lib:/home/ljoy/Robomaster/PIONEER/new_rv/install/auto_aim_interfaces/lib:/opt/ros/humble/opt/rviz_ogre_vendor/lib:/opt/ros/humble/lib/x86_64-linux-gnu:/opt/ros/humble/lib:/opt/MVS/lib/64:/opt/MVS/lib/32:/opt/MVS/lib/64:/opt/MVS/lib/64 PYTHONPATH=/home/ljoy/Robomaster/PIONEER/new_rv/install/auto_aim_interfaces/local/lib/python3.10/dist-packages:${PYTHONPATH} /usr/bin/cmake --build /home/ljoy/Robomaster/PIONEER/new_rv/build/armor_detector -- -j32 -l32
[0.080s] Invoking command in '/home/ljoy/Robomaster/PIONEER/new_rv/build/armor_detector': AMENT_PREFIX_PATH=/home/ljoy/Robomaster/PIONEER/new_rv/install/rm_tools:/home/ljoy/Robomaster/PIONEER/new_rv/install/auto_aim_interfaces:${AMENT_PREFIX_PATH} CMAKE_PREFIX_PATH=/home/ljoy/Robomaster/PIONEER/new_rv/install/rm_tools:/home/ljoy/Robomaster/PIONEER/new_rv/install/auto_aim_interfaces:/opt/ros/humble LD_LIBRARY_PATH=/home/ljoy/Robomaster/PIONEER/new_rv/install/rm_tools/lib:/home/ljoy/Robomaster/PIONEER/new_rv/install/auto_aim_interfaces/lib:/opt/ros/humble/opt/rviz_ogre_vendor/lib:/opt/ros/humble/lib/x86_64-linux-gnu:/opt/ros/humble/lib:/opt/MVS/lib/64:/opt/MVS/lib/32:/opt/MVS/lib/64:/opt/MVS/lib/64 PYTHONPATH=/home/ljoy/Robomaster/PIONEER/new_rv/install/auto_aim_interfaces/local/lib/python3.10/dist-packages:${PYTHONPATH} /usr/bin/cmake --install /home/ljoy/Robomaster/PIONEER/new_rv/build/armor_detector
[0.081s] -- Install configuration: ""
[0.081s] -- Up-to-date: /home/ljoy/Robomaster/PIONEER/new_rv/install/armor_detector/lib/armor_detector/armor_detector_node
[0.081s] -- Up-to-date: /home/ljoy/Robomaster/PIONEER/new_rv/install/armor_detector/include
[0.081s] -- Up-to-date: /home/ljoy/Robomaster/PIONEER/new_rv/install/armor_detector/include/armor_detector
[0.081s] -- Up-to-date: /home/ljoy/Robomaster/PIONEER/new_rv/install/armor_detector/include/armor_detector/armor_pose_estimator.hpp
[0.081s] -- Up-to-date: /home/ljoy/Robomaster/PIONEER/new_rv/install/armor_detector/include/armor_detector/detector_node.hpp
[0.081s] -- Up-to-date: /home/ljoy/Robomaster/PIONEER/new_rv/install/armor_detector/include/armor_detector/thread_safe_quene.hpp
[0.081s] -- Up-to-date: /home/ljoy/Robomaster/PIONEER/new_rv/install/armor_detector/include/armor_detector/detector.hpp
[0.081s] -- Up-to-date: /home/ljoy/Robomaster/PIONEER/new_rv/install/armor_detector/include/armor_detector/graph_optimizer.hpp
[0.081s] -- Up-to-date: /home/ljoy/Robomaster/PIONEER/new_rv/install/armor_detector/include/armor_detector/armor.hpp
[0.081s] -- Up-to-date: /home/ljoy/Robomaster/PIONEER/new_rv/install/armor_detector/include/armor_detector/ba_solver.hpp
[0.081s] -- Up-to-date: /home/ljoy/Robomaster/PIONEER/new_rv/install/armor_detector/share/armor_detector/environment/library_path.sh
[0.081s] -- Up-to-date: /home/ljoy/Robomaster/PIONEER/new_rv/install/armor_detector/share/armor_detector/environment/library_path.dsv
[0.081s] -- Up-to-date: /home/ljoy/Robomaster/PIONEER/new_rv/install/armor_detector/lib/libarmor_detector.so
[0.081s] -- Up-to-date: /home/ljoy/Robomaster/PIONEER/new_rv/install/armor_detector/share/armor_detector/models
[0.081s] -- Up-to-date: /home/ljoy/Robomaster/PIONEER/new_rv/install/armor_detector/share/armor_detector/models/yolov5.xml
[0.082s] -- Up-to-date: /home/ljoy/Robomaster/PIONEER/new_rv/install/armor_detector/share/armor_detector/models/0708.onnx
[0.082s] -- Up-to-date: /home/ljoy/Robomaster/PIONEER/new_rv/install/armor_detector/share/armor_detector/models/yolov5.bin
[0.082s] -- Up-to-date: /home/ljoy/Robomaster/PIONEER/new_rv/install/armor_detector/share/armor_detector/models/0526.onnx
[0.082s] -- Up-to-date: /home/ljoy/Robomaster/PIONEER/new_rv/install/armor_detector/share/ament_index/resource_index/package_run_dependencies/armor_detector
[0.082s] -- Up-to-date: /home/ljoy/Robomaster/PIONEER/new_rv/install/armor_detector/share/ament_index/resource_index/parent_prefix_path/armor_detector
[0.082s] -- Up-to-date: /home/ljoy/Robomaster/PIONEER/new_rv/install/armor_detector/share/armor_detector/environment/ament_prefix_path.sh
[0.082s] -- Up-to-date: /home/ljoy/Robomaster/PIONEER/new_rv/install/armor_detector/share/armor_detector/environment/ament_prefix_path.dsv
[0.082s] -- Up-to-date: /home/ljoy/Robomaster/PIONEER/new_rv/install/armor_detector/share/armor_detector/environment/path.sh
[0.082s] -- Up-to-date: /home/ljoy/Robomaster/PIONEER/new_rv/install/armor_detector/share/armor_detector/environment/path.dsv
[0.082s] -- Up-to-date: /home/ljoy/Robomaster/PIONEER/new_rv/install/armor_detector/share/armor_detector/local_setup.bash
[0.082s] -- Up-to-date: /home/ljoy/Robomaster/PIONEER/new_rv/install/armor_detector/share/armor_detector/local_setup.sh
[0.082s] -- Up-to-date: /home/ljoy/Robomaster/PIONEER/new_rv/install/armor_detector/share/armor_detector/local_setup.zsh
[0.082s] -- Up-to-date: /home/ljoy/Robomaster/PIONEER/new_rv/install/armor_detector/share/armor_detector/local_setup.dsv
[0.082s] -- Installing: /home/ljoy/Robomaster/PIONEER/new_rv/install/armor_detector/share/armor_detector/package.dsv
[0.082s] -- Up-to-date: /home/ljoy/Robomaster/PIONEER/new_rv/install/armor_detector/share/ament_index/resource_index/packages/armor_detector
[0.082s] -- Up-to-date: /home/ljoy/Robomaster/PIONEER/new_rv/install/armor_detector/share/ament_index/resource_index/rclcpp_components/armor_detector
[0.082s] -- Up-to-date: /home/ljoy/Robomaster/PIONEER/new_rv/install/armor_detector/share/armor_detector/cmake/ament_cmake_export_dependencies-extras.cmake
[0.082s] -- Up-to-date: /home/ljoy/Robomaster/PIONEER/new_rv/install/armor_detector/share/armor_detector/cmake/ament_cmake_export_include_directories-extras.cmake
[0.082s] -- Up-to-date: /home/ljoy/Robomaster/PIONEER/new_rv/install/armor_detector/share/armor_detector/cmake/ament_cmake_export_libraries-extras.cmake
[0.082s] -- Up-to-date: /home/ljoy/Robomaster/PIONEER/new_rv/install/armor_detector/share/armor_detector/cmake/armor_detectorConfig.cmake
[0.083s] -- Up-to-date: /home/ljoy/Robomaster/PIONEER/new_rv/install/armor_detector/share/armor_detector/cmake/armor_detectorConfig-version.cmake
[0.083s] -- Up-to-date: /home/ljoy/Robomaster/PIONEER/new_rv/install/armor_detector/share/armor_detector/package.xml
[0.083s] Invoked command in '/home/ljoy/Robomaster/PIONEER/new_rv/build/armor_detector' returned '0': AMENT_PREFIX_PATH=/home/ljoy/Robomaster/PIONEER/new_rv/install/rm_tools:/home/ljoy/Robomaster/PIONEER/new_rv/install/auto_aim_interfaces:${AMENT_PREFIX_PATH} CMAKE_PREFIX_PATH=/home/ljoy/Robomaster/PIONEER/new_rv/install/rm_tools:/home/ljoy/Robomaster/PIONEER/new_rv/install/auto_aim_interfaces:/opt/ros/humble LD_LIBRARY_PATH=/home/ljoy/Robomaster/PIONEER/new_rv/install/rm_tools/lib:/home/ljoy/Robomaster/PIONEER/new_rv/install/auto_aim_interfaces/lib:/opt/ros/humble/opt/rviz_ogre_vendor/lib:/opt/ros/humble/lib/x86_64-linux-gnu:/opt/ros/humble/lib:/opt/MVS/lib/64:/opt/MVS/lib/32:/opt/MVS/lib/64:/opt/MVS/lib/64 PYTHONPATH=/home/ljoy/Robomaster/PIONEER/new_rv/install/auto_aim_interfaces/local/lib/python3.10/dist-packages:${PYTHONPATH} /usr/bin/cmake --install /home/ljoy/Robomaster/PIONEER/new_rv/build/armor_detector
