[0.009s] Invoking command in '/home/ljoy/Robomaster/PIONEER/new_rv/build/hik_camera': CMAKE_PREFIX_PATH=/opt/ros/humble /usr/bin/cmake /home/ljoy/Robomaster/PIONEER/new_rv/hik_camera -DCMAKE_INSTALL_PREFIX=/home/ljoy/Robomaster/PIONEER/new_rv/install/hik_camera
[0.036s] -- The C compiler identification is GNU 11.4.0
[0.069s] -- The CXX compiler identification is GNU 11.4.0
[0.076s] -- Detecting C compiler ABI info
[0.110s] -- Detecting C compiler ABI info - done
[0.124s] -- Check for working C compiler: /usr/bin/cc - skipped
[0.124s] -- Detecting C compile features
[0.124s] -- Detecting C compile features - done
[0.127s] -- Detecting CXX compiler ABI info
[0.170s] -- Detecting CXX compiler ABI info - done
[0.181s] -- Check for working CXX compiler: /usr/bin/c++ - skipped
[0.181s] -- Detecting CXX compile features
[0.181s] -- Detecting CXX compile features - done
[0.183s] -- Found ament_cmake_auto: 1.3.10 (/opt/ros/humble/share/ament_cmake_auto/cmake)
[0.252s] -- Found Python3: /usr/bin/python3 (found version "3.10.12") found components: Interpreter
[0.357s] -- Found rosidl_generator_c: 3.1.5 (/opt/ros/humble/share/rosidl_generator_c/cmake)
[0.360s] -- Found rosidl_adapter: 3.1.5 (/opt/ros/humble/share/rosidl_adapter/cmake)
[0.366s] -- Found rosidl_generator_cpp: 3.1.5 (/opt/ros/humble/share/rosidl_generator_cpp/cmake)
[0.373s] -- Using all available rosidl_typesupport_c: rosidl_typesupport_fastrtps_c;rosidl_typesupport_introspection_c
[0.384s] -- Using all available rosidl_typesupport_cpp: rosidl_typesupport_fastrtps_cpp;rosidl_typesupport_introspection_cpp
[0.412s] -- Found rmw_implementation_cmake: 6.1.2 (/opt/ros/humble/share/rmw_implementation_cmake/cmake)
[0.414s] -- Found rmw_fastrtps_cpp: 6.2.7 (/opt/ros/humble/share/rmw_fastrtps_cpp/cmake)
[0.470s] -- Found OpenSSL: /usr/lib/x86_64-linux-gnu/libcrypto.so (found version "3.0.2")
[0.491s] -- Found FastRTPS: /opt/ros/humble/include
[0.520s] -- Using RMW implementation 'rmw_fastrtps_cpp' as default
[0.525s] -- Performing Test CMAKE_HAVE_LIBC_PTHREAD
[0.563s] -- Performing Test CMAKE_HAVE_LIBC_PTHREAD - Success
[0.564s] -- Found Threads: TRUE
[0.689s] -- Found ament_lint_auto: 0.12.11 (/opt/ros/humble/share/ament_lint_auto/cmake)
[0.703s] -- Added test 'cppcheck' to perform static code analysis on C / C++ code
[0.703s] -- Configured cppcheck include dirs: /home/ljoy/Robomaster/PIONEER/new_rv/hik_camera/hikSDK/include
[0.703s] -- Configured cppcheck exclude dirs and/or files: 
[0.704s] -- Added test 'lint_cmake' to check CMake code style
[0.705s] -- Added test 'pep257' to check Python code against some of the docstring style conventions in PEP 257
[0.706s] -- Added test 'xmllint' to check XML markup files
[0.707s] -- Configuring done (0.7s)
[0.716s] -- Generating done (0.0s)
[0.718s] -- Build files have been written to: /home/ljoy/Robomaster/PIONEER/new_rv/build/hik_camera
[0.725s] Invoked command in '/home/ljoy/Robomaster/PIONEER/new_rv/build/hik_camera' returned '0': CMAKE_PREFIX_PATH=/opt/ros/humble /usr/bin/cmake /home/ljoy/Robomaster/PIONEER/new_rv/hik_camera -DCMAKE_INSTALL_PREFIX=/home/ljoy/Robomaster/PIONEER/new_rv/install/hik_camera
[0.726s] Invoking command in '/home/ljoy/Robomaster/PIONEER/new_rv/build/hik_camera': CMAKE_PREFIX_PATH=/opt/ros/humble /usr/bin/cmake --build /home/ljoy/Robomaster/PIONEER/new_rv/build/hik_camera -- -j32 -l32
[0.739s] [ 25%] [32mBuilding CXX object CMakeFiles/hik_camera.dir/src/hik_camera_node.cpp.o[0m
[0.740s] [ 50%] [32mBuilding CXX object CMakeFiles/hik_camera_node.dir/rclcpp_components/node_main_hik_camera_node.cpp.o[0m
[2.309s] [ 75%] [32m[1mLinking CXX shared library libhik_camera.so[0m
[2.506s] [ 75%] Built target hik_camera
[2.755s] [100%] [32m[1mLinking CXX executable hik_camera_node[0m
[2.815s] [100%] Built target hik_camera_node
[2.818s] Invoked command in '/home/ljoy/Robomaster/PIONEER/new_rv/build/hik_camera' returned '0': CMAKE_PREFIX_PATH=/opt/ros/humble /usr/bin/cmake --build /home/ljoy/Robomaster/PIONEER/new_rv/build/hik_camera -- -j32 -l32
[2.832s] Invoking command in '/home/ljoy/Robomaster/PIONEER/new_rv/build/hik_camera': CMAKE_PREFIX_PATH=/opt/ros/humble /usr/bin/cmake --install /home/ljoy/Robomaster/PIONEER/new_rv/build/hik_camera
[2.833s] -- Install configuration: ""
[2.833s] -- Installing: /home/ljoy/Robomaster/PIONEER/new_rv/install/hik_camera/lib
[2.833s] -- Installing: /home/ljoy/Robomaster/PIONEER/new_rv/install/hik_camera/lib/libMVRender.so
[2.834s] -- Installing: /home/ljoy/Robomaster/PIONEER/new_rv/install/hik_camera/lib/libMvUsb3vTL.so
[2.839s] -- Installing: /home/ljoy/Robomaster/PIONEER/new_rv/install/hik_camera/lib/libFormatConversion.so
[2.839s] -- Installing: /home/ljoy/Robomaster/PIONEER/new_rv/install/hik_camera/lib/libMvCameraControl.so
[2.844s] -- Installing: /home/ljoy/Robomaster/PIONEER/new_rv/install/hik_camera/lib/libMediaProcess.so
[2.846s] -- Installing: /home/ljoy/Robomaster/PIONEER/new_rv/install/hik_camera/lib/hik_camera/hik_camera_node
[2.847s] -- Set non-toolchain portion of runtime path of "/home/ljoy/Robomaster/PIONEER/new_rv/install/hik_camera/lib/hik_camera/hik_camera_node" to ""
[2.847s] -- Installing: /home/ljoy/Robomaster/PIONEER/new_rv/install/hik_camera/share/hik_camera/environment/library_path.sh
[2.847s] -- Installing: /home/ljoy/Robomaster/PIONEER/new_rv/install/hik_camera/share/hik_camera/environment/library_path.dsv
[2.847s] -- Installing: /home/ljoy/Robomaster/PIONEER/new_rv/install/hik_camera/lib/libhik_camera.so
[2.847s] -- Set non-toolchain portion of runtime path of "/home/ljoy/Robomaster/PIONEER/new_rv/install/hik_camera/lib/libhik_camera.so" to ""
[2.848s] -- Installing: /home/ljoy/Robomaster/PIONEER/new_rv/install/hik_camera/share/hik_camera/launch
[2.848s] -- Installing: /home/ljoy/Robomaster/PIONEER/new_rv/install/hik_camera/share/hik_camera/launch/hik_camera_launch.py
[2.848s] -- Installing: /home/ljoy/Robomaster/PIONEER/new_rv/install/hik_camera/share/hik_camera/config
[2.848s] -- Installing: /home/ljoy/Robomaster/PIONEER/new_rv/install/hik_camera/share/hik_camera/config/camera_info.yaml
[2.848s] -- Installing: /home/ljoy/Robomaster/PIONEER/new_rv/install/hik_camera/share/hik_camera/config/camera_params.yaml
[2.848s] -- Installing: /home/ljoy/Robomaster/PIONEER/new_rv/install/hik_camera/share/ament_index/resource_index/package_run_dependencies/hik_camera
[2.848s] -- Installing: /home/ljoy/Robomaster/PIONEER/new_rv/install/hik_camera/share/ament_index/resource_index/parent_prefix_path/hik_camera
[2.848s] -- Installing: /home/ljoy/Robomaster/PIONEER/new_rv/install/hik_camera/share/hik_camera/environment/ament_prefix_path.sh
[2.848s] -- Installing: /home/ljoy/Robomaster/PIONEER/new_rv/install/hik_camera/share/hik_camera/environment/ament_prefix_path.dsv
[2.848s] -- Installing: /home/ljoy/Robomaster/PIONEER/new_rv/install/hik_camera/share/hik_camera/environment/path.sh
[2.848s] -- Installing: /home/ljoy/Robomaster/PIONEER/new_rv/install/hik_camera/share/hik_camera/environment/path.dsv
[2.848s] -- Installing: /home/ljoy/Robomaster/PIONEER/new_rv/install/hik_camera/share/hik_camera/local_setup.bash
[2.848s] -- Installing: /home/ljoy/Robomaster/PIONEER/new_rv/install/hik_camera/share/hik_camera/local_setup.sh
[2.849s] -- Installing: /home/ljoy/Robomaster/PIONEER/new_rv/install/hik_camera/share/hik_camera/local_setup.zsh
[2.849s] -- Installing: /home/ljoy/Robomaster/PIONEER/new_rv/install/hik_camera/share/hik_camera/local_setup.dsv
[2.849s] -- Installing: /home/ljoy/Robomaster/PIONEER/new_rv/install/hik_camera/share/hik_camera/package.dsv
[2.849s] -- Installing: /home/ljoy/Robomaster/PIONEER/new_rv/install/hik_camera/share/ament_index/resource_index/packages/hik_camera
[2.849s] -- Installing: /home/ljoy/Robomaster/PIONEER/new_rv/install/hik_camera/share/ament_index/resource_index/rclcpp_components/hik_camera
[2.849s] -- Installing: /home/ljoy/Robomaster/PIONEER/new_rv/install/hik_camera/share/hik_camera/cmake/ament_cmake_export_dependencies-extras.cmake
[2.849s] -- Installing: /home/ljoy/Robomaster/PIONEER/new_rv/install/hik_camera/share/hik_camera/cmake/ament_cmake_export_libraries-extras.cmake
[2.849s] -- Installing: /home/ljoy/Robomaster/PIONEER/new_rv/install/hik_camera/share/hik_camera/cmake/hik_cameraConfig.cmake
[2.849s] -- Installing: /home/ljoy/Robomaster/PIONEER/new_rv/install/hik_camera/share/hik_camera/cmake/hik_cameraConfig-version.cmake
[2.849s] -- Installing: /home/ljoy/Robomaster/PIONEER/new_rv/install/hik_camera/share/hik_camera/package.xml
[2.851s] Invoked command in '/home/ljoy/Robomaster/PIONEER/new_rv/build/hik_camera' returned '0': CMAKE_PREFIX_PATH=/opt/ros/humble /usr/bin/cmake --install /home/ljoy/Robomaster/PIONEER/new_rv/build/hik_camera
