[0.008s] Invoking command in '/home/ljoy/Robomaster/PIONEER/new_rv/build/rm_gimbal_description': CMAKE_PREFIX_PATH=/opt/ros/humble /usr/bin/cmake /home/ljoy/Robomaster/PIONEER/new_rv/rm_gimbal_description -DCMAKE_INSTALL_PREFIX=/home/ljoy/Robomaster/PIONEER/new_rv/install/rm_gimbal_description
[0.035s] -- The C compiler identification is GNU 11.4.0
[0.068s] -- The CXX compiler identification is GNU 11.4.0
[0.075s] -- Detecting C compiler ABI info
[0.108s] -- Detecting C compiler ABI info - done
[0.122s] -- Check for working C compiler: /usr/bin/cc - skipped
[0.122s] -- Detecting C compile features
[0.122s] -- Detecting C compile features - done
[0.125s] -- Detecting CXX compiler ABI info
[0.166s] -- Detecting CXX compiler ABI info - done
[0.176s] -- Check for working CXX compiler: /usr/bin/c++ - skipped
[0.176s] -- Detecting CXX compile features
[0.177s] -- Detecting CXX compile features - done
[0.178s] -- Found ament_cmake: 1.3.11 (/opt/ros/humble/share/ament_cmake/cmake)
[0.247s] -- Found Python3: /usr/bin/python3 (found version "3.10.12") found components: Interpreter
[0.291s] -- Found ament_lint_auto: 0.12.11 (/opt/ros/humble/share/ament_lint_auto/cmake)
[0.334s] -- Added test 'lint_cmake' to check CMake code style
[0.344s] -- Added test 'xmllint' to check XML markup files
[0.345s] -- Configuring done (0.3s)
[0.347s] -- Generating done (0.0s)
[0.347s] -- Build files have been written to: /home/ljoy/Robomaster/PIONEER/new_rv/build/rm_gimbal_description
[0.350s] Invoked command in '/home/ljoy/Robomaster/PIONEER/new_rv/build/rm_gimbal_description' returned '0': CMAKE_PREFIX_PATH=/opt/ros/humble /usr/bin/cmake /home/ljoy/Robomaster/PIONEER/new_rv/rm_gimbal_description -DCMAKE_INSTALL_PREFIX=/home/ljoy/Robomaster/PIONEER/new_rv/install/rm_gimbal_description
[0.352s] Invoking command in '/home/ljoy/Robomaster/PIONEER/new_rv/build/rm_gimbal_description': CMAKE_PREFIX_PATH=/opt/ros/humble /usr/bin/cmake --build /home/ljoy/Robomaster/PIONEER/new_rv/build/rm_gimbal_description -- -j32 -l32
[0.359s] Invoked command in '/home/ljoy/Robomaster/PIONEER/new_rv/build/rm_gimbal_description' returned '0': CMAKE_PREFIX_PATH=/opt/ros/humble /usr/bin/cmake --build /home/ljoy/Robomaster/PIONEER/new_rv/build/rm_gimbal_description -- -j32 -l32
[0.371s] Invoking command in '/home/ljoy/Robomaster/PIONEER/new_rv/build/rm_gimbal_description': CMAKE_PREFIX_PATH=/opt/ros/humble /usr/bin/cmake --install /home/ljoy/Robomaster/PIONEER/new_rv/build/rm_gimbal_description
[0.371s] -- Install configuration: ""
[0.371s] -- Installing: /home/ljoy/Robomaster/PIONEER/new_rv/install/rm_gimbal_description/share/rm_gimbal_description/urdf
[0.371s] -- Installing: /home/ljoy/Robomaster/PIONEER/new_rv/install/rm_gimbal_description/share/rm_gimbal_description/urdf/rm_gimbal.urdf.xacro
[0.372s] -- Installing: /home/ljoy/Robomaster/PIONEER/new_rv/install/rm_gimbal_description/share/ament_index/resource_index/package_run_dependencies/rm_gimbal_description
[0.372s] -- Installing: /home/ljoy/Robomaster/PIONEER/new_rv/install/rm_gimbal_description/share/ament_index/resource_index/parent_prefix_path/rm_gimbal_description
[0.372s] -- Installing: /home/ljoy/Robomaster/PIONEER/new_rv/install/rm_gimbal_description/share/rm_gimbal_description/environment/ament_prefix_path.sh
[0.372s] -- Installing: /home/ljoy/Robomaster/PIONEER/new_rv/install/rm_gimbal_description/share/rm_gimbal_description/environment/ament_prefix_path.dsv
[0.372s] -- Installing: /home/ljoy/Robomaster/PIONEER/new_rv/install/rm_gimbal_description/share/rm_gimbal_description/environment/path.sh
[0.372s] -- Installing: /home/ljoy/Robomaster/PIONEER/new_rv/install/rm_gimbal_description/share/rm_gimbal_description/environment/path.dsv
[0.372s] -- Installing: /home/ljoy/Robomaster/PIONEER/new_rv/install/rm_gimbal_description/share/rm_gimbal_description/local_setup.bash
[0.372s] -- Installing: /home/ljoy/Robomaster/PIONEER/new_rv/install/rm_gimbal_description/share/rm_gimbal_description/local_setup.sh
[0.372s] -- Installing: /home/ljoy/Robomaster/PIONEER/new_rv/install/rm_gimbal_description/share/rm_gimbal_description/local_setup.zsh
[0.372s] -- Installing: /home/ljoy/Robomaster/PIONEER/new_rv/install/rm_gimbal_description/share/rm_gimbal_description/local_setup.dsv
[0.372s] -- Installing: /home/ljoy/Robomaster/PIONEER/new_rv/install/rm_gimbal_description/share/rm_gimbal_description/package.dsv
[0.373s] -- Installing: /home/ljoy/Robomaster/PIONEER/new_rv/install/rm_gimbal_description/share/ament_index/resource_index/packages/rm_gimbal_description
[0.373s] -- Installing: /home/ljoy/Robomaster/PIONEER/new_rv/install/rm_gimbal_description/share/rm_gimbal_description/cmake/rm_gimbal_descriptionConfig.cmake
[0.373s] -- Installing: /home/ljoy/Robomaster/PIONEER/new_rv/install/rm_gimbal_description/share/rm_gimbal_description/cmake/rm_gimbal_descriptionConfig-version.cmake
[0.373s] -- Installing: /home/ljoy/Robomaster/PIONEER/new_rv/install/rm_gimbal_description/share/rm_gimbal_description/package.xml
[0.374s] Invoked command in '/home/ljoy/Robomaster/PIONEER/new_rv/build/rm_gimbal_description' returned '0': CMAKE_PREFIX_PATH=/opt/ros/humble /usr/bin/cmake --install /home/ljoy/Robomaster/PIONEER/new_rv/build/rm_gimbal_description
