[0.011s] Invoking command in '/home/ljoy/Robomaster/PIONEER/new_rv/build/rm_serial_driver': AMENT_PREFIX_PATH=/home/ljoy/Robomaster/PIONEER/new_rv/install/auto_aim_interfaces CMAKE_PREFIX_PATH=/home/ljoy/Robomaster/PIONEER/new_rv/install/auto_aim_interfaces LD_LIBRARY_PATH=/home/ljoy/Robomaster/PIONEER/new_rv/install/auto_aim_interfaces/lib:/opt/MVS/lib/64:/opt/MVS/lib/32:/opt/MVS/lib/64:/opt/MVS/lib/64 PYTHONPATH=/home/ljoy/Robomaster/PIONEER/new_rv/install/auto_aim_interfaces/local/lib/python3.10/dist-packages /usr/bin/cmake --build /home/ljoy/Robomaster/PIONEER/new_rv/build/rm_serial_driver -- -j32 -l32
[0.028s] [ 25%] Built target rm_serial_driver_node
[0.028s] [ 50%] Built target virtual_serial_node
[0.031s] [100%] Built target rm_serial_driver
[0.034s] Invoked command in '/home/ljoy/Robomaster/PIONEER/new_rv/build/rm_serial_driver' returned '0': AMENT_PREFIX_PATH=/home/ljoy/Robomaster/PIONEER/new_rv/install/auto_aim_interfaces CMAKE_PREFIX_PATH=/home/ljoy/Robomaster/PIONEER/new_rv/install/auto_aim_interfaces LD_LIBRARY_PATH=/home/ljoy/Robomaster/PIONEER/new_rv/install/auto_aim_interfaces/lib:/opt/MVS/lib/64:/opt/MVS/lib/32:/opt/MVS/lib/64:/opt/MVS/lib/64 PYTHONPATH=/home/ljoy/Robomaster/PIONEER/new_rv/install/auto_aim_interfaces/local/lib/python3.10/dist-packages /usr/bin/cmake --build /home/ljoy/Robomaster/PIONEER/new_rv/build/rm_serial_driver -- -j32 -l32
[0.053s] Invoking command in '/home/ljoy/Robomaster/PIONEER/new_rv/build/rm_serial_driver': AMENT_PREFIX_PATH=/home/ljoy/Robomaster/PIONEER/new_rv/install/auto_aim_interfaces CMAKE_PREFIX_PATH=/home/ljoy/Robomaster/PIONEER/new_rv/install/auto_aim_interfaces LD_LIBRARY_PATH=/home/ljoy/Robomaster/PIONEER/new_rv/install/auto_aim_interfaces/lib:/opt/MVS/lib/64:/opt/MVS/lib/32:/opt/MVS/lib/64:/opt/MVS/lib/64 PYTHONPATH=/home/ljoy/Robomaster/PIONEER/new_rv/install/auto_aim_interfaces/local/lib/python3.10/dist-packages /usr/bin/cmake --install /home/ljoy/Robomaster/PIONEER/new_rv/build/rm_serial_driver
[0.054s] -- Install configuration: ""
[0.054s] -- Up-to-date: /home/ljoy/Robomaster/PIONEER/new_rv/install/rm_serial_driver/lib/rm_serial_driver/rm_serial_driver_node
[0.056s] -- Up-to-date: /home/ljoy/Robomaster/PIONEER/new_rv/install/rm_serial_driver/lib/rm_serial_driver/virtual_serial_node
[0.056s] -- Up-to-date: /home/ljoy/Robomaster/PIONEER/new_rv/install/rm_serial_driver/include
[0.056s] -- Up-to-date: /home/ljoy/Robomaster/PIONEER/new_rv/install/rm_serial_driver/include/rm_serial_driver
[0.056s] -- Up-to-date: /home/ljoy/Robomaster/PIONEER/new_rv/install/rm_serial_driver/include/rm_serial_driver/rm_serial_driver.hpp
[0.056s] -- Up-to-date: /home/ljoy/Robomaster/PIONEER/new_rv/install/rm_serial_driver/include/rm_serial_driver/packet.hpp
[0.056s] -- Up-to-date: /home/ljoy/Robomaster/PIONEER/new_rv/install/rm_serial_driver/include/rm_serial_driver/crc.hpp
[0.056s] -- Up-to-date: /home/ljoy/Robomaster/PIONEER/new_rv/install/rm_serial_driver/share/rm_serial_driver/environment/library_path.sh
[0.056s] -- Up-to-date: /home/ljoy/Robomaster/PIONEER/new_rv/install/rm_serial_driver/share/rm_serial_driver/environment/library_path.dsv
[0.056s] -- Up-to-date: /home/ljoy/Robomaster/PIONEER/new_rv/install/rm_serial_driver/lib/librm_serial_driver.so
[0.056s] -- Up-to-date: /home/ljoy/Robomaster/PIONEER/new_rv/install/rm_serial_driver/share/rm_serial_driver/config
[0.056s] -- Up-to-date: /home/ljoy/Robomaster/PIONEER/new_rv/install/rm_serial_driver/share/rm_serial_driver/config/serial_driver.yaml
[0.056s] -- Up-to-date: /home/ljoy/Robomaster/PIONEER/new_rv/install/rm_serial_driver/share/rm_serial_driver/launch
[0.056s] -- Up-to-date: /home/ljoy/Robomaster/PIONEER/new_rv/install/rm_serial_driver/share/rm_serial_driver/launch/serial_driver.launch.py
[0.056s] -- Up-to-date: /home/ljoy/Robomaster/PIONEER/new_rv/install/rm_serial_driver/share/ament_index/resource_index/package_run_dependencies/rm_serial_driver
[0.056s] -- Up-to-date: /home/ljoy/Robomaster/PIONEER/new_rv/install/rm_serial_driver/share/ament_index/resource_index/parent_prefix_path/rm_serial_driver
[0.056s] -- Up-to-date: /home/ljoy/Robomaster/PIONEER/new_rv/install/rm_serial_driver/share/rm_serial_driver/environment/ament_prefix_path.sh
[0.057s] -- Up-to-date: /home/ljoy/Robomaster/PIONEER/new_rv/install/rm_serial_driver/share/rm_serial_driver/environment/ament_prefix_path.dsv
[0.057s] -- Up-to-date: /home/ljoy/Robomaster/PIONEER/new_rv/install/rm_serial_driver/share/rm_serial_driver/environment/path.sh
[0.057s] -- Up-to-date: /home/ljoy/Robomaster/PIONEER/new_rv/install/rm_serial_driver/share/rm_serial_driver/environment/path.dsv
[0.057s] -- Up-to-date: /home/ljoy/Robomaster/PIONEER/new_rv/install/rm_serial_driver/share/rm_serial_driver/local_setup.bash
[0.057s] -- Up-to-date: /home/ljoy/Robomaster/PIONEER/new_rv/install/rm_serial_driver/share/rm_serial_driver/local_setup.sh
[0.057s] -- Up-to-date: /home/ljoy/Robomaster/PIONEER/new_rv/install/rm_serial_driver/share/rm_serial_driver/local_setup.zsh
[0.057s] -- Up-to-date: /home/ljoy/Robomaster/PIONEER/new_rv/install/rm_serial_driver/share/rm_serial_driver/local_setup.dsv
[0.057s] -- Installing: /home/ljoy/Robomaster/PIONEER/new_rv/install/rm_serial_driver/share/rm_serial_driver/package.dsv
[0.057s] -- Up-to-date: /home/ljoy/Robomaster/PIONEER/new_rv/install/rm_serial_driver/share/ament_index/resource_index/packages/rm_serial_driver
[0.057s] -- Up-to-date: /home/ljoy/Robomaster/PIONEER/new_rv/install/rm_serial_driver/share/ament_index/resource_index/rclcpp_components/rm_serial_driver
[0.057s] -- Up-to-date: /home/ljoy/Robomaster/PIONEER/new_rv/install/rm_serial_driver/share/rm_serial_driver/cmake/ament_cmake_export_dependencies-extras.cmake
[0.057s] -- Up-to-date: /home/ljoy/Robomaster/PIONEER/new_rv/install/rm_serial_driver/share/rm_serial_driver/cmake/ament_cmake_export_include_directories-extras.cmake
[0.057s] -- Up-to-date: /home/ljoy/Robomaster/PIONEER/new_rv/install/rm_serial_driver/share/rm_serial_driver/cmake/ament_cmake_export_libraries-extras.cmake
[0.057s] -- Up-to-date: /home/ljoy/Robomaster/PIONEER/new_rv/install/rm_serial_driver/share/rm_serial_driver/cmake/rm_serial_driverConfig.cmake
[0.057s] -- Up-to-date: /home/ljoy/Robomaster/PIONEER/new_rv/install/rm_serial_driver/share/rm_serial_driver/cmake/rm_serial_driverConfig-version.cmake
[0.057s] -- Up-to-date: /home/ljoy/Robomaster/PIONEER/new_rv/install/rm_serial_driver/share/rm_serial_driver/package.xml
[0.062s] Invoked command in '/home/ljoy/Robomaster/PIONEER/new_rv/build/rm_serial_driver' returned '0': AMENT_PREFIX_PATH=/home/ljoy/Robomaster/PIONEER/new_rv/install/auto_aim_interfaces CMAKE_PREFIX_PATH=/home/ljoy/Robomaster/PIONEER/new_rv/install/auto_aim_interfaces LD_LIBRARY_PATH=/home/ljoy/Robomaster/PIONEER/new_rv/install/auto_aim_interfaces/lib:/opt/MVS/lib/64:/opt/MVS/lib/32:/opt/MVS/lib/64:/opt/MVS/lib/64 PYTHONPATH=/home/ljoy/Robomaster/PIONEER/new_rv/install/auto_aim_interfaces/local/lib/python3.10/dist-packages /usr/bin/cmake --install /home/ljoy/Robomaster/PIONEER/new_rv/build/rm_serial_driver
