[0.009s] Invoking command in '/home/ljoy/Robomaster/PIONEER/new_rv/build/auto_aim_interfaces': /usr/bin/cmake --build /home/ljoy/Robomaster/PIONEER/new_rv/build/auto_aim_interfaces -- -j32 -l32
[0.028s] [  0%] Built target auto_aim_interfaces__cpp
[0.031s] [ 12%] Built target auto_aim_interfaces__rosidl_generator_c
[0.033s] [ 12%] Built target ament_cmake_python_copy_auto_aim_interfaces
[0.039s] [ 24%] Built target auto_aim_interfaces__rosidl_typesupport_cpp
[0.040s] [ 36%] Built target auto_aim_interfaces__rosidl_typesupport_introspection_cpp
[0.041s] [ 47%] Built target auto_aim_interfaces__rosidl_typesupport_c
[0.041s] [ 58%] Built target auto_aim_interfaces__rosidl_typesupport_fastrtps_cpp
[0.042s] [ 70%] Built target auto_aim_interfaces__rosidl_typesupport_introspection_c
[0.042s] [ 82%] Built target auto_aim_interfaces__rosidl_typesupport_fastrtps_c
[0.050s] [ 82%] Built target auto_aim_interfaces
[0.057s] [ 83%] Built target auto_aim_interfaces__py
[0.068s] [ 94%] Built target auto_aim_interfaces__rosidl_generator_py
[0.076s] [ 96%] Built target auto_aim_interfaces__rosidl_typesupport_fastrtps_c__pyext
[0.076s] [100%] Built target auto_aim_interfaces__rosidl_typesupport_introspection_c__pyext
[0.076s] [100%] Built target auto_aim_interfaces__rosidl_typesupport_c__pyext
[0.159s] running egg_info
[0.160s] writing auto_aim_interfaces.egg-info/PKG-INFO
[0.160s] writing dependency_links to auto_aim_interfaces.egg-info/dependency_links.txt
[0.160s] writing top-level names to auto_aim_interfaces.egg-info/top_level.txt
[0.162s] reading manifest file 'auto_aim_interfaces.egg-info/SOURCES.txt'
[0.162s] writing manifest file 'auto_aim_interfaces.egg-info/SOURCES.txt'
[0.176s] [100%] Built target ament_cmake_python_build_auto_aim_interfaces_egg
[0.180s] Invoked command in '/home/ljoy/Robomaster/PIONEER/new_rv/build/auto_aim_interfaces' returned '0': /usr/bin/cmake --build /home/ljoy/Robomaster/PIONEER/new_rv/build/auto_aim_interfaces -- -j32 -l32
