[0.009s] Invoking command in '/home/ljoy/Robomaster/PIONEER/new_rv/build/armor_detector': AMENT_PREFIX_PATH=/home/ljoy/Robomaster/PIONEER/new_rv/install/rm_tools:/home/ljoy/Robomaster/PIONEER/new_rv/install/auto_aim_interfaces:${AMENT_PREFIX_PATH} CMAKE_PREFIX_PATH=/home/ljoy/Robomaster/PIONEER/new_rv/install/rm_tools:/home/ljoy/Robomaster/PIONEER/new_rv/install/auto_aim_interfaces:/opt/ros/humble LD_LIBRARY_PATH=/home/ljoy/Robomaster/PIONEER/new_rv/install/rm_tools/lib:/home/ljoy/Robomaster/PIONEER/new_rv/install/auto_aim_interfaces/lib:/opt/ros/humble/opt/rviz_ogre_vendor/lib:/opt/ros/humble/lib/x86_64-linux-gnu:/opt/ros/humble/lib:/opt/MVS/lib/64:/opt/MVS/lib/32:/opt/MVS/lib/64:/opt/MVS/lib/64 PYTHONPATH=/home/ljoy/Robomaster/PIONEER/new_rv/install/auto_aim_interfaces/local/lib/python3.10/dist-packages:${PYTHONPATH} /usr/bin/cmake --build /home/ljoy/Robomaster/PIONEER/new_rv/build/armor_detector -- -j32 -l32
[0.026s] [ 22%] Built target armor_detector_node
[0.052s] [ 33%] [32mBuilding CXX object CMakeFiles/armor_detector.dir/src/ba_solver.cpp.o[0m
[0.052s] [ 44%] [32mBuilding CXX object CMakeFiles/armor_detector.dir/src/graph_optimator.cpp.o[0m
[1.683s] [01m[K/home/ljoy/Robomaster/PIONEER/new_rv/rm_auto_aim/armor_detector/src/graph_optimator.cpp:30:6:[m[K [01;31m[Kerror: [m[K‘[01m[KVertexYaw[m[K’ has not been declared
[1.683s]    30 | void [01;31m[KVertexYaw[m[K::oplusImpl(const double *update) {
[1.683s]       |      [01;31m[K^~~~~~~~~[m[K
[1.687s] [01m[K/home/ljoy/Robomaster/PIONEER/new_rv/rm_auto_aim/armor_detector/src/graph_optimator.cpp:[m[K In function ‘[01m[Kvoid rm_auto_aim::oplusImpl(const double*)[m[K’:
[1.687s] [01m[K/home/ljoy/Robomaster/PIONEER/new_rv/rm_auto_aim/armor_detector/src/graph_optimator.cpp:32:64:[m[K [01;31m[Kerror: [m[K‘[01m[K_estimate[m[K’ was not declared in this scope
[1.687s]    32 |                        Sophus::SO3d::exp(Eigen::Vector3d(0, 0, [01;31m[K_estimate[m[K));
[1.687s]       |                                                                [01;31m[K^~~~~~~~~[m[K
[1.689s] [01m[K/home/ljoy/Robomaster/PIONEER/new_rv/rm_auto_aim/armor_detector/src/graph_optimator.cpp:[m[K At global scope:
[1.689s] [01m[K/home/ljoy/Robomaster/PIONEER/new_rv/rm_auto_aim/armor_detector/src/graph_optimator.cpp:36:1:[m[K [01;31m[Kerror: [m[K‘[01m[KEdgeProjection[m[K’ does not name a type
[1.689s]    36 | [01;31m[KEdgeProjection[m[K::EdgeProjection(const Sophus::SO3d &R_camera_imu,
[1.689s]       | [01;31m[K^~~~~~~~~~~~~~[m[K
[1.689s] [01m[K/home/ljoy/Robomaster/PIONEER/new_rv/rm_auto_aim/armor_detector/src/graph_optimator.cpp:42:6:[m[K [01;31m[Kerror: [m[K‘[01m[KEdgeProjection[m[K’ has not been declared
[1.689s]    42 | void [01;31m[KEdgeProjection[m[K::computeError() {
[1.689s]       |      [01;31m[K^~~~~~~~~~~~~~[m[K
[1.690s] [01m[K/home/ljoy/Robomaster/PIONEER/new_rv/rm_auto_aim/armor_detector/src/graph_optimator.cpp:[m[K In function ‘[01m[Kvoid rm_auto_aim::computeError()[m[K’:
[1.690s] [01m[K/home/ljoy/Robomaster/PIONEER/new_rv/rm_auto_aim/armor_detector/src/graph_optimator.cpp:44:28:[m[K [01;31m[Kerror: [m[K‘[01m[KVertexYaw[m[K’ does not name a type
[1.690s]    44 |   double yaw = static_cast<[01;31m[KVertexYaw[m[K *>(_vertices[0])->estimate();
[1.690s]       |                            [01;31m[K^~~~~~~~~[m[K
[1.690s] [01m[K/home/ljoy/Robomaster/PIONEER/new_rv/rm_auto_aim/armor_detector/src/graph_optimator.cpp:44:38:[m[K [01;31m[Kerror: [m[Kexpected ‘[01m[K>[m[K’ before ‘[01m[K*[m[K’ token
[1.690s]    44 |   double yaw = static_cast<VertexYaw [01;31m[K*[m[K>(_vertices[0])->estimate();
[1.690s]       |                                      [01;31m[K^[m[K
[1.690s] [01m[K/home/ljoy/Robomaster/PIONEER/new_rv/rm_auto_aim/armor_detector/src/graph_optimator.cpp:44:38:[m[K [01;31m[Kerror: [m[Kexpected ‘[01m[K([m[K’ before ‘[01m[K*[m[K’ token
[1.690s]    44 |   double yaw = static_cast<VertexYaw [01;31m[K*[m[K>(_vertices[0])->estimate();
[1.690s]       |                                      [01;31m[K^[m[K
[1.690s]       |                                      [32m[K([m[K
[1.690s] [01m[K/home/ljoy/Robomaster/PIONEER/new_rv/rm_auto_aim/armor_detector/src/graph_optimator.cpp:44:39:[m[K [01;31m[Kerror: [m[Kexpected primary-expression before ‘[01m[K>[m[K’ token
[1.690s]    44 |   double yaw = static_cast<VertexYaw *[01;31m[K>[m[K(_vertices[0])->estimate();
[1.690s]       |                                       [01;31m[K^[m[K
[1.693s] [01m[K/home/ljoy/Robomaster/PIONEER/new_rv/rm_auto_aim/armor_detector/src/graph_optimator.cpp:44:41:[m[K [01;31m[Kerror: [m[K‘[01m[K_vertices[m[K’ was not declared in this scope
[1.693s]    44 |   double yaw = static_cast<VertexYaw *>([01;31m[K_vertices[m[K[0])->estimate();
[1.693s]       |                                         [01;31m[K^~~~~~~~~[m[K
[1.693s] [01m[K/home/ljoy/Robomaster/PIONEER/new_rv/rm_auto_aim/armor_detector/src/graph_optimator.cpp:44:66:[m[K [01;31m[Kerror: [m[Kexpected ‘[01m[K)[m[K’ before ‘[01m[K;[m[K’ token
[1.693s]    44 |   double yaw = static_cast<VertexYaw *>(_vertices[0])->estimate()[01;31m[K;[m[K
[1.693s]       |                                                                  [01;31m[K^[m[K
[1.693s]       |                                                                  [32m[K)[m[K
[1.697s] [01m[K/home/ljoy/Robomaster/PIONEER/new_rv/rm_auto_aim/armor_detector/src/graph_optimator.cpp:46:20:[m[K [01;31m[Kerror: [m[K‘[01m[KR_camera_imu_[m[K’ was not declared in this scope
[1.697s]    46 |   Sophus::SO3d R = [01;31m[KR_camera_imu_[m[K * R_yaw * R_pitch_;
[1.697s]       |                    [01;31m[K^~~~~~~~~~~~~[m[K
[1.700s] [01m[K/home/ljoy/Robomaster/PIONEER/new_rv/rm_auto_aim/armor_detector/src/graph_optimator.cpp:46:44:[m[K [01;31m[Kerror: [m[K‘[01m[KR_pitch_[m[K’ was not declared in this scope
[1.700s]    46 |   Sophus::SO3d R = R_camera_imu_ * R_yaw * [01;31m[KR_pitch_[m[K;
[1.700s]       |                                            [01;31m[K^~~~~~~~[m[K
[1.703s] [01m[K/home/ljoy/Robomaster/PIONEER/new_rv/rm_auto_aim/armor_detector/src/graph_optimator.cpp:53:23:[m[K [01;31m[Kerror: [m[K‘[01m[K_measurement[m[K’ was not declared in this scope
[1.703s]    53 |   Eigen::Vector2d obs([01;31m[K_measurement[m[K);
[1.703s]       |                       [01;31m[K^~~~~~~~~~~~[m[K
[1.706s] [01m[K/home/ljoy/Robomaster/PIONEER/new_rv/rm_auto_aim/armor_detector/src/graph_optimator.cpp:56:37:[m[K [01;31m[Kerror: [m[K‘[01m[Kt_[m[K’ was not declared in this scope; did you mean ‘[01m[Ktm[m[K’?
[1.706s]    56 |   Eigen::Vector3d p_2d = R * p_3d + [01;31m[Kt_[m[K;
[1.706s]       |                                     [01;31m[K^~[m[K
[1.706s]       |                                     [32m[Ktm[m[K
[1.707s] [01m[K/home/ljoy/Robomaster/PIONEER/new_rv/rm_auto_aim/armor_detector/src/graph_optimator.cpp:57:10:[m[K [01;31m[Kerror: [m[K‘[01m[KK_[m[K’ was not declared in this scope
[1.707s]    57 |   p_2d = [01;31m[KK_[m[K * (p_2d / p_2d.z());
[1.707s]       |          [01;31m[K^~[m[K
[1.718s] [01m[K/home/ljoy/Robomaster/PIONEER/new_rv/rm_auto_aim/armor_detector/src/graph_optimator.cpp:60:3:[m[K [01;31m[Kerror: [m[K‘[01m[K_error[m[K’ was not declared in this scope; did you mean ‘[01m[Kperror[m[K’?
[1.718s]    60 |   [01;31m[K_error[m[K = obs - p_2d.head<2>();
[1.718s]       |   [01;31m[K^~~~~~[m[K
[1.718s]       |   [32m[Kperror[m[K
[2.259s] [01m[K/home/ljoy/Robomaster/PIONEER/new_rv/rm_auto_aim/armor_detector/src/ba_solver.cpp:[m[K In member function ‘[01m[KEigen::Matrix3d rm_auto_aim::BaSolver::solveBa(const rm_auto_aim::Armor&, const Vector3d&, const Matrix3d&, const Matrix3d&)[m[K’:
[2.259s] [01m[K/home/ljoy/Robomaster/PIONEER/new_rv/rm_auto_aim/armor_detector/src/ba_solver.cpp:82:13:[m[K [01;31m[Kerror: [m[K‘[01m[Kconst struct rm_auto_aim::Armor[m[K’ has no member named ‘[01m[Knumber[m[K’
[2.259s]    82 |       armor.[01;31m[Knumber[m[K == "outpost" ? -15 : 15;
[2.259s]       |             [01;31m[K^~~~~~[m[K
[2.259s] [01m[K/home/ljoy/Robomaster/PIONEER/new_rv/rm_auto_aim/armor_detector/src/ba_solver.cpp:87:32:[m[K [01;31m[Kerror: [m[K‘[01m[KSMALL[m[K’ is not a member of ‘[01m[Krm_auto_aim::ArmorType[m[K’
[2.259s]    87 |       armor.type == ArmorType::[01;31m[KSMALL[m[K
[2.259s]       |                                [01;31m[K^~~~~[m[K
[2.260s] [01m[K/home/ljoy/Robomaster/PIONEER/new_rv/rm_auto_aim/armor_detector/src/ba_solver.cpp:96:3:[m[K [01;31m[Kerror: [m[K‘[01m[KVertexYaw[m[K’ was not declared in this scope; did you mean ‘[01m[Kfyt::auto_aim::VertexYaw[m[K’?
[2.260s]    96 |   [01;31m[KVertexYaw[m[K *v_yaw = new VertexYaw();
[2.260s]       |   [01;31m[K^~~~~~~~~[m[K
[2.260s]       |   [32m[Kfyt::auto_aim::VertexYaw[m[K
[2.260s] In file included from [01m[K/home/ljoy/Robomaster/PIONEER/new_rv/rm_auto_aim/armor_detector/include/armor_detector/ba_solver.hpp:40[m[K,
[2.260s]                  from [01m[K/home/ljoy/Robomaster/PIONEER/new_rv/rm_auto_aim/armor_detector/src/ba_solver.cpp:17[m[K:
[2.260s] [01m[K/home/ljoy/Robomaster/PIONEER/new_rv/rm_auto_aim/armor_detector/include/armor_detector/graph_optimizer.hpp:41:7:[m[K [01;36m[Knote: [m[K‘[01m[Kfyt::auto_aim::VertexYaw[m[K’ declared here
[2.260s]    41 | class [01;36m[KVertexYaw[m[K : public g2o::BaseVertex<1, double> {
[2.260s]       |       [01;36m[K^~~~~~~~~[m[K
[2.264s] [01m[K/home/ljoy/Robomaster/PIONEER/new_rv/rm_auto_aim/armor_detector/src/ba_solver.cpp:96:14:[m[K [01;31m[Kerror: [m[K‘[01m[Kv_yaw[m[K’ was not declared in this scope
[2.264s]    96 |   VertexYaw *[01;31m[Kv_yaw[m[K = new VertexYaw();
[2.264s]       |              [01;31m[K^~~~~[m[K
[2.264s] [01m[K/home/ljoy/Robomaster/PIONEER/new_rv/rm_auto_aim/armor_detector/src/ba_solver.cpp:96:26:[m[K [01;31m[Kerror: [m[Kexpected type-specifier before ‘[01m[KVertexYaw[m[K’
[2.264s]    96 |   VertexYaw *v_yaw = new [01;31m[KVertexYaw[m[K();
[2.264s]       |                          [01;31m[K^~~~~~~~~[m[K
[2.264s] [01m[K/home/ljoy/Robomaster/PIONEER/new_rv/rm_auto_aim/armor_detector/src/ba_solver.cpp:110:5:[m[K [01;31m[Kerror: [m[K‘[01m[KEdgeProjection[m[K’ was not declared in this scope; did you mean ‘[01m[Kfyt::auto_aim::EdgeProjection[m[K’?
[2.264s]   110 |     [01;31m[KEdgeProjection[m[K *edge =
[2.264s]       |     [01;31m[K^~~~~~~~~~~~~~[m[K
[2.264s]       |     [32m[Kfyt::auto_aim::EdgeProjection[m[K
[2.264s] In file included from [01m[K/home/ljoy/Robomaster/PIONEER/new_rv/rm_auto_aim/armor_detector/include/armor_detector/ba_solver.hpp:40[m[K,
[2.264s]                  from [01m[K/home/ljoy/Robomaster/PIONEER/new_rv/rm_auto_aim/armor_detector/src/ba_solver.cpp:17[m[K:
[2.264s] [01m[K/home/ljoy/Robomaster/PIONEER/new_rv/rm_auto_aim/armor_detector/include/armor_detector/graph_optimizer.hpp:55:7:[m[K [01;36m[Knote: [m[K‘[01m[Kfyt::auto_aim::EdgeProjection[m[K’ declared here
[2.264s]    55 | class [01;36m[KEdgeProjection[m[K : public g2o::BaseBinaryEdge<2, Eigen::Vector2d, VertexYaw, //二元边类
[2.264s]       |       [01;36m[K^~~~~~~~~~~~~~[m[K
[2.267s] [01m[K/home/ljoy/Robomaster/PIONEER/new_rv/rm_auto_aim/armor_detector/src/ba_solver.cpp:110:21:[m[K [01;31m[Kerror: [m[K‘[01m[Kedge[m[K’ was not declared in this scope
[2.267s]   110 |     EdgeProjection *[01;31m[Kedge[m[K =
[2.267s]       |                     [01;31m[K^~~~[m[K
[2.267s] [01m[K/home/ljoy/Robomaster/PIONEER/new_rv/rm_auto_aim/armor_detector/src/ba_solver.cpp:111:13:[m[K [01;31m[Kerror: [m[Kexpected type-specifier before ‘[01m[KEdgeProjection[m[K’
[2.267s]   111 |         new [01;31m[KEdgeProjection[m[K(R_camera_imu, R_pitch, t_camera_armor, K_);
[2.267s]       |             [01;31m[K^~~~~~~~~~~~~~[m[K
[2.267s] [01m[K/home/ljoy/Robomaster/PIONEER/new_rv/rm_auto_aim/armor_detector/src/ba_solver.cpp:116:26:[m[K [01;31m[Kerror: [m[K‘[01m[KEdgeProjection[m[K’ is not a class, namespace, or enumeration
[2.267s]   116 |     edge->setInformation([01;31m[KEdgeProjection[m[K::InfoMatrixType::Identity());
[2.267s]       |                          [01;31m[K^~~~~~~~~~~~~~[m[K
[2.267s] [01m[K/home/ljoy/Robomaster/PIONEER/new_rv/rm_auto_aim/armor_detector/src/ba_solver.cpp:129:18:[m[K [01;31m[Kerror: [m[K‘[01m[KRCLCPP[m[K’ has not been declared
[2.267s]   129 |     RCLCPP_ERROR([01;31m[KRCLCPP[m[K::get_logger("armor_detector"), "Yaw angle is nan after optimization");
[2.267s]       |                  [01;31m[K^~~~~~[m[K
[2.271s] [01m[K/home/ljoy/Robomaster/PIONEER/new_rv/rm_auto_aim/armor_detector/src/ba_solver.cpp:129:5:[m[K [01;31m[Kerror: [m[K‘[01m[KRCLCPP_ERROR[m[K’ was not declared in this scope
[2.271s]   129 |     [01;31m[KRCLCPP_ERROR[m[K(RCLCPP::get_logger("armor_detector"), "Yaw angle is nan after optimization");
[2.271s]       |     [01;31m[K^~~~~~~~~~~~[m[K
[3.651s] gmake[2]: *** [CMakeFiles/armor_detector.dir/build.make:146：CMakeFiles/armor_detector.dir/src/graph_optimator.cpp.o] 错误 1
[3.651s] gmake[2]: *** 正在等待未完成的任务....
[5.132s] gmake[2]: *** [CMakeFiles/armor_detector.dir/build.make:104：CMakeFiles/armor_detector.dir/src/ba_solver.cpp.o] 错误 1
[5.132s] gmake[1]: *** [CMakeFiles/Makefile2:139：CMakeFiles/armor_detector.dir/all] 错误 2
[5.133s] gmake: *** [Makefile:146：all] 错误 2
