[01m[K/home/ljoy/Robomaster/PIONEER/new_rv/rm_planner/src/target.cpp:[m[K In member function ‘[01m[Kstd::vector<Eigen::Matrix<double, 3, 1> > rm_auto_aim::Target::getArmorPositions() const[m[K’:
[01m[K/home/ljoy/Robomaster/PIONEER/new_rv/rm_planner/src/target.cpp:21:7:[m[K [01;31m[Kerror: [m[K‘[01m[Ktarget_center[m[K’ was not declared in this scope
   21 |       [01;31m[Ktarget_center[m[K + Eigen::Vector3d(-r_ * cos(temp_yaw), -r_ * sin(temp_yaw), target_dz);
      |       [01;31m[K^~~~~~~~~~~~~[m[K
[01m[K/home/ljoy/Robomaster/PIONEER/new_rv/rm_planner/src/target.cpp:[m[K In member function ‘[01m[Kint rm_auto_aim::Target::selectBestArmor() const[m[K’:
[01m[K/home/ljoy/Robomaster/PIONEER/new_rv/rm_planner/src/target.cpp:47:19:[m[K [01;31m[Kerror: [m[K‘[01m[Ktarget_v_yaw[m[K’ was not declared in this scope
   47 |   double theta = ([01;31m[Ktarget_v_yaw[m[K > 0 ? side_angle_ : -side_angle_) / 180.0 * M_PI;
      |                   [01;31m[K^~~~~~~~~~~~[m[K
gmake[2]: *** [CMakeFiles/rm_planner.dir/build.make:104：CMakeFiles/rm_planner.dir/src/target.cpp.o] 错误 1
gmake[2]: *** 正在等待未完成的任务....
[01m[K/home/ljoy/Robomaster/PIONEER/new_rv/rm_planner/src/rm_planner.cpp:19:26:[m[K [01;31m[Kerror: [m[K‘[01m[Kauto_aim_interfaces[m[K’ does not name a type
   19 | Plan Planner::plan(const [01;31m[Kauto_aim_interfaces[m[K::msg::Target &target, double bullet_speed)
      |                          [01;31m[K^~~~~~~~~~~~~~~~~~~[m[K
[01m[K/home/ljoy/Robomaster/PIONEER/new_rv/rm_planner/src/rm_planner.cpp:19:50:[m[K [01;31m[Kerror: [m[Kexpected unqualified-id before ‘[01m[K::[m[K’ token
   19 | Plan Planner::plan(const auto_aim_interfaces::msg[01;31m[K::[m[KTarget &target, double bullet_speed)
      |                                                  [01;31m[K^~[m[K
[01m[K/home/ljoy/Robomaster/PIONEER/new_rv/rm_planner/src/rm_planner.cpp:19:50:[m[K [01;31m[Kerror: [m[Kexpected ‘[01m[K)[m[K’ before ‘[01m[K::[m[K’ token
   19 | Plan Planner::plan[34m[K([m[Kconst auto_aim_interfaces::msg[01;31m[K:[m[K[32m[K:[m[KTarget &target, double bullet_speed)
      |                   [34m[K~[m[K                              [01;31m[K^[m[K[32m[K~[m[K
      |                                                  [32m[K)[m[K
[01m[K/home/ljoy/Robomaster/PIONEER/new_rv/rm_planner/src/rm_planner.cpp:19:50:[m[K [01;31m[Kerror: [m[Kexpected initializer before ‘[01m[K::[m[K’ token
   19 | Plan Planner::plan(const auto_aim_interfaces::msg[01;31m[K::[m[KTarget &target, double bullet_speed)
      |                                                  [01;31m[K^~[m[K
[01m[K/home/ljoy/Robomaster/PIONEER/new_rv/rm_planner/src/rm_planner.cpp:144:6:[m[K [01;31m[Kerror: [m[Kno declaration matches ‘[01m[Kvoid rm_auto_aim::Planner::setup_yaw_solver(const string&)[m[K’
  144 | void [01;31m[KPlanner[m[K::setup_yaw_solver(const std::string & config_path)
      |      [01;31m[K^~~~~~~[m[K
In file included from [01m[K/home/ljoy/Robomaster/PIONEER/new_rv/rm_planner/src/rm_planner.cpp:1[m[K:
[01m[K/home/ljoy/Robomaster/PIONEER/new_rv/rm_planner/include/rm_planner/rm_planner.hpp:57:8:[m[K [01;36m[Knote: [m[Kcandidate is: ‘[01m[Kvoid rm_auto_aim::Planner::setup_yaw_solver()[m[K’
   57 |   void [01;36m[Ksetup_yaw_solver[m[K();
      |        [01;36m[K^~~~~~~~~~~~~~~~[m[K
[01m[K/home/ljoy/Robomaster/PIONEER/new_rv/rm_planner/include/rm_planner/rm_planner.hpp:33:7:[m[K [01;36m[Knote: [m[K‘[01m[Kclass rm_auto_aim::Planner[m[K’ defined here
   33 | class [01;36m[KPlanner[m[K
      |       [01;36m[K^~~~~~~[m[K
[01m[K/home/ljoy/Robomaster/PIONEER/new_rv/rm_planner/src/rm_planner.cpp:167:6:[m[K [01;31m[Kerror: [m[Kno declaration matches ‘[01m[Kvoid rm_auto_aim::Planner::setup_pitch_solver(const string&)[m[K’
  167 | void [01;31m[KPlanner[m[K::setup_pitch_solver(const std::string & config_path)
      |      [01;31m[K^~~~~~~[m[K
In file included from [01m[K/home/ljoy/Robomaster/PIONEER/new_rv/rm_planner/src/rm_planner.cpp:1[m[K:
[01m[K/home/ljoy/Robomaster/PIONEER/new_rv/rm_planner/include/rm_planner/rm_planner.hpp:58:8:[m[K [01;36m[Knote: [m[Kcandidate is: ‘[01m[Kvoid rm_auto_aim::Planner::setup_pitch_solver()[m[K’
   58 |   void [01;36m[Ksetup_pitch_solver[m[K();
      |        [01;36m[K^~~~~~~~~~~~~~~~~~[m[K
[01m[K/home/ljoy/Robomaster/PIONEER/new_rv/rm_planner/include/rm_planner/rm_planner.hpp:33:7:[m[K [01;36m[Knote: [m[K‘[01m[Kclass rm_auto_aim::Planner[m[K’ defined here
   33 | class [01;36m[KPlanner[m[K
      |       [01;36m[K^~~~~~~[m[K
[01m[K/home/ljoy/Robomaster/PIONEER/new_rv/rm_planner/src/rm_planner.cpp:[m[K In member function ‘[01m[Kstd::vector<Eigen::Matrix<double, 3, 1> > rm_auto_aim::Target::getArmorPositions() const[m[K’:
[01m[K/home/ljoy/Robomaster/PIONEER/new_rv/rm_planner/src/rm_planner.cpp:218:7:[m[K [01;31m[Kerror: [m[K‘[01m[Ktarget_center[m[K’ was not declared in this scope
  218 |       [01;31m[Ktarget_center[m[K + Eigen::Vector3d(-r_ * cos(temp_yaw), -r_ * sin(temp_yaw), target_dz);
      |       [01;31m[K^~~~~~~~~~~~~[m[K
[01m[K/home/ljoy/Robomaster/PIONEER/new_rv/rm_planner/src/rm_planner.cpp:[m[K At global scope:
[01m[K/home/ljoy/Robomaster/PIONEER/new_rv/rm_planner/src/rm_planner.cpp:223:5:[m[K [01;31m[Kerror: [m[Kno declaration matches ‘[01m[Kint rm_auto_aim::Planner::selectBestArmor() const[m[K’
  223 | int [01;31m[KPlanner[m[K::selectBestArmor() const noexcept {
      |     [01;31m[K^~~~~~~[m[K
[01m[K/home/ljoy/Robomaster/PIONEER/new_rv/rm_planner/src/rm_planner.cpp:223:5:[m[K [01;36m[Knote: [m[Kno functions named ‘[01m[Kint rm_auto_aim::Planner::selectBestArmor() const[m[K’
In file included from [01m[K/home/ljoy/Robomaster/PIONEER/new_rv/rm_planner/src/rm_planner.cpp:1[m[K:
[01m[K/home/ljoy/Robomaster/PIONEER/new_rv/rm_planner/include/rm_planner/rm_planner.hpp:33:7:[m[K [01;36m[Knote: [m[K‘[01m[Kclass rm_auto_aim::Planner[m[K’ defined here
   33 | class [01;36m[KPlanner[m[K
      |       [01;36m[K^~~~~~~[m[K
[01m[K/home/ljoy/Robomaster/PIONEER/new_rv/rm_planner/src/rm_planner.cpp:[m[K In member function ‘[01m[Kvoid rm_auto_aim::Planner::calcYawAndPitch(const Vector3d&, std::array<double, 3>, double&, double&) const[m[K’:
[01m[K/home/ljoy/Robomaster/PIONEER/new_rv/rm_planner/src/rm_planner.cpp:298:34:[m[K [01;31m[Kerror: [m[K‘[01m[Ktrajectory_compensator_[m[K’ was not declared in this scope
  298 |   if (double temp_pitch = pitch; [01;31m[Ktrajectory_compensator_[m[K->compensate(p, temp_pitch)) {
      |                                  [01;31m[K^~~~~~~~~~~~~~~~~~~~~~~[m[K
[01m[K/home/ljoy/Robomaster/PIONEER/new_rv/rm_planner/src/rm_planner.cpp:[m[K In member function ‘[01m[Kvoid rm_auto_aim::Target::predict(double)[m[K’:
[01m[K/home/ljoy/Robomaster/PIONEER/new_rv/rm_planner/src/rm_planner.cpp:305:5:[m[K [01;31m[Kerror: [m[K‘[01m[Kx[m[K’ was not declared in this scope; did you mean ‘[01m[Kxc[m[K’?
  305 |     [01;31m[Kx[m[K += vx*dt;
      |     [01;31m[K^[m[K
      |     [32m[Kxc[m[K
[01m[K/home/ljoy/Robomaster/PIONEER/new_rv/rm_planner/src/rm_planner.cpp:305:10:[m[K [01;31m[Kerror: [m[K‘[01m[Kvx[m[K’ was not declared in this scope
  305 |     x += [01;31m[Kvx[m[K*dt;
      |          [01;31m[K^~[m[K
[01m[K/home/ljoy/Robomaster/PIONEER/new_rv/rm_planner/src/rm_planner.cpp:306:5:[m[K [01;31m[Kerror: [m[K‘[01m[Ky[m[K’ was not declared in this scope; did you mean ‘[01m[Kyc[m[K’?
  306 |     [01;31m[Ky[m[K += vy*dt;
      |     [01;31m[K^[m[K
      |     [32m[Kyc[m[K
[01m[K/home/ljoy/Robomaster/PIONEER/new_rv/rm_planner/src/rm_planner.cpp:306:10:[m[K [01;31m[Kerror: [m[K‘[01m[Kvy[m[K’ was not declared in this scope
  306 |     y += [01;31m[Kvy[m[K*dt;
      |          [01;31m[K^~[m[K
[01m[K/home/ljoy/Robomaster/PIONEER/new_rv/rm_planner/src/rm_planner.cpp:307:5:[m[K [01;31m[Kerror: [m[K‘[01m[Kz[m[K’ was not declared in this scope; did you mean ‘[01m[Kzc[m[K’?
  307 |     [01;31m[Kz[m[K += vz*dt;
      |     [01;31m[K^[m[K
      |     [32m[Kzc[m[K
[01m[K/home/ljoy/Robomaster/PIONEER/new_rv/rm_planner/src/rm_planner.cpp:307:10:[m[K [01;31m[Kerror: [m[K‘[01m[Kvz[m[K’ was not declared in this scope; did you mean ‘[01m[Kdz[m[K’?
  307 |     z += [01;31m[Kvz[m[K*dt;
      |          [01;31m[K^~[m[K
      |          [32m[Kdz[m[K
[01m[K/home/ljoy/Robomaster/PIONEER/new_rv/rm_planner/src/rm_planner.cpp:308:12:[m[K [01;31m[Kerror: [m[K‘[01m[Kvyaw[m[K’ was not declared in this scope; did you mean ‘[01m[Kyaw[m[K’?
  308 |     yaw += [01;31m[Kvyaw[m[K*dt;
      |            [01;31m[K^~~~[m[K
      |            [32m[Kyaw[m[K
gmake[2]: *** [CMakeFiles/rm_planner.dir/build.make:76：CMakeFiles/rm_planner.dir/src/rm_planner.cpp.o] 错误 1
[01m[K/home/ljoy/Robomaster/PIONEER/new_rv/rm_planner/src/rm_planner_node.cpp:[m[K In constructor ‘[01m[Krm_auto_aim::RMPlannerNode::RMPlannerNode(const rclcpp::NodeOptions&)[m[K’:
[01m[K/home/ljoy/Robomaster/PIONEER/new_rv/rm_planner/src/rm_planner_node.cpp:34:3:[m[K [01;31m[Kerror: [m[K‘[01m[Kplanner[m[K’ was not declared in this scope; did you mean ‘[01m[KPlanner[m[K’?
   34 |   [01;31m[Kplanner[m[K->prediction_delay_ = this->declare_parameter("planner.prediction_delay", 0.0);
      |   [01;31m[K^~~~~~~[m[K
      |   [32m[KPlanner[m[K
[01m[K/home/ljoy/Robomaster/PIONEER/new_rv/rm_planner/src/rm_planner_node.cpp:36:38:[m[K [01;31m[Kerror: [m[K‘[01m[KCompensatorFactory[m[K’ has not been declared
   36 |   planner->trajectory_compensator_ = [01;31m[KCompensatorFactory[m[K::createCompensator(compenstator_type);
      |                                      [01;31m[K^~~~~~~~~~~~~~~~~~[m[K
[01m[K/home/ljoy/Robomaster/PIONEER/new_rv/rm_planner/src/rm_planner_node.cpp:42:13:[m[K [01;31m[Kerror: [m[K‘[01m[Kdouble rm_auto_aim::Planner::max_yaw_acc[m[K’ is private within this context
   42 |   planner_->[01;31m[Kmax_yaw_acc[m[K = this->declare_parameter("gimbal.max_yaw_acc", 50);
      |             [01;31m[K^~~~~~~~~~~[m[K
In file included from [01m[K/home/ljoy/Robomaster/PIONEER/new_rv/rm_planner/include/rm_planner/rm_planner_node.hpp:38[m[K,
                 from [01m[K/home/ljoy/Robomaster/PIONEER/new_rv/rm_planner/src/rm_planner_node.cpp:19[m[K:
[01m[K/home/ljoy/Robomaster/PIONEER/new_rv/rm_planner/include/rm_planner/rm_planner.hpp:49:10:[m[K [01;36m[Knote: [m[Kdeclared private here
   49 |   double [01;36m[Kmax_yaw_acc[m[K, max_pitch_acc;
      |          [01;36m[K^~~~~~~~~~~[m[K
[01m[K/home/ljoy/Robomaster/PIONEER/new_rv/rm_planner/src/rm_planner_node.cpp:43:13:[m[K [01;31m[Kerror: [m[K‘[01m[Kdouble rm_auto_aim::Planner::max_pitch_acc[m[K’ is private within this context
   43 |   planner_->[01;31m[Kmax_pitch_acc[m[K = this->declare_parameter("gimbal.max_pitch_acc", 100);
      |             [01;31m[K^~~~~~~~~~~~~[m[K
In file included from [01m[K/home/ljoy/Robomaster/PIONEER/new_rv/rm_planner/include/rm_planner/rm_planner_node.hpp:38[m[K,
                 from [01m[K/home/ljoy/Robomaster/PIONEER/new_rv/rm_planner/src/rm_planner_node.cpp:19[m[K:
[01m[K/home/ljoy/Robomaster/PIONEER/new_rv/rm_planner/include/rm_planner/rm_planner.hpp:49:23:[m[K [01;36m[Knote: [m[Kdeclared private here
   49 |   double max_yaw_acc, [01;36m[Kmax_pitch_acc[m[K;
      |                       [01;36m[K^~~~~~~~~~~~~[m[K
[01m[K/home/ljoy/Robomaster/PIONEER/new_rv/rm_planner/src/rm_planner_node.cpp:45:13:[m[K [01;31m[Kerror: [m[K‘[01m[Kclass rm_auto_aim::Planner[m[K’ has no member named ‘[01m[Kfire_thresh[m[K’; did you mean ‘[01m[Kdouble rm_auto_aim::Planner::fire_thresh_[m[K’? (not accessible from this context)
   45 |   planner_->[01;31m[Kfire_thresh[m[K = this->declare_parameter("fire_thresh", 0.003);
      |             [01;31m[K^~~~~~~~~~~[m[K
In file included from [01m[K/home/ljoy/Robomaster/PIONEER/new_rv/rm_planner/include/rm_planner/rm_planner_node.hpp:38[m[K,
                 from [01m[K/home/ljoy/Robomaster/PIONEER/new_rv/rm_planner/src/rm_planner_node.cpp:19[m[K:
[01m[K/home/ljoy/Robomaster/PIONEER/new_rv/rm_planner/include/rm_planner/rm_planner.hpp:45:10:[m[K [01;36m[Knote: [m[Kdeclared private here
   45 |   double [01;36m[Kfire_thresh_[m[K;
      |          [01;36m[K^~~~~~~~~~~~[m[K
[01m[K/home/ljoy/Robomaster/PIONEER/new_rv/rm_planner/src/rm_planner_node.cpp:47:13:[m[K [01;31m[Kerror: [m[K‘[01m[Kstd::vector<double, std::allocator<double> > rm_auto_aim::Planner::Q_yaw[m[K’ is private within this context
   47 |   planner_->[01;31m[KQ_yaw[m[K = this->declare_parameter("gimbal.Q_yaw", std::vector<double>{9e6, 0});
      |             [01;31m[K^~~~~[m[K
In file included from [01m[K/home/ljoy/Robomaster/PIONEER/new_rv/rm_planner/include/rm_planner/rm_planner_node.hpp:38[m[K,
                 from [01m[K/home/ljoy/Robomaster/PIONEER/new_rv/rm_planner/src/rm_planner_node.cpp:19[m[K:
[01m[K/home/ljoy/Robomaster/PIONEER/new_rv/rm_planner/include/rm_planner/rm_planner.hpp:47:23:[m[K [01;36m[Knote: [m[Kdeclared private here
   47 |   std::vector<double> [01;36m[KQ_yaw[m[K, Q_pitch;
      |                       [01;36m[K^~~~~[m[K
[01m[K/home/ljoy/Robomaster/PIONEER/new_rv/rm_planner/src/rm_planner_node.cpp:48:13:[m[K [01;31m[Kerror: [m[K‘[01m[Kstd::vector<double, std::allocator<double> > rm_auto_aim::Planner::R_yaw[m[K’ is private within this context
   48 |   planner_->[01;31m[KR_yaw[m[K = this->declare_parameter("gimbal.R_yaw", std::vector<double>{1});
      |             [01;31m[K^~~~~[m[K
In file included from [01m[K/home/ljoy/Robomaster/PIONEER/new_rv/rm_planner/include/rm_planner/rm_planner_node.hpp:38[m[K,
                 from [01m[K/home/ljoy/Robomaster/PIONEER/new_rv/rm_planner/src/rm_planner_node.cpp:19[m[K:
[01m[K/home/ljoy/Robomaster/PIONEER/new_rv/rm_planner/include/rm_planner/rm_planner.hpp:48:23:[m[K [01;36m[Knote: [m[Kdeclared private here
   48 |   std::vector<double> [01;36m[KR_yaw[m[K, R_pitch;
      |                       [01;36m[K^~~~~[m[K
[01m[K/home/ljoy/Robomaster/PIONEER/new_rv/rm_planner/src/rm_planner_node.cpp:50:13:[m[K [01;31m[Kerror: [m[K‘[01m[Kstd::vector<double, std::allocator<double> > rm_auto_aim::Planner::Q_pitch[m[K’ is private within this context
   50 |   planner_->[01;31m[KQ_pitch[m[K = this->declare_parameter("gimbal.Q_pitch", std::vector<double>{9e6, 0});
      |             [01;31m[K^~~~~~~[m[K
In file included from [01m[K/home/ljoy/Robomaster/PIONEER/new_rv/rm_planner/include/rm_planner/rm_planner_node.hpp:38[m[K,
                 from [01m[K/home/ljoy/Robomaster/PIONEER/new_rv/rm_planner/src/rm_planner_node.cpp:19[m[K:
[01m[K/home/ljoy/Robomaster/PIONEER/new_rv/rm_planner/include/rm_planner/rm_planner.hpp:47:30:[m[K [01;36m[Knote: [m[Kdeclared private here
   47 |   std::vector<double> Q_yaw, [01;36m[KQ_pitch[m[K;
      |                              [01;36m[K^~~~~~~[m[K
[01m[K/home/ljoy/Robomaster/PIONEER/new_rv/rm_planner/src/rm_planner_node.cpp:51:13:[m[K [01;31m[Kerror: [m[K‘[01m[Kstd::vector<double, std::allocator<double> > rm_auto_aim::Planner::R_pitch[m[K’ is private within this context
   51 |   planner_->[01;31m[KR_pitch[m[K = this->declare_parameter("gimbal.R_pitch", std::vector<double>{1});
      |             [01;31m[K^~~~~~~[m[K
In file included from [01m[K/home/ljoy/Robomaster/PIONEER/new_rv/rm_planner/include/rm_planner/rm_planner_node.hpp:38[m[K,
                 from [01m[K/home/ljoy/Robomaster/PIONEER/new_rv/rm_planner/src/rm_planner_node.cpp:19[m[K:
[01m[K/home/ljoy/Robomaster/PIONEER/new_rv/rm_planner/include/rm_planner/rm_planner.hpp:48:30:[m[K [01;36m[Knote: [m[Kdeclared private here
   48 |   std::vector<double> R_yaw, [01;36m[KR_pitch[m[K;
      |                              [01;36m[K^~~~~~~[m[K
[01m[K/home/ljoy/Robomaster/PIONEER/new_rv/rm_planner/src/rm_planner_node.cpp:53:13:[m[K [01;31m[Kerror: [m[K‘[01m[Kclass rm_auto_aim::Planner[m[K’ has no member named ‘[01m[Kmanual_compensator_[m[K’
   53 |   planner_->[01;31m[Kmanual_compensator_[m[K = std::make_unique<ManualCompensator>();
      |             [01;31m[K^~~~~~~~~~~~~~~~~~~[m[K
[01m[K/home/ljoy/Robomaster/PIONEER/new_rv/rm_planner/src/rm_planner_node.cpp:53:52:[m[K [01;31m[Kerror: [m[K‘[01m[KManualCompensator[m[K’ was not declared in this scope
   53 |   planner_->manual_compensator_ = std::make_unique<[01;31m[KManualCompensator[m[K>();
      |                                                    [01;31m[K^~~~~~~~~~~~~~~~~[m[K
[01m[K/home/ljoy/Robomaster/PIONEER/new_rv/rm_planner/src/rm_planner_node.cpp:53:70:[m[K [01;31m[Kerror: [m[Kno matching function for call to ‘[01m[Kmake_unique<<expression error> >()[m[K’
   53 |   planner_->manual_compensator_ = [01;31m[Kstd::make_unique<ManualCompensator>()[m[K;
      |                                   [01;31m[K~~~~~~~~~~~~~~~~~~~~~~~~~~~~~~~~~~~^~[m[K
In file included from [01m[K/usr/include/c++/11/memory:76[m[K,
                 from [01m[K/opt/ros/humble/include/rclcpp/rclcpp/rclcpp.hpp:153[m[K,
                 from [01m[K/opt/ros/humble/include/message_filters/message_filters/subscriber.h:40[m[K,
                 from [01m[K/home/ljoy/Robomaster/PIONEER/new_rv/rm_planner/include/rm_planner/rm_planner_node.hpp:24[m[K,
                 from [01m[K/home/ljoy/Robomaster/PIONEER/new_rv/rm_planner/src/rm_planner_node.cpp:19[m[K:
[01m[K/usr/include/c++/11/bits/unique_ptr.h:961:5:[m[K [01;36m[Knote: [m[Kcandidate: ‘[01m[Ktemplate<class _Tp, class ... _Args> typename std::_MakeUniq<_Tp>::__single_object std::make_unique(_Args&& ...)[m[K’
  961 |     [01;36m[Kmake_unique[m[K(_Args&&... __args)
      |     [01;36m[K^~~~~~~~~~~[m[K
[01m[K/usr/include/c++/11/bits/unique_ptr.h:961:5:[m[K [01;36m[Knote: [m[K  template argument deduction/substitution failed:
[01m[K/home/ljoy/Robomaster/PIONEER/new_rv/rm_planner/src/rm_planner_node.cpp:53:70:[m[K [01;31m[Kerror: [m[Ktemplate argument 1 is invalid
   53 |   planner_->manual_compensator_ = [01;31m[Kstd::make_unique<ManualCompensator>()[m[K;
      |                                   [01;31m[K~~~~~~~~~~~~~~~~~~~~~~~~~~~~~~~~~~~^~[m[K
In file included from [01m[K/usr/include/c++/11/memory:76[m[K,
                 from [01m[K/opt/ros/humble/include/rclcpp/rclcpp/rclcpp.hpp:153[m[K,
                 from [01m[K/opt/ros/humble/include/message_filters/message_filters/subscriber.h:40[m[K,
                 from [01m[K/home/ljoy/Robomaster/PIONEER/new_rv/rm_planner/include/rm_planner/rm_planner_node.hpp:24[m[K,
                 from [01m[K/home/ljoy/Robomaster/PIONEER/new_rv/rm_planner/src/rm_planner_node.cpp:19[m[K:
[01m[K/usr/include/c++/11/bits/unique_ptr.h:967:5:[m[K [01;36m[Knote: [m[Kcandidate: ‘[01m[Ktemplate<class _Tp> typename std::_MakeUniq<_Tp>::__array std::make_unique(std::size_t)[m[K’
  967 |     [01;36m[Kmake_unique[m[K(size_t __num)
      |     [01;36m[K^~~~~~~~~~~[m[K
[01m[K/usr/include/c++/11/bits/unique_ptr.h:967:5:[m[K [01;36m[Knote: [m[K  template argument deduction/substitution failed:
[01m[K/home/ljoy/Robomaster/PIONEER/new_rv/rm_planner/src/rm_planner_node.cpp:53:70:[m[K [01;31m[Kerror: [m[Ktemplate argument 1 is invalid
   53 |   planner_->manual_compensator_ = [01;31m[Kstd::make_unique<ManualCompensator>()[m[K;
      |                                   [01;31m[K~~~~~~~~~~~~~~~~~~~~~~~~~~~~~~~~~~~^~[m[K
In file included from [01m[K/usr/include/c++/11/memory:76[m[K,
                 from [01m[K/opt/ros/humble/include/rclcpp/rclcpp/rclcpp.hpp:153[m[K,
                 from [01m[K/opt/ros/humble/include/message_filters/message_filters/subscriber.h:40[m[K,
                 from [01m[K/home/ljoy/Robomaster/PIONEER/new_rv/rm_planner/include/rm_planner/rm_planner_node.hpp:24[m[K,
                 from [01m[K/home/ljoy/Robomaster/PIONEER/new_rv/rm_planner/src/rm_planner_node.cpp:19[m[K:
[01m[K/usr/include/c++/11/bits/unique_ptr.h:973:5:[m[K [01;36m[Knote: [m[Kcandidate: ‘[01m[Ktemplate<class _Tp, class ... _Args> typename std::_MakeUniq<_Tp>::__invalid_type std::make_unique(_Args&& ...)[m[K’ (deleted)
  973 |     [01;36m[Kmake_unique[m[K(_Args&&...) = delete;
      |     [01;36m[K^~~~~~~~~~~[m[K
[01m[K/usr/include/c++/11/bits/unique_ptr.h:973:5:[m[K [01;36m[Knote: [m[K  template argument deduction/substitution failed:
[01m[K/home/ljoy/Robomaster/PIONEER/new_rv/rm_planner/src/rm_planner_node.cpp:53:70:[m[K [01;31m[Kerror: [m[Ktemplate argument 1 is invalid
   53 |   planner_->manual_compensator_ = [01;31m[Kstd::make_unique<ManualCompensator>()[m[K;
      |                                   [01;31m[K~~~~~~~~~~~~~~~~~~~~~~~~~~~~~~~~~~~^~[m[K
[01m[K/home/ljoy/Robomaster/PIONEER/new_rv/rm_planner/src/rm_planner_node.cpp:55:17:[m[K [01;31m[Kerror: [m[K‘[01m[Kclass rm_auto_aim::Planner[m[K’ has no member named ‘[01m[Kmanual_compensator_[m[K’
   55 |   if(!planner_->[01;31m[Kmanual_compensator_[m[K->updateMapFlow(angle_offset)) {
      |                 [01;31m[K^~~~~~~~~~~~~~~~~~~[m[K
[01m[K/home/ljoy/Robomaster/PIONEER/new_rv/rm_planner/src/rm_planner_node.cpp:[m[K In member function ‘[01m[Kvoid rm_auto_aim::RMPlannerNode::timerCallback()[m[K’:
[01m[K/home/ljoy/Robomaster/PIONEER/new_rv/rm_planner/src/rm_planner_node.cpp:137:21:[m[K [01;31m[Kerror: [m[K‘[01m[Kclass rm_auto_aim::Planner[m[K’ has no member named ‘[01m[Kprediction_delay_[m[K’
  137 |           planner_->[01;31m[Kprediction_delay_[m[K = get_parameter("planner.prediction_delay").as_double();
      |                     [01;31m[K^~~~~~~~~~~~~~~~~[m[K
[01m[K/home/ljoy/Robomaster/PIONEER/new_rv/rm_planner/src/rm_planner_node.cpp:138:35:[m[K [01;31m[Kerror: [m[Kno matching function for call to ‘[01m[Krm_auto_aim::Planner::plan(auto_aim_interfaces::msg::Target&, rclcpp::Time, std::shared_ptr<tf2_ros::Buffer>&)[m[K’
  138 |       control_msg = [01;31m[Kplanner_->plan(armor_target_, this->now(), tf2_buffer_)[m[K;
      |                     [01;31m[K~~~~~~~~~~~~~~^~~~~~~~~~~~~~~~~~~~~~~~~~~~~~~~~~~~~~~~~[m[K
In file included from [01m[K/home/ljoy/Robomaster/PIONEER/new_rv/rm_planner/include/rm_planner/rm_planner_node.hpp:38[m[K,
                 from [01m[K/home/ljoy/Robomaster/PIONEER/new_rv/rm_planner/src/rm_planner_node.cpp:19[m[K:
[01m[K/home/ljoy/Robomaster/PIONEER/new_rv/rm_planner/include/rm_planner/rm_planner.hpp:39:8:[m[K [01;36m[Knote: [m[Kcandidate: ‘[01m[Krm_auto_aim::Plan rm_auto_aim::Planner::plan(rm_auto_aim::Target, double)[m[K’
   39 |   Plan [01;36m[Kplan[m[K(Target target, double bullet_speed);
      |        [01;36m[K^~~~[m[K
[01m[K/home/ljoy/Robomaster/PIONEER/new_rv/rm_planner/include/rm_planner/rm_planner.hpp:39:8:[m[K [01;36m[Knote: [m[K  candidate expects 2 arguments, 3 provided
[01m[K/home/ljoy/Robomaster/PIONEER/new_rv/rm_planner/src/rm_planner_node.cpp:[m[K In member function ‘[01m[Kvoid rm_auto_aim::RMPlannerNode::initMarkers()[m[K’:
[01m[K/home/ljoy/Robomaster/PIONEER/new_rv/rm_planner/src/rm_planner_node.cpp:156:3:[m[K [01;31m[Kerror: [m[K‘[01m[Kposition_marker_[m[K’ was not declared in this scope; did you mean ‘[01m[Kselection_marker_[m[K’?
  156 |   [01;31m[Kposition_marker_[m[K.ns = "position";
      |   [01;31m[K^~~~~~~~~~~~~~~~[m[K
      |   [32m[Kselection_marker_[m[K
[01m[K/home/ljoy/Robomaster/PIONEER/new_rv/rm_planner/src/rm_planner_node.cpp:161:3:[m[K [01;31m[Kerror: [m[K‘[01m[Klinear_v_marker_[m[K’ was not declared in this scope
  161 |   [01;31m[Klinear_v_marker_[m[K.type = visualization_msgs::msg::Marker::ARROW;
      |   [01;31m[K^~~~~~~~~~~~~~~~[m[K
[01m[K/home/ljoy/Robomaster/PIONEER/new_rv/rm_planner/src/rm_planner_node.cpp:168:3:[m[K [01;31m[Kerror: [m[K‘[01m[Kangular_v_marker_[m[K’ was not declared in this scope
  168 |   [01;31m[Kangular_v_marker_[m[K.type = visualization_msgs::msg::Marker::ARROW;
      |   [01;31m[K^~~~~~~~~~~~~~~~~[m[K
[01m[K/home/ljoy/Robomaster/PIONEER/new_rv/rm_planner/src/rm_planner_node.cpp:175:3:[m[K [01;31m[Kerror: [m[K‘[01m[Karmors_marker_[m[K’ was not declared in this scope; did you mean ‘[01m[Karmor_target_[m[K’?
  175 |   [01;31m[Karmors_marker_[m[K.ns = "filtered_armors";
      |   [01;31m[K^~~~~~~~~~~~~~[m[K
      |   [32m[Karmor_target_[m[K
[01m[K/home/ljoy/Robomaster/PIONEER/new_rv/rm_planner/src/rm_planner_node.cpp:[m[K In member function ‘[01m[Kvoid rm_auto_aim::RMPlannerNode::publishMarkers(const Target&, const GimbalCmd&)[m[K’:
[01m[K/home/ljoy/Robomaster/PIONEER/new_rv/rm_planner/src/rm_planner_node.cpp:203:3:[m[K [01;31m[Kerror: [m[K‘[01m[Kposition_marker_[m[K’ was not declared in this scope; did you mean ‘[01m[Kselection_marker_[m[K’?
  203 |   [01;31m[Kposition_marker_[m[K.header = target_msg.header;
      |   [01;31m[K^~~~~~~~~~~~~~~~[m[K
      |   [32m[Kselection_marker_[m[K
[01m[K/home/ljoy/Robomaster/PIONEER/new_rv/rm_planner/src/rm_planner_node.cpp:204:3:[m[K [01;31m[Kerror: [m[K‘[01m[Klinear_v_marker_[m[K’ was not declared in this scope
  204 |   [01;31m[Klinear_v_marker_[m[K.header = target_msg.header;
      |   [01;31m[K^~~~~~~~~~~~~~~~[m[K
[01m[K/home/ljoy/Robomaster/PIONEER/new_rv/rm_planner/src/rm_planner_node.cpp:205:3:[m[K [01;31m[Kerror: [m[K‘[01m[Kangular_v_marker_[m[K’ was not declared in this scope
  205 |   [01;31m[Kangular_v_marker_[m[K.header = target_msg.header;
      |   [01;31m[K^~~~~~~~~~~~~~~~~[m[K
[01m[K/home/ljoy/Robomaster/PIONEER/new_rv/rm_planner/src/rm_planner_node.cpp:206:3:[m[K [01;31m[Kerror: [m[K‘[01m[Karmors_marker_[m[K’ was not declared in this scope; did you mean ‘[01m[Karmor_target_[m[K’?
  206 |   [01;31m[Karmors_marker_[m[K.header = target_msg.header;
      |   [01;31m[K^~~~~~~~~~~~~~[m[K
      |   [32m[Karmor_target_[m[K
[01m[K/home/ljoy/Robomaster/PIONEER/new_rv/rm_planner/src/rm_planner_node.cpp:244:12:[m[K [01;31m[Kerror: [m[Kredeclaration of ‘[01m[Kdouble r[m[K’
  244 |     double [01;31m[Kr[m[K = 0;
      |            [01;31m[K^[m[K
[01m[K/home/ljoy/Robomaster/PIONEER/new_rv/rm_planner/src/rm_planner_node.cpp:213:34:[m[K [01;36m[Knote: [m[K‘[01m[Kdouble r[m[K’ previously declared here
  213 |     double yaw = target_msg.yaw, [01;36m[Kr[m[K = target_msg.radius, dr = target_msg.d_radius;
      |                                  [01;36m[K^[m[K
[01m[K/home/ljoy/Robomaster/PIONEER/new_rv/rm_planner/src/rm_planner_node.cpp:276:40:[m[K [01;31m[Kerror: [m[K‘[01m[Kclass rm_auto_aim::Planner[m[K’ has no member named ‘[01m[KgetTrajectory[m[K’; did you mean ‘[01m[Kget_trajectory[m[K’?
  276 |     for (const auto &point : planner_->[01;31m[KgetTrajectory[m[K()) {
      |                                        [01;31m[K^~~~~~~~~~~~~[m[K
      |                                        [32m[Kget_trajectory[m[K
gmake[2]: *** [CMakeFiles/rm_planner.dir/build.make:90：CMakeFiles/rm_planner.dir/src/rm_planner_node.cpp.o] 错误 1
gmake[1]: *** [CMakeFiles/Makefile2:139：CMakeFiles/rm_planner.dir/all] 错误 2
gmake: *** [Makefile:146：all] 错误 2
