[0.011s] Invoking command in '/home/ljoy/Robomaster/PIONEER/new_rv/build/hik_camera': /usr/bin/cmake --build /home/ljoy/Robomaster/PIONEER/new_rv/build/hik_camera -- -j32 -l32
[0.033s] [ 50%] Built target hik_camera
[0.034s] [100%] Built target hik_camera_node
[0.038s] Invoked command in '/home/ljoy/Robomaster/PIONEER/new_rv/build/hik_camera' returned '0': /usr/bin/cmake --build /home/ljoy/Robomaster/PIONEER/new_rv/build/hik_camera -- -j32 -l32
[0.061s] Invoking command in '/home/ljoy/Robomaster/PIONEER/new_rv/build/hik_camera': /usr/bin/cmake --install /home/ljoy/Robomaster/PIONEER/new_rv/build/hik_camera
[0.063s] -- Install configuration: ""
[0.063s] -- Up-to-date: /home/ljoy/Robomaster/PIONEER/new_rv/install/hik_camera/lib
[0.064s] -- Up-to-date: /home/ljoy/Robomaster/PIONEER/new_rv/install/hik_camera/lib/libMVRender.so
[0.064s] -- Up-to-date: /home/ljoy/Robomaster/PIONEER/new_rv/install/hik_camera/lib/libMvUsb3vTL.so
[0.064s] -- Up-to-date: /home/ljoy/Robomaster/PIONEER/new_rv/install/hik_camera/lib/libFormatConversion.so
[0.064s] -- Up-to-date: /home/ljoy/Robomaster/PIONEER/new_rv/install/hik_camera/lib/libMvCameraControl.so
[0.064s] -- Up-to-date: /home/ljoy/Robomaster/PIONEER/new_rv/install/hik_camera/lib/libMediaProcess.so
[0.064s] -- Up-to-date: /home/ljoy/Robomaster/PIONEER/new_rv/install/hik_camera/lib/hik_camera/hik_camera_node
[0.064s] -- Up-to-date: /home/ljoy/Robomaster/PIONEER/new_rv/install/hik_camera/share/hik_camera/environment/library_path.sh
[0.064s] -- Up-to-date: /home/ljoy/Robomaster/PIONEER/new_rv/install/hik_camera/share/hik_camera/environment/library_path.dsv
[0.064s] -- Up-to-date: /home/ljoy/Robomaster/PIONEER/new_rv/install/hik_camera/lib/libhik_camera.so
[0.064s] -- Up-to-date: /home/ljoy/Robomaster/PIONEER/new_rv/install/hik_camera/share/hik_camera/launch
[0.064s] -- Up-to-date: /home/ljoy/Robomaster/PIONEER/new_rv/install/hik_camera/share/hik_camera/launch/hik_camera_launch.py
[0.064s] -- Up-to-date: /home/ljoy/Robomaster/PIONEER/new_rv/install/hik_camera/share/hik_camera/config
[0.064s] -- Up-to-date: /home/ljoy/Robomaster/PIONEER/new_rv/install/hik_camera/share/hik_camera/config/camera_info.yaml
[0.064s] -- Up-to-date: /home/ljoy/Robomaster/PIONEER/new_rv/install/hik_camera/share/hik_camera/config/camera_params.yaml
[0.064s] -- Up-to-date: /home/ljoy/Robomaster/PIONEER/new_rv/install/hik_camera/share/ament_index/resource_index/package_run_dependencies/hik_camera
[0.065s] -- Up-to-date: /home/ljoy/Robomaster/PIONEER/new_rv/install/hik_camera/share/ament_index/resource_index/parent_prefix_path/hik_camera
[0.065s] -- Up-to-date: /home/ljoy/Robomaster/PIONEER/new_rv/install/hik_camera/share/hik_camera/environment/ament_prefix_path.sh
[0.065s] -- Up-to-date: /home/ljoy/Robomaster/PIONEER/new_rv/install/hik_camera/share/hik_camera/environment/ament_prefix_path.dsv
[0.065s] -- Up-to-date: /home/ljoy/Robomaster/PIONEER/new_rv/install/hik_camera/share/hik_camera/environment/path.sh
[0.065s] -- Up-to-date: /home/ljoy/Robomaster/PIONEER/new_rv/install/hik_camera/share/hik_camera/environment/path.dsv
[0.065s] -- Up-to-date: /home/ljoy/Robomaster/PIONEER/new_rv/install/hik_camera/share/hik_camera/local_setup.bash
[0.065s] -- Up-to-date: /home/ljoy/Robomaster/PIONEER/new_rv/install/hik_camera/share/hik_camera/local_setup.sh
[0.065s] -- Up-to-date: /home/ljoy/Robomaster/PIONEER/new_rv/install/hik_camera/share/hik_camera/local_setup.zsh
[0.065s] -- Up-to-date: /home/ljoy/Robomaster/PIONEER/new_rv/install/hik_camera/share/hik_camera/local_setup.dsv
[0.065s] -- Installing: /home/ljoy/Robomaster/PIONEER/new_rv/install/hik_camera/share/hik_camera/package.dsv
[0.065s] -- Up-to-date: /home/ljoy/Robomaster/PIONEER/new_rv/install/hik_camera/share/ament_index/resource_index/packages/hik_camera
[0.065s] -- Up-to-date: /home/ljoy/Robomaster/PIONEER/new_rv/install/hik_camera/share/ament_index/resource_index/rclcpp_components/hik_camera
[0.065s] -- Up-to-date: /home/ljoy/Robomaster/PIONEER/new_rv/install/hik_camera/share/hik_camera/cmake/ament_cmake_export_dependencies-extras.cmake
[0.065s] -- Up-to-date: /home/ljoy/Robomaster/PIONEER/new_rv/install/hik_camera/share/hik_camera/cmake/ament_cmake_export_libraries-extras.cmake
[0.065s] -- Up-to-date: /home/ljoy/Robomaster/PIONEER/new_rv/install/hik_camera/share/hik_camera/cmake/hik_cameraConfig.cmake
[0.065s] -- Up-to-date: /home/ljoy/Robomaster/PIONEER/new_rv/install/hik_camera/share/hik_camera/cmake/hik_cameraConfig-version.cmake
[0.065s] -- Up-to-date: /home/ljoy/Robomaster/PIONEER/new_rv/install/hik_camera/share/hik_camera/package.xml
[0.066s] Invoked command in '/home/ljoy/Robomaster/PIONEER/new_rv/build/hik_camera' returned '0': /usr/bin/cmake --install /home/ljoy/Robomaster/PIONEER/new_rv/build/hik_camera
