[0.006s] Invoking command in '/home/ljoy/Robomaster/PIONEER/new_rv/build/armor_detector': AMENT_PREFIX_PATH=/home/ljoy/Robomaster/PIONEER/new_rv/install/rm_tools:/home/ljoy/Robomaster/PIONEER/new_rv/install/auto_aim_interfaces:${AMENT_PREFIX_PATH} CMAKE_PREFIX_PATH=/home/ljoy/Robomaster/PIONEER/new_rv/install/rm_tools:/home/ljoy/Robomaster/PIONEER/new_rv/install/auto_aim_interfaces:/opt/ros/humble LD_LIBRARY_PATH=/home/ljoy/Robomaster/PIONEER/new_rv/install/rm_tools/lib:/home/ljoy/Robomaster/PIONEER/new_rv/install/auto_aim_interfaces/lib:/opt/ros/humble/opt/rviz_ogre_vendor/lib:/opt/ros/humble/lib/x86_64-linux-gnu:/opt/ros/humble/lib:/opt/MVS/lib/64:/opt/MVS/lib/32:/opt/MVS/lib/64:/opt/MVS/lib/64 PYTHONPATH=/home/ljoy/Robomaster/PIONEER/new_rv/install/auto_aim_interfaces/local/lib/python3.10/dist-packages:${PYTHONPATH} /usr/bin/cmake /home/ljoy/Robomaster/PIONEER/new_rv/rm_auto_aim/armor_detector -DCMAKE_INSTALL_PREFIX=/home/ljoy/Robomaster/PIONEER/new_rv/install/armor_detector
[0.035s] -- The C compiler identification is GNU 11.4.0
[0.069s] -- The CXX compiler identification is GNU 11.4.0
[0.076s] -- Detecting C compiler ABI info
[0.111s] -- Detecting C compiler ABI info - done
[0.121s] -- Check for working C compiler: /usr/bin/cc - skipped
[0.122s] -- Detecting C compile features
[0.122s] -- Detecting C compile features - done
[0.124s] -- Detecting CXX compiler ABI info
[0.165s] -- Detecting CXX compiler ABI info - done
[0.175s] -- Check for working CXX compiler: /usr/bin/c++ - skipped
[0.175s] -- Detecting CXX compile features
[0.176s] -- Detecting CXX compile features - done
[0.177s] -- Found ament_cmake_auto: 1.3.10 (/opt/ros/humble/share/ament_cmake_auto/cmake)
[0.252s] -- Found Python3: /usr/bin/python3 (found version "3.10.12") found components: Interpreter
[0.306s] -- Found OpenCV: /usr (found version "4.5.4")
[0.308s] -- Performing Test CMAKE_HAVE_LIBC_PTHREAD
[0.347s] -- Performing Test CMAKE_HAVE_LIBC_PTHREAD - Success
[0.347s] -- Found Threads: TRUE
[0.415s] -- Found rosidl_generator_c: 3.1.5 (/opt/ros/humble/share/rosidl_generator_c/cmake)
[0.418s] -- Found rosidl_adapter: 3.1.5 (/opt/ros/humble/share/rosidl_adapter/cmake)
[0.424s] -- Found rosidl_generator_cpp: 3.1.5 (/opt/ros/humble/share/rosidl_generator_cpp/cmake)
[0.432s] -- Using all available rosidl_typesupport_c: rosidl_typesupport_fastrtps_c;rosidl_typesupport_introspection_c
[0.442s] -- Using all available rosidl_typesupport_cpp: rosidl_typesupport_fastrtps_cpp;rosidl_typesupport_introspection_cpp
[0.472s] -- Found rmw_implementation_cmake: 6.1.2 (/opt/ros/humble/share/rmw_implementation_cmake/cmake)
[0.473s] -- Found rmw_fastrtps_cpp: 6.2.7 (/opt/ros/humble/share/rmw_fastrtps_cpp/cmake)
[0.532s] -- Found OpenSSL: /usr/lib/x86_64-linux-gnu/libcrypto.so (found version "3.0.2")
[0.551s] -- Found FastRTPS: /opt/ros/humble/include
[0.579s] -- Using RMW implementation 'rmw_fastrtps_cpp' as default
[0.735s] -- Found Eigen3: TRUE (found version "3.4.0")
[0.735s] -- Ensuring Eigen3 include directory is part of orocos-kdl CMake target
[0.794s] -- Found ament_lint_auto: 0.12.11 (/opt/ros/humble/share/ament_lint_auto/cmake)
[0.808s] -- Added test 'cppcheck' to perform static code analysis on C / C++ code
[0.808s] -- Configured cppcheck include dirs: /home/ljoy/Robomaster/PIONEER/new_rv/rm_auto_aim/armor_detector/include
[0.808s] -- Configured cppcheck exclude dirs and/or files: 
[0.809s] -- Added test 'lint_cmake' to check CMake code style
[0.809s] -- Added test 'xmllint' to check XML markup files
[0.811s] -- Configuring done (0.8s)
[0.826s] -- Generating done (0.0s)
[0.827s] -- Build files have been written to: /home/ljoy/Robomaster/PIONEER/new_rv/build/armor_detector
[0.834s] Invoked command in '/home/ljoy/Robomaster/PIONEER/new_rv/build/armor_detector' returned '0': AMENT_PREFIX_PATH=/home/ljoy/Robomaster/PIONEER/new_rv/install/rm_tools:/home/ljoy/Robomaster/PIONEER/new_rv/install/auto_aim_interfaces:${AMENT_PREFIX_PATH} CMAKE_PREFIX_PATH=/home/ljoy/Robomaster/PIONEER/new_rv/install/rm_tools:/home/ljoy/Robomaster/PIONEER/new_rv/install/auto_aim_interfaces:/opt/ros/humble LD_LIBRARY_PATH=/home/ljoy/Robomaster/PIONEER/new_rv/install/rm_tools/lib:/home/ljoy/Robomaster/PIONEER/new_rv/install/auto_aim_interfaces/lib:/opt/ros/humble/opt/rviz_ogre_vendor/lib:/opt/ros/humble/lib/x86_64-linux-gnu:/opt/ros/humble/lib:/opt/MVS/lib/64:/opt/MVS/lib/32:/opt/MVS/lib/64:/opt/MVS/lib/64 PYTHONPATH=/home/ljoy/Robomaster/PIONEER/new_rv/install/auto_aim_interfaces/local/lib/python3.10/dist-packages:${PYTHONPATH} /usr/bin/cmake /home/ljoy/Robomaster/PIONEER/new_rv/rm_auto_aim/armor_detector -DCMAKE_INSTALL_PREFIX=/home/ljoy/Robomaster/PIONEER/new_rv/install/armor_detector
[0.835s] Invoking command in '/home/ljoy/Robomaster/PIONEER/new_rv/build/armor_detector': AMENT_PREFIX_PATH=/home/ljoy/Robomaster/PIONEER/new_rv/install/rm_tools:/home/ljoy/Robomaster/PIONEER/new_rv/install/auto_aim_interfaces:${AMENT_PREFIX_PATH} CMAKE_PREFIX_PATH=/home/ljoy/Robomaster/PIONEER/new_rv/install/rm_tools:/home/ljoy/Robomaster/PIONEER/new_rv/install/auto_aim_interfaces:/opt/ros/humble LD_LIBRARY_PATH=/home/ljoy/Robomaster/PIONEER/new_rv/install/rm_tools/lib:/home/ljoy/Robomaster/PIONEER/new_rv/install/auto_aim_interfaces/lib:/opt/ros/humble/opt/rviz_ogre_vendor/lib:/opt/ros/humble/lib/x86_64-linux-gnu:/opt/ros/humble/lib:/opt/MVS/lib/64:/opt/MVS/lib/32:/opt/MVS/lib/64:/opt/MVS/lib/64 PYTHONPATH=/home/ljoy/Robomaster/PIONEER/new_rv/install/auto_aim_interfaces/local/lib/python3.10/dist-packages:${PYTHONPATH} /usr/bin/cmake --build /home/ljoy/Robomaster/PIONEER/new_rv/build/armor_detector -- -j32 -l32
[0.849s] [ 11%] [32mBuilding CXX object CMakeFiles/armor_detector_node.dir/rclcpp_components/node_main_armor_detector_node.cpp.o[0m
[0.850s] [ 22%] [32mBuilding CXX object CMakeFiles/armor_detector.dir/src/armor.cpp.o[0m
[0.850s] [ 33%] [32mBuilding CXX object CMakeFiles/armor_detector.dir/src/armor_pose_estimator.cpp.o[0m
[0.850s] [ 44%] [32mBuilding CXX object CMakeFiles/armor_detector.dir/src/ba_solver.cpp.o[0m
[0.850s] [ 55%] [32mBuilding CXX object CMakeFiles/armor_detector.dir/src/detector.cpp.o[0m
[0.851s] [ 66%] [32mBuilding CXX object CMakeFiles/armor_detector.dir/src/detector_node.cpp.o[0m
[0.851s] [ 77%] [32mBuilding CXX object CMakeFiles/armor_detector.dir/src/graph_optimator.cpp.o[0m
[2.969s] [01m[K/home/ljoy/Robomaster/PIONEER/new_rv/rm_auto_aim/armor_detector/src/graph_optimator.cpp:30:6:[m[K [01;31m[Kerror: [m[K‘[01m[KVertexYaw[m[K’ has not been declared
[2.969s]    30 | void [01;31m[KVertexYaw[m[K::oplusImpl(const double *update) {
[2.969s]       |      [01;31m[K^~~~~~~~~[m[K
[2.974s] [01m[K/home/ljoy/Robomaster/PIONEER/new_rv/rm_auto_aim/armor_detector/src/graph_optimator.cpp:[m[K In function ‘[01m[Kvoid rm_auto_aim::oplusImpl(const double*)[m[K’:
[2.974s] [01m[K/home/ljoy/Robomaster/PIONEER/new_rv/rm_auto_aim/armor_detector/src/graph_optimator.cpp:32:64:[m[K [01;31m[Kerror: [m[K‘[01m[K_estimate[m[K’ was not declared in this scope
[2.974s]    32 |                        Sophus::SO3d::exp(Eigen::Vector3d(0, 0, [01;31m[K_estimate[m[K));
[2.974s]       |                                                                [01;31m[K^~~~~~~~~[m[K
[2.976s] [01m[K/home/ljoy/Robomaster/PIONEER/new_rv/rm_auto_aim/armor_detector/src/graph_optimator.cpp:[m[K At global scope:
[2.976s] [01m[K/home/ljoy/Robomaster/PIONEER/new_rv/rm_auto_aim/armor_detector/src/graph_optimator.cpp:36:1:[m[K [01;31m[Kerror: [m[K‘[01m[KEdgeProjection[m[K’ does not name a type
[2.976s]    36 | [01;31m[KEdgeProjection[m[K::EdgeProjection(const Sophus::SO3d &R_camera_imu,
[2.976s]       | [01;31m[K^~~~~~~~~~~~~~[m[K
[2.976s] [01m[K/home/ljoy/Robomaster/PIONEER/new_rv/rm_auto_aim/armor_detector/src/graph_optimator.cpp:42:6:[m[K [01;31m[Kerror: [m[K‘[01m[KEdgeProjection[m[K’ has not been declared
[2.976s]    42 | void [01;31m[KEdgeProjection[m[K::computeError() {
[2.976s]       |      [01;31m[K^~~~~~~~~~~~~~[m[K
[2.978s] [01m[K/home/ljoy/Robomaster/PIONEER/new_rv/rm_auto_aim/armor_detector/src/graph_optimator.cpp:[m[K In function ‘[01m[Kvoid rm_auto_aim::computeError()[m[K’:
[2.978s] [01m[K/home/ljoy/Robomaster/PIONEER/new_rv/rm_auto_aim/armor_detector/src/graph_optimator.cpp:44:28:[m[K [01;31m[Kerror: [m[K‘[01m[KVertexYaw[m[K’ does not name a type
[2.978s]    44 |   double yaw = static_cast<[01;31m[KVertexYaw[m[K *>(_vertices[0])->estimate();
[2.978s]       |                            [01;31m[K^~~~~~~~~[m[K
[2.978s] [01m[K/home/ljoy/Robomaster/PIONEER/new_rv/rm_auto_aim/armor_detector/src/graph_optimator.cpp:44:38:[m[K [01;31m[Kerror: [m[Kexpected ‘[01m[K>[m[K’ before ‘[01m[K*[m[K’ token
[2.978s]    44 |   double yaw = static_cast<VertexYaw [01;31m[K*[m[K>(_vertices[0])->estimate();
[2.978s]       |                                      [01;31m[K^[m[K
[2.978s] [01m[K/home/ljoy/Robomaster/PIONEER/new_rv/rm_auto_aim/armor_detector/src/graph_optimator.cpp:44:38:[m[K [01;31m[Kerror: [m[Kexpected ‘[01m[K([m[K’ before ‘[01m[K*[m[K’ token
[2.978s]    44 |   double yaw = static_cast<VertexYaw [01;31m[K*[m[K>(_vertices[0])->estimate();
[2.978s]       |                                      [01;31m[K^[m[K
[2.978s]       |                                      [32m[K([m[K
[2.978s] [01m[K/home/ljoy/Robomaster/PIONEER/new_rv/rm_auto_aim/armor_detector/src/graph_optimator.cpp:44:39:[m[K [01;31m[Kerror: [m[Kexpected primary-expression before ‘[01m[K>[m[K’ token
[2.978s]    44 |   double yaw = static_cast<VertexYaw *[01;31m[K>[m[K(_vertices[0])->estimate();
[2.978s]       |                                       [01;31m[K^[m[K
[2.982s] [01m[K/home/ljoy/Robomaster/PIONEER/new_rv/rm_auto_aim/armor_detector/src/graph_optimator.cpp:44:41:[m[K [01;31m[Kerror: [m[K‘[01m[K_vertices[m[K’ was not declared in this scope
[2.982s]    44 |   double yaw = static_cast<VertexYaw *>([01;31m[K_vertices[m[K[0])->estimate();
[2.982s]       |                                         [01;31m[K^~~~~~~~~[m[K
[2.982s] [01m[K/home/ljoy/Robomaster/PIONEER/new_rv/rm_auto_aim/armor_detector/src/graph_optimator.cpp:44:66:[m[K [01;31m[Kerror: [m[Kexpected ‘[01m[K)[m[K’ before ‘[01m[K;[m[K’ token
[2.982s]    44 |   double yaw = static_cast<VertexYaw *>(_vertices[0])->estimate()[01;31m[K;[m[K
[2.982s]       |                                                                  [01;31m[K^[m[K
[2.982s]       |                                                                  [32m[K)[m[K
[2.986s] [01m[K/home/ljoy/Robomaster/PIONEER/new_rv/rm_auto_aim/armor_detector/src/graph_optimator.cpp:46:20:[m[K [01;31m[Kerror: [m[K‘[01m[KR_camera_imu_[m[K’ was not declared in this scope
[2.986s]    46 |   Sophus::SO3d R = [01;31m[KR_camera_imu_[m[K * R_yaw * R_pitch_;
[2.986s]       |                    [01;31m[K^~~~~~~~~~~~~[m[K
[2.989s] [01m[K/home/ljoy/Robomaster/PIONEER/new_rv/rm_auto_aim/armor_detector/src/graph_optimator.cpp:46:44:[m[K [01;31m[Kerror: [m[K‘[01m[KR_pitch_[m[K’ was not declared in this scope
[2.989s]    46 |   Sophus::SO3d R = R_camera_imu_ * R_yaw * [01;31m[KR_pitch_[m[K;
[2.989s]       |                                            [01;31m[K^~~~~~~~[m[K
[2.994s] [01m[K/home/ljoy/Robomaster/PIONEER/new_rv/rm_auto_aim/armor_detector/src/graph_optimator.cpp:53:23:[m[K [01;31m[Kerror: [m[K‘[01m[K_measurement[m[K’ was not declared in this scope
[2.994s]    53 |   Eigen::Vector2d obs([01;31m[K_measurement[m[K);
[2.994s]       |                       [01;31m[K^~~~~~~~~~~~[m[K
[2.998s] [01m[K/home/ljoy/Robomaster/PIONEER/new_rv/rm_auto_aim/armor_detector/src/graph_optimator.cpp:56:37:[m[K [01;31m[Kerror: [m[K‘[01m[Kt_[m[K’ was not declared in this scope; did you mean ‘[01m[Ktm[m[K’?
[2.998s]    56 |   Eigen::Vector3d p_2d = R * p_3d + [01;31m[Kt_[m[K;
[2.998s]       |                                     [01;31m[K^~[m[K
[2.999s]       |                                     [32m[Ktm[m[K
[3.001s] [01m[K/home/ljoy/Robomaster/PIONEER/new_rv/rm_auto_aim/armor_detector/src/graph_optimator.cpp:57:10:[m[K [01;31m[Kerror: [m[K‘[01m[KK_[m[K’ was not declared in this scope
[3.001s]    57 |   p_2d = [01;31m[KK_[m[K * (p_2d / p_2d.z());
[3.001s]       |          [01;31m[K^~[m[K
[3.020s] [01m[K/home/ljoy/Robomaster/PIONEER/new_rv/rm_auto_aim/armor_detector/src/graph_optimator.cpp:60:3:[m[K [01;31m[Kerror: [m[K‘[01m[K_error[m[K’ was not declared in this scope; did you mean ‘[01m[Kperror[m[K’?
[3.020s]    60 |   [01;31m[K_error[m[K = obs - p_2d.head<2>();
[3.020s]       |   [01;31m[K^~~~~~[m[K
[3.020s]       |   [32m[Kperror[m[K
[3.072s] [ 88%] [32m[1mLinking CXX executable armor_detector_node[0m
[3.142s] [ 88%] Built target armor_detector_node
[3.740s] [01m[K/home/ljoy/Robomaster/PIONEER/new_rv/rm_auto_aim/armor_detector/src/ba_solver.cpp:[m[K In member function ‘[01m[KEigen::Matrix3d rm_auto_aim::BaSolver::solveBa(const rm_auto_aim::Armor&, const Vector3d&, const Matrix3d&, const Matrix3d&)[m[K’:
[3.740s] [01m[K/home/ljoy/Robomaster/PIONEER/new_rv/rm_auto_aim/armor_detector/src/ba_solver.cpp:82:13:[m[K [01;31m[Kerror: [m[K‘[01m[Kconst struct rm_auto_aim::Armor[m[K’ has no member named ‘[01m[Knumber[m[K’
[3.740s]    82 |       armor.[01;31m[Knumber[m[K == "outpost" ? -15 : 15;
[3.740s]       |             [01;31m[K^~~~~~[m[K
[3.740s] [01m[K/home/ljoy/Robomaster/PIONEER/new_rv/rm_auto_aim/armor_detector/src/ba_solver.cpp:87:32:[m[K [01;31m[Kerror: [m[K‘[01m[KSMALL[m[K’ is not a member of ‘[01m[Krm_auto_aim::ArmorType[m[K’
[3.740s]    87 |       armor.type == ArmorType::[01;31m[KSMALL[m[K
[3.740s]       |                                [01;31m[K^~~~~[m[K
[3.741s] [01m[K/home/ljoy/Robomaster/PIONEER/new_rv/rm_auto_aim/armor_detector/src/ba_solver.cpp:96:3:[m[K [01;31m[Kerror: [m[K‘[01m[KVertexYaw[m[K’ was not declared in this scope; did you mean ‘[01m[Kfyt::auto_aim::VertexYaw[m[K’?
[3.741s]    96 |   [01;31m[KVertexYaw[m[K *v_yaw = new VertexYaw();
[3.741s]       |   [01;31m[K^~~~~~~~~[m[K
[3.741s]       |   [32m[Kfyt::auto_aim::VertexYaw[m[K
[3.741s] In file included from [01m[K/home/ljoy/Robomaster/PIONEER/new_rv/rm_auto_aim/armor_detector/include/armor_detector/ba_solver.hpp:40[m[K,
[3.741s]                  from [01m[K/home/ljoy/Robomaster/PIONEER/new_rv/rm_auto_aim/armor_detector/src/ba_solver.cpp:17[m[K:
[3.742s] [01m[K/home/ljoy/Robomaster/PIONEER/new_rv/rm_auto_aim/armor_detector/include/armor_detector/graph_optimizer.hpp:41:7:[m[K [01;36m[Knote: [m[K‘[01m[Kfyt::auto_aim::VertexYaw[m[K’ declared here
[3.742s]    41 | class [01;36m[KVertexYaw[m[K : public g2o::BaseVertex<1, double> {
[3.742s]       |       [01;36m[K^~~~~~~~~[m[K
[3.746s] [01m[K/home/ljoy/Robomaster/PIONEER/new_rv/rm_auto_aim/armor_detector/src/ba_solver.cpp:96:14:[m[K [01;31m[Kerror: [m[K‘[01m[Kv_yaw[m[K’ was not declared in this scope
[3.746s]    96 |   VertexYaw *[01;31m[Kv_yaw[m[K = new VertexYaw();
[3.746s]       |              [01;31m[K^~~~~[m[K
[3.746s] [01m[K/home/ljoy/Robomaster/PIONEER/new_rv/rm_auto_aim/armor_detector/src/ba_solver.cpp:96:26:[m[K [01;31m[Kerror: [m[Kexpected type-specifier before ‘[01m[KVertexYaw[m[K’
[3.746s]    96 |   VertexYaw *v_yaw = new [01;31m[KVertexYaw[m[K();
[3.746s]       |                          [01;31m[K^~~~~~~~~[m[K
[3.747s] [01m[K/home/ljoy/Robomaster/PIONEER/new_rv/rm_auto_aim/armor_detector/src/ba_solver.cpp:110:5:[m[K [01;31m[Kerror: [m[K‘[01m[KEdgeProjection[m[K’ was not declared in this scope; did you mean ‘[01m[Kfyt::auto_aim::EdgeProjection[m[K’?
[3.747s]   110 |     [01;31m[KEdgeProjection[m[K *edge =
[3.747s]       |     [01;31m[K^~~~~~~~~~~~~~[m[K
[3.747s]       |     [32m[Kfyt::auto_aim::EdgeProjection[m[K
[3.747s] In file included from [01m[K/home/ljoy/Robomaster/PIONEER/new_rv/rm_auto_aim/armor_detector/include/armor_detector/ba_solver.hpp:40[m[K,
[3.747s]                  from [01m[K/home/ljoy/Robomaster/PIONEER/new_rv/rm_auto_aim/armor_detector/src/ba_solver.cpp:17[m[K:
[3.747s] [01m[K/home/ljoy/Robomaster/PIONEER/new_rv/rm_auto_aim/armor_detector/include/armor_detector/graph_optimizer.hpp:55:7:[m[K [01;36m[Knote: [m[K‘[01m[Kfyt::auto_aim::EdgeProjection[m[K’ declared here
[3.747s]    55 | class [01;36m[KEdgeProjection[m[K : public g2o::BaseBinaryEdge<2, Eigen::Vector2d, VertexYaw, //二元边类
[3.747s]       |       [01;36m[K^~~~~~~~~~~~~~[m[K
[3.750s] [01m[K/home/ljoy/Robomaster/PIONEER/new_rv/rm_auto_aim/armor_detector/src/ba_solver.cpp:110:21:[m[K [01;31m[Kerror: [m[K‘[01m[Kedge[m[K’ was not declared in this scope
[3.750s]   110 |     EdgeProjection *[01;31m[Kedge[m[K =
[3.750s]       |                     [01;31m[K^~~~[m[K
[3.750s] [01m[K/home/ljoy/Robomaster/PIONEER/new_rv/rm_auto_aim/armor_detector/src/ba_solver.cpp:111:13:[m[K [01;31m[Kerror: [m[Kexpected type-specifier before ‘[01m[KEdgeProjection[m[K’
[3.751s]   111 |         new [01;31m[KEdgeProjection[m[K(R_camera_imu, R_pitch, t_camera_armor, K_);
[3.751s]       |             [01;31m[K^~~~~~~~~~~~~~[m[K
[3.751s] [01m[K/home/ljoy/Robomaster/PIONEER/new_rv/rm_auto_aim/armor_detector/src/ba_solver.cpp:116:26:[m[K [01;31m[Kerror: [m[K‘[01m[KEdgeProjection[m[K’ is not a class, namespace, or enumeration
[3.751s]   116 |     edge->setInformation([01;31m[KEdgeProjection[m[K::InfoMatrixType::Identity());
[3.751s]       |                          [01;31m[K^~~~~~~~~~~~~~[m[K
[3.751s] [01m[K/home/ljoy/Robomaster/PIONEER/new_rv/rm_auto_aim/armor_detector/src/ba_solver.cpp:129:18:[m[K [01;31m[Kerror: [m[K‘[01m[KRCLCPP[m[K’ has not been declared
[3.751s]   129 |     RCLCPP_ERROR([01;31m[KRCLCPP[m[K::get_logger("armor_detector"), "Yaw angle is nan after optimization");
[3.751s]       |                  [01;31m[K^~~~~~[m[K
[3.755s] [01m[K/home/ljoy/Robomaster/PIONEER/new_rv/rm_auto_aim/armor_detector/src/ba_solver.cpp:129:5:[m[K [01;31m[Kerror: [m[K‘[01m[KRCLCPP_ERROR[m[K’ was not declared in this scope
[3.755s]   129 |     [01;31m[KRCLCPP_ERROR[m[K(RCLCPP::get_logger("armor_detector"), "Yaw angle is nan after optimization");
[3.755s]       |     [01;31m[K^~~~~~~~~~~~[m[K
[5.364s] gmake[2]: *** [CMakeFiles/armor_detector.dir/build.make:146：CMakeFiles/armor_detector.dir/src/graph_optimator.cpp.o] 错误 1
[5.364s] gmake[2]: *** 正在等待未完成的任务....
[7.089s] gmake[2]: *** [CMakeFiles/armor_detector.dir/build.make:104：CMakeFiles/armor_detector.dir/src/ba_solver.cpp.o] 错误 1
[17.286s] gmake[1]: *** [CMakeFiles/Makefile2:139：CMakeFiles/armor_detector.dir/all] 错误 2
[17.286s] gmake: *** [Makefile:146：all] 错误 2
