[ 40%] Built target armor_tracker_node
[100%] Built target armor_tracker
-- Install configuration: ""
-- Installing: /home/ljoy/Robomaster/PIONEER/new_rv/install/armor_tracker/lib/armor_tracker/armor_tracker_node
-- Set non-toolchain portion of runtime path of "/home/ljoy/Robomaster/PIONEER/new_rv/install/armor_tracker/lib/armor_tracker/armor_tracker_node" to ""
-- Installing: /home/ljoy/Robomaster/PIONEER/new_rv/install/armor_tracker/include
-- Installing: /home/ljoy/Robomaster/PIONEER/new_rv/install/armor_tracker/include/armor_tracker
-- Installing: /home/ljoy/Robomaster/PIONEER/new_rv/install/armor_tracker/include/armor_tracker/tracker_node.hpp
-- Installing: /home/ljoy/Robomaster/PIONEER/new_rv/install/armor_tracker/include/armor_tracker/tracker.hpp
-- Installing: /home/ljoy/Robomaster/PIONEER/new_rv/install/armor_tracker/share/armor_tracker/environment/library_path.sh
-- Installing: /home/ljoy/Robomaster/PIONEER/new_rv/install/armor_tracker/share/armor_tracker/environment/library_path.dsv
-- Installing: /home/ljoy/Robomaster/PIONEER/new_rv/install/armor_tracker/lib/libarmor_tracker.so
-- Set non-toolchain portion of runtime path of "/home/ljoy/Robomaster/PIONEER/new_rv/install/armor_tracker/lib/libarmor_tracker.so" to ""
-- Installing: /home/ljoy/Robomaster/PIONEER/new_rv/install/armor_tracker/share/ament_index/resource_index/package_run_dependencies/armor_tracker
-- Installing: /home/ljoy/Robomaster/PIONEER/new_rv/install/armor_tracker/share/ament_index/resource_index/parent_prefix_path/armor_tracker
-- Installing: /home/ljoy/Robomaster/PIONEER/new_rv/install/armor_tracker/share/armor_tracker/environment/ament_prefix_path.sh
-- Installing: /home/ljoy/Robomaster/PIONEER/new_rv/install/armor_tracker/share/armor_tracker/environment/ament_prefix_path.dsv
-- Installing: /home/ljoy/Robomaster/PIONEER/new_rv/install/armor_tracker/share/armor_tracker/environment/path.sh
-- Installing: /home/ljoy/Robomaster/PIONEER/new_rv/install/armor_tracker/share/armor_tracker/environment/path.dsv
-- Installing: /home/ljoy/Robomaster/PIONEER/new_rv/install/armor_tracker/share/armor_tracker/local_setup.bash
-- Installing: /home/ljoy/Robomaster/PIONEER/new_rv/install/armor_tracker/share/armor_tracker/local_setup.sh
-- Installing: /home/ljoy/Robomaster/PIONEER/new_rv/install/armor_tracker/share/armor_tracker/local_setup.zsh
-- Installing: /home/ljoy/Robomaster/PIONEER/new_rv/install/armor_tracker/share/armor_tracker/local_setup.dsv
-- Installing: /home/ljoy/Robomaster/PIONEER/new_rv/install/armor_tracker/share/armor_tracker/package.dsv
-- Installing: /home/ljoy/Robomaster/PIONEER/new_rv/install/armor_tracker/share/ament_index/resource_index/packages/armor_tracker
-- Installing: /home/ljoy/Robomaster/PIONEER/new_rv/install/armor_tracker/share/ament_index/resource_index/rclcpp_components/armor_tracker
-- Installing: /home/ljoy/Robomaster/PIONEER/new_rv/install/armor_tracker/share/armor_tracker/cmake/ament_cmake_export_dependencies-extras.cmake
-- Installing: /home/ljoy/Robomaster/PIONEER/new_rv/install/armor_tracker/share/armor_tracker/cmake/ament_cmake_export_include_directories-extras.cmake
-- Installing: /home/ljoy/Robomaster/PIONEER/new_rv/install/armor_tracker/share/armor_tracker/cmake/ament_cmake_export_libraries-extras.cmake
-- Installing: /home/ljoy/Robomaster/PIONEER/new_rv/install/armor_tracker/share/armor_tracker/cmake/armor_trackerConfig.cmake
-- Installing: /home/ljoy/Robomaster/PIONEER/new_rv/install/armor_tracker/share/armor_tracker/cmake/armor_trackerConfig-version.cmake
-- Installing: /home/ljoy/Robomaster/PIONEER/new_rv/install/armor_tracker/share/armor_tracker/package.xml
