[ 33%] Built target rm_planner_node
[ 50%] [32mBuilding CXX object CMakeFiles/rm_planner.dir/src/rm_planner.cpp.o[0m
[ 66%] [32mBuilding CXX object CMakeFiles/rm_planner.dir/src/rm_planner_node.cpp.o[0m
[01m[K/home/ljoy/Robomaster/PIONEER/new_rv/rm_planner/src/rm_planner.cpp:[m[K In member function ‘[01m[Kauto_aim_interfaces::msg::GimbalCmd rm_auto_aim::Planner::plan(const Target&, double, const rclcpp::Time&, std::shared_ptr<tf2_ros::Buffer>)[m[K’:
[01m[K/home/ljoy/Robomaster/PIONEER/new_rv/rm_planner/src/rm_planner.cpp:90:12:[m[K [01;31m[Kerror: [m[K‘[01m[Kget_logger[m[K’ was not declared in this scope; did you mean ‘[01m[Krclcpp::get_logger[m[K’?
   90 |     RCLCPP([01;31m[Kget_logger[m[K("rm_planner"), "Target solve fail!");
      |            [01;31m[K^~~~~~~~~~[m[K
      |            [32m[Krclcpp::get_logger[m[K
In file included from [01m[K/opt/ros/humble/include/rclcpp/rclcpp/logging.hpp:23[m[K,
                 from [01m[K/opt/ros/humble/include/rclcpp/rclcpp/client.hpp:40[m[K,
                 from [01m[K/opt/ros/humble/include/rclcpp/rclcpp/callback_group.hpp:24[m[K,
                 from [01m[K/opt/ros/humble/include/rclcpp/rclcpp/any_executable.hpp:20[m[K,
                 from [01m[K/opt/ros/humble/include/rclcpp/rclcpp/memory_strategy.hpp:25[m[K,
                 from [01m[K/opt/ros/humble/include/rclcpp/rclcpp/memory_strategies.hpp:18[m[K,
                 from [01m[K/opt/ros/humble/include/rclcpp/rclcpp/executor_options.hpp:20[m[K,
                 from [01m[K/opt/ros/humble/include/rclcpp/rclcpp/executor.hpp:37[m[K,
                 from [01m[K/opt/ros/humble/include/rclcpp/rclcpp/executors/multi_threaded_executor.hpp:25[m[K,
                 from [01m[K/opt/ros/humble/include/rclcpp/rclcpp/executors.hpp:21[m[K,
                 from [01m[K/opt/ros/humble/include/rclcpp/rclcpp/rclcpp.hpp:155[m[K,
                 from [01m[K/opt/ros/humble/include/tf2_ros/tf2_ros/buffer_interface.h:48[m[K,
                 from [01m[K/opt/ros/humble/include/tf2_ros/tf2_ros/buffer.h:42[m[K,
                 from [01m[K/home/ljoy/Robomaster/PIONEER/new_rv/rm_planner/include/rm_planner/rm_planner.hpp:16[m[K,
                 from [01m[K/home/ljoy/Robomaster/PIONEER/new_rv/rm_planner/src/rm_planner.cpp:1[m[K:
[01m[K/opt/ros/humble/include/rclcpp/rclcpp/logger.hpp:106:17:[m[K [01;36m[Knote: [m[K‘[01m[Krclcpp::get_logger[m[K’ declared here
  106 |   friend Logger [01;36m[Krclcpp[m[K::get_logger(const std::string & name);
      |                 [01;36m[K^~~~~~[m[K
[01m[K/home/ljoy/Robomaster/PIONEER/new_rv/rm_planner/src/rm_planner.cpp:90:5:[m[K [01;31m[Kerror: [m[K‘[01m[KRCLCPP[m[K’ was not declared in this scope
   90 |     [01;31m[KRCLCPP[m[K(get_logger("rm_planner"), "Target solve fail!");
      |     [01;31m[K^~~~~~[m[K
[01m[K/home/ljoy/Robomaster/PIONEER/new_rv/rm_planner/src/rm_planner.cpp:91:18:[m[K [01;31m[Kerror: [m[Kcould not convert ‘[01m[K{false}[m[K’ from ‘[01m[K<brace-enclosed initializer list>[m[K’ to ‘[01m[Kauto_aim_interfaces::msg::GimbalCmd[m[K’ {aka ‘[01m[Kauto_aim_interfaces::msg::GimbalCmd_<std::allocator<void> >[m[K’}
   91 |     return {false[01;31m[K}[m[K;
      |                  [01;31m[K^[m[K
      |                  [01;31m[K|[m[K
      |                  [01;31m[K<brace-enclosed initializer list>[m[K
[01m[K/home/ljoy/Robomaster/PIONEER/new_rv/rm_planner/src/rm_planner.cpp:139:10:[m[K [01;31m[Kerror: [m[Kcould not convert ‘[01m[Kplan[m[K’ from ‘[01m[Krm_auto_aim::Plan[m[K’ to ‘[01m[Kauto_aim_interfaces::msg::GimbalCmd[m[K’ {aka ‘[01m[Kauto_aim_interfaces::msg::GimbalCmd_<std::allocator<void> >[m[K’}
  139 |   return [01;31m[Kplan[m[K;
      |          [01;31m[K^~~~[m[K
      |          [01;31m[K|[m[K
      |          [01;31m[Krm_auto_aim::Plan[m[K
gmake[2]: *** [CMakeFiles/rm_planner.dir/build.make:76：CMakeFiles/rm_planner.dir/src/rm_planner.cpp.o] 错误 1
gmake[2]: *** 正在等待未完成的任务....
gmake[1]: *** [CMakeFiles/Makefile2:139：CMakeFiles/rm_planner.dir/all] 错误 2
gmake: *** [Makefile:146：all] 错误 2
