-- Found ament_cmake_auto: 1.3.10 (/opt/ros/humble/share/ament_cmake_auto/cmake)
[33mCMake Warning (dev) at /home/ljoy/Downloads/cmake-3.29.7-linux-x86_64/share/cmake-3.29/Modules/FindOpenGL.cmake:415 (message):
  Policy CMP0072 is not set: FindOpenGL prefers GLVND by default when
  available.  Run "cmake --help-policy CMP0072" for policy details.  Use the
  cmake_policy command to set the policy and suppress this warning.

  FindOpenGL found both a legacy GL library:

    OPENGL_gl_LIBRARY: /usr/lib/x86_64-linux-gnu/libGL.so

  and GLVND libraries for OpenGL and GLX:

    OPENGL_opengl_LIBRARY: /usr/lib/x86_64-linux-gnu/libOpenGL.so
    OPENGL_glx_LIBRARY: /usr/lib/x86_64-linux-gnu/libGLX.so

  OpenGL_GL_PREFERENCE has not been set to "GLVND" or "LEGACY", so for
  compatibility with CMake 3.10 and below the legacy GL library will be used.
Call Stack (most recent call first):
  /home/ljoy/Downloads/cmake-3.29.7-linux-x86_64/share/cmake-3.29/Modules/CMakeFindDependencyMacro.cmake:76 (find_package)
  /usr/local/lib/cmake/g2o/g2oConfig.cmake:6 (find_dependency)
  CMakeLists.txt:30 (find_package)
This warning is for project developers.  Use -Wno-dev to suppress it.
[0m
-- Found OpenGL: /usr/lib/x86_64-linux-gnu/libOpenGL.so
-- Found rosidl_generator_c: 3.1.5 (/opt/ros/humble/share/rosidl_generator_c/cmake)
-- Found rosidl_adapter: 3.1.5 (/opt/ros/humble/share/rosidl_adapter/cmake)
-- Found rosidl_generator_cpp: 3.1.5 (/opt/ros/humble/share/rosidl_generator_cpp/cmake)
-- Using all available rosidl_typesupport_c: rosidl_typesupport_fastrtps_c;rosidl_typesupport_introspection_c
-- Using all available rosidl_typesupport_cpp: rosidl_typesupport_fastrtps_cpp;rosidl_typesupport_introspection_cpp
-- Found rmw_implementation_cmake: 6.1.2 (/opt/ros/humble/share/rmw_implementation_cmake/cmake)
-- Found rmw_fastrtps_cpp: 6.2.7 (/opt/ros/humble/share/rmw_fastrtps_cpp/cmake)
-- Using RMW implementation 'rmw_fastrtps_cpp' as default
-- Ensuring Eigen3 include directory is part of orocos-kdl CMake target
-- Found ament_lint_auto: 0.12.11 (/opt/ros/humble/share/ament_lint_auto/cmake)
-- Added test 'cppcheck' to perform static code analysis on C / C++ code
-- Configured cppcheck include dirs: /home/ljoy/Robomaster/PIONEER/new_rv/rm_auto_aim/armor_detector/include
-- Configured cppcheck exclude dirs and/or files: 
-- Added test 'lint_cmake' to check CMake code style
-- Added test 'xmllint' to check XML markup files
-- Configuring done (0.5s)
-- Generating done (0.0s)
-- Build files have been written to: /home/ljoy/Robomaster/PIONEER/new_rv/build/armor_detector
[ 22%] Built target armor_detector_node
[ 33%] [32mBuilding CXX object CMakeFiles/armor_detector.dir/src/armor.cpp.o[0m
[ 44%] [32mBuilding CXX object CMakeFiles/armor_detector.dir/src/armor_pose_estimator.cpp.o[0m
[ 55%] [32mBuilding CXX object CMakeFiles/armor_detector.dir/src/ba_solver.cpp.o[0m
[ 66%] [32mBuilding CXX object CMakeFiles/armor_detector.dir/src/detector.cpp.o[0m
[ 77%] [32mBuilding CXX object CMakeFiles/armor_detector.dir/src/detector_node.cpp.o[0m
[ 88%] [32mBuilding CXX object CMakeFiles/armor_detector.dir/src/graph_optimator.cpp.o[0m
[100%] [32m[1mLinking CXX shared library libarmor_detector.so[0m
[100%] Built target armor_detector
-- Install configuration: ""
-- Up-to-date: /home/ljoy/Robomaster/PIONEER/new_rv/install/armor_detector/lib/armor_detector/armor_detector_node
-- Up-to-date: /home/ljoy/Robomaster/PIONEER/new_rv/install/armor_detector/include
-- Up-to-date: /home/ljoy/Robomaster/PIONEER/new_rv/install/armor_detector/include/armor_detector
-- Up-to-date: /home/ljoy/Robomaster/PIONEER/new_rv/install/armor_detector/include/armor_detector/armor_pose_estimator.hpp
-- Up-to-date: /home/ljoy/Robomaster/PIONEER/new_rv/install/armor_detector/include/armor_detector/detector_node.hpp
-- Up-to-date: /home/ljoy/Robomaster/PIONEER/new_rv/install/armor_detector/include/armor_detector/thread_safe_quene.hpp
-- Up-to-date: /home/ljoy/Robomaster/PIONEER/new_rv/install/armor_detector/include/armor_detector/detector.hpp
-- Up-to-date: /home/ljoy/Robomaster/PIONEER/new_rv/install/armor_detector/include/armor_detector/graph_optimizer.hpp
-- Up-to-date: /home/ljoy/Robomaster/PIONEER/new_rv/install/armor_detector/include/armor_detector/armor.hpp
-- Up-to-date: /home/ljoy/Robomaster/PIONEER/new_rv/install/armor_detector/include/armor_detector/ba_solver.hpp
-- Up-to-date: /home/ljoy/Robomaster/PIONEER/new_rv/install/armor_detector/share/armor_detector/environment/library_path.sh
-- Installing: /home/ljoy/Robomaster/PIONEER/new_rv/install/armor_detector/share/armor_detector/environment/library_path.dsv
-- Installing: /home/ljoy/Robomaster/PIONEER/new_rv/install/armor_detector/lib/libarmor_detector.so
-- Set non-toolchain portion of runtime path of "/home/ljoy/Robomaster/PIONEER/new_rv/install/armor_detector/lib/libarmor_detector.so" to ""
-- Up-to-date: /home/ljoy/Robomaster/PIONEER/new_rv/install/armor_detector/share/armor_detector/models
-- Up-to-date: /home/ljoy/Robomaster/PIONEER/new_rv/install/armor_detector/share/armor_detector/models/yolov5.xml
-- Up-to-date: /home/ljoy/Robomaster/PIONEER/new_rv/install/armor_detector/share/armor_detector/models/0708.onnx
-- Up-to-date: /home/ljoy/Robomaster/PIONEER/new_rv/install/armor_detector/share/armor_detector/models/yolov5.bin
-- Up-to-date: /home/ljoy/Robomaster/PIONEER/new_rv/install/armor_detector/share/armor_detector/models/0526.onnx
-- Up-to-date: /home/ljoy/Robomaster/PIONEER/new_rv/install/armor_detector/share/ament_index/resource_index/package_run_dependencies/armor_detector
-- Installing: /home/ljoy/Robomaster/PIONEER/new_rv/install/armor_detector/share/ament_index/resource_index/parent_prefix_path/armor_detector
-- Up-to-date: /home/ljoy/Robomaster/PIONEER/new_rv/install/armor_detector/share/armor_detector/environment/ament_prefix_path.sh
-- Installing: /home/ljoy/Robomaster/PIONEER/new_rv/install/armor_detector/share/armor_detector/environment/ament_prefix_path.dsv
-- Up-to-date: /home/ljoy/Robomaster/PIONEER/new_rv/install/armor_detector/share/armor_detector/environment/path.sh
-- Installing: /home/ljoy/Robomaster/PIONEER/new_rv/install/armor_detector/share/armor_detector/environment/path.dsv
-- Up-to-date: /home/ljoy/Robomaster/PIONEER/new_rv/install/armor_detector/share/armor_detector/local_setup.bash
-- Up-to-date: /home/ljoy/Robomaster/PIONEER/new_rv/install/armor_detector/share/armor_detector/local_setup.sh
-- Up-to-date: /home/ljoy/Robomaster/PIONEER/new_rv/install/armor_detector/share/armor_detector/local_setup.zsh
-- Installing: /home/ljoy/Robomaster/PIONEER/new_rv/install/armor_detector/share/armor_detector/local_setup.dsv
-- Installing: /home/ljoy/Robomaster/PIONEER/new_rv/install/armor_detector/share/armor_detector/package.dsv
-- Up-to-date: /home/ljoy/Robomaster/PIONEER/new_rv/install/armor_detector/share/ament_index/resource_index/packages/armor_detector
-- Up-to-date: /home/ljoy/Robomaster/PIONEER/new_rv/install/armor_detector/share/ament_index/resource_index/rclcpp_components/armor_detector
-- Up-to-date: /home/ljoy/Robomaster/PIONEER/new_rv/install/armor_detector/share/armor_detector/cmake/ament_cmake_export_dependencies-extras.cmake
-- Up-to-date: /home/ljoy/Robomaster/PIONEER/new_rv/install/armor_detector/share/armor_detector/cmake/ament_cmake_export_include_directories-extras.cmake
-- Up-to-date: /home/ljoy/Robomaster/PIONEER/new_rv/install/armor_detector/share/armor_detector/cmake/ament_cmake_export_libraries-extras.cmake
-- Up-to-date: /home/ljoy/Robomaster/PIONEER/new_rv/install/armor_detector/share/armor_detector/cmake/armor_detectorConfig.cmake
-- Up-to-date: /home/ljoy/Robomaster/PIONEER/new_rv/install/armor_detector/share/armor_detector/cmake/armor_detectorConfig-version.cmake
-- Up-to-date: /home/ljoy/Robomaster/PIONEER/new_rv/install/armor_detector/share/armor_detector/package.xml
