In file included from [01m[K/home/ljoy/Robomaster/PIONEER/new_rv/rm_planner/src/rm_planner.cpp:1[m[K:
[01m[K/home/ljoy/Robomaster/PIONEER/new_rv/rm_planner/include/rm_planner/rm_planner.hpp:11:10:[m[K [01;31m[Kfatal error: [m[Krm_tools/trajetory_compensator.hpp: 没有那个文件或目录
   11 | #include [01;31m[K"rm_tools/trajetory_compensator.hpp"[m[K
      |          [01;31m[K^~~~~~~~~~~~~~~~~~~~~~~~~~~~~~~~~~~~[m[K
compilation terminated.
gmake[2]: *** [CMakeFiles/rm_planner.dir/build.make:76：CMakeFiles/rm_planner.dir/src/rm_planner.cpp.o] 错误 1
gmake[2]: *** 正在等待未完成的任务....
In file included from [01m[K/home/ljoy/Robomaster/PIONEER/new_rv/rm_planner/include/rm_planner/rm_planner_node.hpp:38[m[K,
                 from [01m[K/home/ljoy/Robomaster/PIONEER/new_rv/rm_planner/src/rm_planner_node.cpp:19[m[K:
[01m[K/home/ljoy/Robomaster/PIONEER/new_rv/rm_planner/include/rm_planner/rm_planner.hpp:11:10:[m[K [01;31m[Kfatal error: [m[Krm_tools/trajetory_compensator.hpp: 没有那个文件或目录
   11 | #include [01;31m[K"rm_tools/trajetory_compensator.hpp"[m[K
      |          [01;31m[K^~~~~~~~~~~~~~~~~~~~~~~~~~~~~~~~~~~~[m[K
compilation terminated.
gmake[2]: *** [CMakeFiles/rm_planner.dir/build.make:90：CMakeFiles/rm_planner.dir/src/rm_planner_node.cpp.o] 错误 1
[01m[K/home/ljoy/Robomaster/PIONEER/new_rv/rm_planner/src/target.cpp:[m[K In member function ‘[01m[Kstd::vector<Eigen::Matrix<double, 3, 1> > rm_auto_aim::Target::getArmorPositions() const[m[K’:
[01m[K/home/ljoy/Robomaster/PIONEER/new_rv/rm_planner/src/target.cpp:9:17:[m[K [01;31m[Kerror: [m[Kno match for ‘[01m[Koperator<<[m[K’ (operand types are ‘[01m[Kconst Vector3d[m[K’ {aka ‘[01m[Kconst Eigen::Matrix<double, 3, 1>[m[K’} and ‘[01m[Kconst double[m[K’)
    9 |   [32m[Ktarget_center[m[K [01;31m[K<<[m[K [34m[Kxc[m[K,yc,zc;
      |   [32m[K~~~~~~~~~~~~~[m[K [01;31m[K^~[m[K [34m[K~~[m[K
      |   [32m[K|[m[K                [34m[K|[m[K
      |   [32m[K|[m[K                [34m[Kconst double[m[K
      |   [32m[Kconst Vector3d {aka const Eigen::Matrix<double, 3, 1>}[m[K
In file included from [01m[K/usr/include/eigen3/Eigen/Core:272[m[K,
                 from [01m[K/usr/include/eigen3/Eigen/Dense:1[m[K,
                 from [01m[K/home/ljoy/Robomaster/PIONEER/new_rv/rm_planner/include/rm_planner/target.hpp:1[m[K,
                 from [01m[K/home/ljoy/Robomaster/PIONEER/new_rv/rm_planner/src/target.cpp:1[m[K:
[01m[K/usr/include/eigen3/Eigen/src/Core/DenseBase.h:322:31:[m[K [01;36m[Knote: [m[Kcandidate: ‘[01m[Ktemplate<class OtherDerived> Eigen::CommaInitializer<Derived> Eigen::DenseBase<Derived>::operator<<(const Eigen::DenseBase<OtherDerived>&) [with OtherDerived = OtherDerived; Derived = Eigen::Matrix<double, 3, 1>][m[K’
  322 |     CommaInitializer<Derived> [01;36m[Koperator[m[K<< (const DenseBase<OtherDerived>& other);
      |                               [01;36m[K^~~~~~~~[m[K
[01m[K/usr/include/eigen3/Eigen/src/Core/DenseBase.h:322:31:[m[K [01;36m[Knote: [m[K  template argument deduction/substitution failed:
[01m[K/home/ljoy/Robomaster/PIONEER/new_rv/rm_planner/src/target.cpp:9:20:[m[K [01;36m[Knote: [m[K  mismatched types ‘[01m[Kconst Eigen::DenseBase<Derived>[m[K’ and ‘[01m[Kconst double[m[K’
    9 |   target_center << [01;36m[Kxc[m[K,yc,zc;
      |                    [01;36m[K^~[m[K
In file included from [01m[K/usr/include/eigen3/Eigen/Core:321[m[K,
                 from [01m[K/usr/include/eigen3/Eigen/Dense:1[m[K,
                 from [01m[K/home/ljoy/Robomaster/PIONEER/new_rv/rm_planner/include/rm_planner/target.hpp:1[m[K,
                 from [01m[K/home/ljoy/Robomaster/PIONEER/new_rv/rm_planner/src/target.cpp:1[m[K:
[01m[K/usr/include/eigen3/Eigen/src/Core/CommaInitializer.h:148:52:[m[K [01;36m[Knote: [m[Kcandidate: ‘[01m[KEigen::CommaInitializer<Derived> Eigen::DenseBase<Derived>::operator<<(const Scalar&) [with Derived = Eigen::Matrix<double, 3, 1>; Eigen::DenseBase<Derived>::Scalar = double][m[K’ (near match)
  148 | EIGEN_DEVICE_FUNC inline CommaInitializer<Derived> [01;36m[KDenseBase<Derived>[m[K::operator<< (const Scalar& s)
      |                                                    [01;36m[K^~~~~~~~~~~~~~~~~~[m[K
[01m[K/usr/include/eigen3/Eigen/src/Core/CommaInitializer.h:148:52:[m[K [01;36m[Knote: [m[K  passing ‘[01m[Kconst Vector3d*[m[K’ {aka ‘[01m[Kconst Eigen::Matrix<double, 3, 1>*[m[K’} as ‘[01m[Kthis[m[K’ argument discards qualifiers
In file included from [01m[K/usr/include/eigen3/Eigen/Core:269[m[K,
                 from [01m[K/usr/include/eigen3/Eigen/Dense:1[m[K,
                 from [01m[K/home/ljoy/Robomaster/PIONEER/new_rv/rm_planner/include/rm_planner/target.hpp:1[m[K,
                 from [01m[K/home/ljoy/Robomaster/PIONEER/new_rv/rm_planner/src/target.cpp:1[m[K:
[01m[K/usr/include/eigen3/Eigen/src/Core/IO.h:249:16:[m[K [01;36m[Knote: [m[Kcandidate: ‘[01m[Ktemplate<class Derived> std::ostream& Eigen::operator<<(std::ostream&, const Eigen::DenseBase<Derived>&)[m[K’
  249 | std::ostream & [01;36m[Koperator[m[K <<
      |                [01;36m[K^~~~~~~~[m[K
[01m[K/usr/include/eigen3/Eigen/src/Core/IO.h:249:16:[m[K [01;36m[Knote: [m[K  template argument deduction/substitution failed:
[01m[K/home/ljoy/Robomaster/PIONEER/new_rv/rm_planner/src/target.cpp:9:20:[m[K [01;36m[Knote: [m[K  mismatched types ‘[01m[Kconst Eigen::DenseBase<Derived>[m[K’ and ‘[01m[Kconst double[m[K’
    9 |   target_center << [01;36m[Kxc[m[K,yc,zc;
      |                    [01;36m[K^~[m[K
In file included from [01m[K/usr/include/eigen3/unsupported/Eigen/CXX11/Tensor:69[m[K,
                 from [01m[K/usr/include/opencv4/opencv2/core/eigen.hpp:64[m[K,
                 from [01m[K/home/ljoy/Robomaster/PIONEER/new_rv/install/rm_tools/include/rm_tools/math.hpp:8[m[K,
                 from [01m[K/home/ljoy/Robomaster/PIONEER/new_rv/rm_planner/include/rm_planner/target.hpp:4[m[K,
                 from [01m[K/home/ljoy/Robomaster/PIONEER/new_rv/rm_planner/src/target.cpp:1[m[K:
[01m[K/usr/include/eigen3/unsupported/Eigen/CXX11/src/Tensor/TensorIndexList.h:328:15:[m[K [01;36m[Knote: [m[Kcandidate: ‘[01m[Ktemplate<class FirstType, class ... OtherTypes> std::ostream& Eigen::operator<<(std::ostream&, const Eigen::IndexList<FirstType, OtherTypes ...>&)[m[K’
  328 | std::ostream& [01;36m[Koperator[m[K<<(std::ostream& os,
      |               [01;36m[K^~~~~~~~[m[K
[01m[K/usr/include/eigen3/unsupported/Eigen/CXX11/src/Tensor/TensorIndexList.h:328:15:[m[K [01;36m[Knote: [m[K  template argument deduction/substitution failed:
[01m[K/home/ljoy/Robomaster/PIONEER/new_rv/rm_planner/src/target.cpp:9:20:[m[K [01;36m[Knote: [m[K  mismatched types ‘[01m[Kconst Eigen::IndexList<FirstType, OtherTypes ...>[m[K’ and ‘[01m[Kconst double[m[K’
    9 |   target_center << [01;36m[Kxc[m[K,yc,zc;
      |                    [01;36m[K^~[m[K
In file included from [01m[K/usr/include/eigen3/unsupported/Eigen/CXX11/Tensor:71[m[K,
                 from [01m[K/usr/include/opencv4/opencv2/core/eigen.hpp:64[m[K,
                 from [01m[K/home/ljoy/Robomaster/PIONEER/new_rv/install/rm_tools/include/rm_tools/math.hpp:8[m[K,
                 from [01m[K/home/ljoy/Robomaster/PIONEER/new_rv/rm_planner/include/rm_planner/target.hpp:4[m[K,
                 from [01m[K/home/ljoy/Robomaster/PIONEER/new_rv/rm_planner/src/target.cpp:1[m[K:
[01m[K/usr/include/eigen3/unsupported/Eigen/CXX11/src/Tensor/TensorDimensions.h:387:15:[m[K [01;36m[Knote: [m[Kcandidate: ‘[01m[Ktemplate<class IndexType, int NumDims> std::ostream& Eigen::operator<<(std::ostream&, const Eigen::DSizes<IndexType, NumDims>&)[m[K’
  387 | std::ostream& [01;36m[Koperator[m[K<<(std::ostream& os,
      |               [01;36m[K^~~~~~~~[m[K
[01m[K/usr/include/eigen3/unsupported/Eigen/CXX11/src/Tensor/TensorDimensions.h:387:15:[m[K [01;36m[Knote: [m[K  template argument deduction/substitution failed:
[01m[K/home/ljoy/Robomaster/PIONEER/new_rv/rm_planner/src/target.cpp:9:20:[m[K [01;36m[Knote: [m[K  mismatched types ‘[01m[Kconst Eigen::DSizes<IndexType, NumDims>[m[K’ and ‘[01m[Kconst double[m[K’
    9 |   target_center << [01;36m[Kxc[m[K,yc,zc;
      |                    [01;36m[K^~[m[K
In file included from [01m[K/usr/include/eigen3/unsupported/Eigen/CXX11/Tensor:132[m[K,
                 from [01m[K/usr/include/opencv4/opencv2/core/eigen.hpp:64[m[K,
                 from [01m[K/home/ljoy/Robomaster/PIONEER/new_rv/install/rm_tools/include/rm_tools/math.hpp:8[m[K,
                 from [01m[K/home/ljoy/Robomaster/PIONEER/new_rv/rm_planner/include/rm_planner/target.hpp:4[m[K,
                 from [01m[K/home/ljoy/Robomaster/PIONEER/new_rv/rm_planner/src/target.cpp:1[m[K:
[01m[K/usr/include/eigen3/unsupported/Eigen/CXX11/src/Tensor/TensorIO.h:59:15:[m[K [01;36m[Knote: [m[Kcandidate: ‘[01m[Ktemplate<class T> std::ostream& Eigen::operator<<(std::ostream&, const Eigen::TensorBase<Derived, 0>&)[m[K’
   59 | std::ostream& [01;36m[Koperator[m[K << (std::ostream& os, const TensorBase<T, ReadOnlyAccessors>& expr) {
      |               [01;36m[K^~~~~~~~[m[K
[01m[K/usr/include/eigen3/unsupported/Eigen/CXX11/src/Tensor/TensorIO.h:59:15:[m[K [01;36m[Knote: [m[K  template argument deduction/substitution failed:
[01m[K/home/ljoy/Robomaster/PIONEER/new_rv/rm_planner/src/target.cpp:9:20:[m[K [01;36m[Knote: [m[K  mismatched types ‘[01m[Kconst Eigen::TensorBase<Derived, 0>[m[K’ and ‘[01m[Kconst double[m[K’
    9 |   target_center << [01;36m[Kxc[m[K,yc,zc;
      |                    [01;36m[K^~[m[K
[01m[K/home/ljoy/Robomaster/PIONEER/new_rv/rm_planner/src/target.cpp:[m[K In member function ‘[01m[Kint rm_auto_aim::Target::selectBestArmor() const[m[K’:
[01m[K/home/ljoy/Robomaster/PIONEER/new_rv/rm_planner/src/target.cpp:50:19:[m[K [01;31m[Kerror: [m[K‘[01m[Kvyaw[m[K’ was not declared in this scope; did you mean ‘[01m[Kyaw[m[K’?
   50 |   double theta = ([01;31m[Kvyaw[m[K > 0 ? side_angle_ : -side_angle_) / 180.0 * M_PI;
      |                   [01;31m[K^~~~[m[K
      |                   [32m[Kyaw[m[K
[01m[K/home/ljoy/Robomaster/PIONEER/new_rv/rm_planner/src/target.cpp:[m[K In member function ‘[01m[Kvoid rm_auto_aim::Target::predict(double)[m[K’:
[01m[K/home/ljoy/Robomaster/PIONEER/new_rv/rm_planner/src/target.cpp:73:12:[m[K [01;31m[Kerror: [m[K‘[01m[Kvyaw[m[K’ was not declared in this scope; did you mean ‘[01m[Kyaw[m[K’?
   73 |     yaw += [01;31m[Kvyaw[m[K*dt;
      |            [01;31m[K^~~~[m[K
      |            [32m[Kyaw[m[K
gmake[2]: *** [CMakeFiles/rm_planner.dir/build.make:104：CMakeFiles/rm_planner.dir/src/target.cpp.o] 错误 1
gmake[1]: *** [CMakeFiles/Makefile2:139：CMakeFiles/rm_planner.dir/all] 错误 2
gmake: *** [Makefile:146：all] 错误 2
