[0.009s] Invoking command in '/home/ljoy/Robomaster/PIONEER/new_rv/build/armor_detector': AMENT_PREFIX_PATH=/home/ljoy/Robomaster/PIONEER/new_rv/install/rm_tools:/home/ljoy/Robomaster/PIONEER/new_rv/install/auto_aim_interfaces:${AMENT_PREFIX_PATH} CMAKE_PREFIX_PATH=/home/ljoy/Robomaster/PIONEER/new_rv/install/rm_tools:/home/ljoy/Robomaster/PIONEER/new_rv/install/auto_aim_interfaces:/opt/ros/humble LD_LIBRARY_PATH=/home/ljoy/Robomaster/PIONEER/new_rv/install/rm_tools/lib:/home/ljoy/Robomaster/PIONEER/new_rv/install/auto_aim_interfaces/lib:/opt/ros/humble/opt/rviz_ogre_vendor/lib:/opt/ros/humble/lib/x86_64-linux-gnu:/opt/ros/humble/lib:/opt/MVS/lib/64:/opt/MVS/lib/32:/opt/MVS/lib/64:/opt/MVS/lib/64 PYTHONPATH=/home/ljoy/Robomaster/PIONEER/new_rv/install/auto_aim_interfaces/local/lib/python3.10/dist-packages:${PYTHONPATH} /usr/bin/cmake --build /home/ljoy/Robomaster/PIONEER/new_rv/build/armor_detector -- -j32 -l32
[0.026s] [ 22%] Built target armor_detector_node
[0.050s] [ 33%] [32mBuilding CXX object CMakeFiles/armor_detector.dir/src/armor_pose_estimator.cpp.o[0m
[0.050s] [ 44%] [32mBuilding CXX object CMakeFiles/armor_detector.dir/src/ba_solver.cpp.o[0m
[0.051s] [ 55%] [32mBuilding CXX object CMakeFiles/armor_detector.dir/src/detector_node.cpp.o[0m
[0.315s] In file included from [01m[K/home/ljoy/Robomaster/PIONEER/new_rv/rm_auto_aim/armor_detector/src/ba_solver.cpp:17[m[K:
[0.316s] [01m[K/home/ljoy/Robomaster/PIONEER/new_rv/rm_auto_aim/armor_detector/include/armor_detector/ba_solver.hpp:42:10:[m[K [01;31m[Kfatal error: [m[Krclcpp.h: 没有那个文件或目录
[0.316s]    42 | #include [01;31m[K"rclcpp.h"[m[K
[0.316s]       |          [01;31m[K^~~~~~~~~~[m[K
[0.316s] compilation terminated.
[0.327s] gmake[2]: *** [CMakeFiles/armor_detector.dir/build.make:104：CMakeFiles/armor_detector.dir/src/ba_solver.cpp.o] 错误 1
[0.327s] gmake[2]: *** 正在等待未完成的任务....
[0.428s] In file included from [01m[K/home/ljoy/Robomaster/PIONEER/new_rv/rm_auto_aim/armor_detector/include/armor_detector/armor_pose_estimator.hpp:35[m[K,
[0.428s]                  from [01m[K/home/ljoy/Robomaster/PIONEER/new_rv/rm_auto_aim/armor_detector/src/armor_pose_estimator.cpp:15[m[K:
[0.428s] [01m[K/home/ljoy/Robomaster/PIONEER/new_rv/rm_auto_aim/armor_detector/include/armor_detector/ba_solver.hpp:42:10:[m[K [01;31m[Kfatal error: [m[Krclcpp.h: 没有那个文件或目录
[0.428s]    42 | #include [01;31m[K"rclcpp.h"[m[K
[0.428s]       |          [01;31m[K^~~~~~~~~~[m[K
[0.428s] compilation terminated.
[0.441s] gmake[2]: *** [CMakeFiles/armor_detector.dir/build.make:90：CMakeFiles/armor_detector.dir/src/armor_pose_estimator.cpp.o] 错误 1
[0.474s] In file included from [01m[K/home/ljoy/Robomaster/PIONEER/new_rv/rm_auto_aim/armor_detector/include/armor_detector/armor_pose_estimator.hpp:35[m[K,
[0.474s]                  from [01m[K/home/ljoy/Robomaster/PIONEER/new_rv/rm_auto_aim/armor_detector/include/armor_detector/detector_node.hpp:8[m[K,
[0.475s]                  from [01m[K/home/ljoy/Robomaster/PIONEER/new_rv/rm_auto_aim/armor_detector/src/detector_node.cpp:25[m[K:
[0.475s] [01m[K/home/ljoy/Robomaster/PIONEER/new_rv/rm_auto_aim/armor_detector/include/armor_detector/ba_solver.hpp:42:10:[m[K [01;31m[Kfatal error: [m[Krclcpp.h: 没有那个文件或目录
[0.475s]    42 | #include [01;31m[K"rclcpp.h"[m[K
[0.475s]       |          [01;31m[K^~~~~~~~~~[m[K
[0.475s] compilation terminated.
[0.480s] gmake[2]: *** [CMakeFiles/armor_detector.dir/build.make:132：CMakeFiles/armor_detector.dir/src/detector_node.cpp.o] 错误 1
[0.480s] gmake[1]: *** [CMakeFiles/Makefile2:139：CMakeFiles/armor_detector.dir/all] 错误 2
[0.480s] gmake: *** [Makefile:146：all] 错误 2
[0.482s] Invoked command in '/home/ljoy/Robomaster/PIONEER/new_rv/build/armor_detector' returned '2': AMENT_PREFIX_PATH=/home/ljoy/Robomaster/PIONEER/new_rv/install/rm_tools:/home/ljoy/Robomaster/PIONEER/new_rv/install/auto_aim_interfaces:${AMENT_PREFIX_PATH} CMAKE_PREFIX_PATH=/home/ljoy/Robomaster/PIONEER/new_rv/install/rm_tools:/home/ljoy/Robomaster/PIONEER/new_rv/install/auto_aim_interfaces:/opt/ros/humble LD_LIBRARY_PATH=/home/ljoy/Robomaster/PIONEER/new_rv/install/rm_tools/lib:/home/ljoy/Robomaster/PIONEER/new_rv/install/auto_aim_interfaces/lib:/opt/ros/humble/opt/rviz_ogre_vendor/lib:/opt/ros/humble/lib/x86_64-linux-gnu:/opt/ros/humble/lib:/opt/MVS/lib/64:/opt/MVS/lib/32:/opt/MVS/lib/64:/opt/MVS/lib/64 PYTHONPATH=/home/ljoy/Robomaster/PIONEER/new_rv/install/auto_aim_interfaces/local/lib/python3.10/dist-packages:${PYTHONPATH} /usr/bin/cmake --build /home/ljoy/Robomaster/PIONEER/new_rv/build/armor_detector -- -j32 -l32
