In file included from [01m[K/home/ljoy/Robomaster/PIONEER/new_rv/rm_auto_aim/armor_detector/src/ba_solver.cpp:17[m[K:
[01m[K/home/ljoy/Robomaster/PIONEER/new_rv/rm_auto_aim/armor_detector/include/armor_detector/ba_solver.hpp:42:10:[m[K [01;31m[Kfatal error: [m[Krclcpp/rclcpp.h: 没有那个文件或目录
   42 | #include [01;31m[K"rclcpp/rclcpp.h"[m[K
      |          [01;31m[K^~~~~~~~~~~~~~~~~[m[K
compilation terminated.
gmake[2]: *** [CMakeFiles/armor_detector.dir/build.make:104：CMakeFiles/armor_detector.dir/src/ba_solver.cpp.o] 错误 1
gmake[2]: *** 正在等待未完成的任务....
In file included from [01m[K/home/ljoy/Robomaster/PIONEER/new_rv/rm_auto_aim/armor_detector/include/armor_detector/armor_pose_estimator.hpp:35[m[K,
                 from [01m[K/home/ljoy/Robomaster/PIONEER/new_rv/rm_auto_aim/armor_detector/src/armor_pose_estimator.cpp:15[m[K:
[01m[K/home/ljoy/Robomaster/PIONEER/new_rv/rm_auto_aim/armor_detector/include/armor_detector/ba_solver.hpp:42:10:[m[K [01;31m[Kfatal error: [m[Krclcpp/rclcpp.h: 没有那个文件或目录
   42 | #include [01;31m[K"rclcpp/rclcpp.h"[m[K
      |          [01;31m[K^~~~~~~~~~~~~~~~~[m[K
compilation terminated.
gmake[2]: *** [CMakeFiles/armor_detector.dir/build.make:90：CMakeFiles/armor_detector.dir/src/armor_pose_estimator.cpp.o] 错误 1
In file included from [01m[K/home/ljoy/Robomaster/PIONEER/new_rv/rm_auto_aim/armor_detector/include/armor_detector/armor_pose_estimator.hpp:35[m[K,
                 from [01m[K/home/ljoy/Robomaster/PIONEER/new_rv/rm_auto_aim/armor_detector/include/armor_detector/detector_node.hpp:8[m[K,
                 from [01m[K/home/ljoy/Robomaster/PIONEER/new_rv/rm_auto_aim/armor_detector/src/detector_node.cpp:25[m[K:
[01m[K/home/ljoy/Robomaster/PIONEER/new_rv/rm_auto_aim/armor_detector/include/armor_detector/ba_solver.hpp:42:10:[m[K [01;31m[Kfatal error: [m[Krclcpp/rclcpp.h: 没有那个文件或目录
   42 | #include [01;31m[K"rclcpp/rclcpp.h"[m[K
      |          [01;31m[K^~~~~~~~~~~~~~~~~[m[K
compilation terminated.
gmake[2]: *** [CMakeFiles/armor_detector.dir/build.make:132：CMakeFiles/armor_detector.dir/src/detector_node.cpp.o] 错误 1
gmake[1]: *** [CMakeFiles/Makefile2:139：CMakeFiles/armor_detector.dir/all] 错误 2
gmake: *** [Makefile:146：all] 错误 2
