[0.012s] Invoking command in '/home/ljoy/Robomaster/PIONEER/new_rv/build/rm_gimbal_description': /usr/bin/cmake --build /home/ljoy/Robomaster/PIONEER/new_rv/build/rm_gimbal_description -- -j32 -l32
[0.022s] Invoked command in '/home/ljoy/Robomaster/PIONEER/new_rv/build/rm_gimbal_description' returned '0': /usr/bin/cmake --build /home/ljoy/Robomaster/PIONEER/new_rv/build/rm_gimbal_description -- -j32 -l32
[0.037s] Invoking command in '/home/ljoy/Robomaster/PIONEER/new_rv/build/rm_gimbal_description': /usr/bin/cmake --install /home/ljoy/Robomaster/PIONEER/new_rv/build/rm_gimbal_description
[0.038s] -- Install configuration: ""
[0.038s] -- Up-to-date: /home/ljoy/Robomaster/PIONEER/new_rv/install/rm_gimbal_description/share/rm_gimbal_description/urdf
[0.038s] -- Up-to-date: /home/ljoy/Robomaster/PIONEER/new_rv/install/rm_gimbal_description/share/rm_gimbal_description/urdf/rm_gimbal.urdf.xacro
[0.038s] -- Up-to-date: /home/ljoy/Robomaster/PIONEER/new_rv/install/rm_gimbal_description/share/ament_index/resource_index/package_run_dependencies/rm_gimbal_description
[0.038s] -- Up-to-date: /home/ljoy/Robomaster/PIONEER/new_rv/install/rm_gimbal_description/share/ament_index/resource_index/parent_prefix_path/rm_gimbal_description
[0.038s] -- Up-to-date: /home/ljoy/Robomaster/PIONEER/new_rv/install/rm_gimbal_description/share/rm_gimbal_description/environment/ament_prefix_path.sh
[0.039s] -- Up-to-date: /home/ljoy/Robomaster/PIONEER/new_rv/install/rm_gimbal_description/share/rm_gimbal_description/environment/ament_prefix_path.dsv
[0.039s] -- Up-to-date: /home/ljoy/Robomaster/PIONEER/new_rv/install/rm_gimbal_description/share/rm_gimbal_description/environment/path.sh
[0.039s] -- Up-to-date: /home/ljoy/Robomaster/PIONEER/new_rv/install/rm_gimbal_description/share/rm_gimbal_description/environment/path.dsv
[0.039s] -- Up-to-date: /home/ljoy/Robomaster/PIONEER/new_rv/install/rm_gimbal_description/share/rm_gimbal_description/local_setup.bash
[0.039s] -- Up-to-date: /home/ljoy/Robomaster/PIONEER/new_rv/install/rm_gimbal_description/share/rm_gimbal_description/local_setup.sh
[0.039s] -- Up-to-date: /home/ljoy/Robomaster/PIONEER/new_rv/install/rm_gimbal_description/share/rm_gimbal_description/local_setup.zsh
[0.039s] -- Up-to-date: /home/ljoy/Robomaster/PIONEER/new_rv/install/rm_gimbal_description/share/rm_gimbal_description/local_setup.dsv
[0.039s] -- Installing: /home/ljoy/Robomaster/PIONEER/new_rv/install/rm_gimbal_description/share/rm_gimbal_description/package.dsv
[0.039s] -- Up-to-date: /home/ljoy/Robomaster/PIONEER/new_rv/install/rm_gimbal_description/share/ament_index/resource_index/packages/rm_gimbal_description
[0.039s] -- Up-to-date: /home/ljoy/Robomaster/PIONEER/new_rv/install/rm_gimbal_description/share/rm_gimbal_description/cmake/rm_gimbal_descriptionConfig.cmake
[0.039s] -- Up-to-date: /home/ljoy/Robomaster/PIONEER/new_rv/install/rm_gimbal_description/share/rm_gimbal_description/cmake/rm_gimbal_descriptionConfig-version.cmake
[0.039s] -- Up-to-date: /home/ljoy/Robomaster/PIONEER/new_rv/install/rm_gimbal_description/share/rm_gimbal_description/package.xml
[0.040s] Invoked command in '/home/ljoy/Robomaster/PIONEER/new_rv/build/rm_gimbal_description' returned '0': /usr/bin/cmake --install /home/ljoy/Robomaster/PIONEER/new_rv/build/rm_gimbal_description
