[0.010s] Invoking command in '/home/ljoy/Robomaster/PIONEER/new_rv/build/armor_detector': CMAKE_PREFIX_PATH=/home/ljoy/Robomaster/PIONEER/new_rv/install/rm_tools:/home/ljoy/Robomaster/PIONEER/new_rv/install/auto_aim_interfaces:/home/ljoy/Robomaster/PIONEER/new_rv/install/rm_vision_bringup:/home/ljoy/Robomaster/PIONEER/new_rv/install/rm_planner:/home/ljoy/Robomaster/PIONEER/new_rv/install/armor_tracker:/home/ljoy/Robomaster/PIONEER/new_rv/install/armor_detector:/home/ljoy/Robomaster/PIONEER/new_rv/install/rm_serial_driver:/home/ljoy/Robomaster/PIONEER/new_rv/install/rm_gimbal_description:/home/ljoy/Robomaster/PIONEER/new_rv/install/hik_camera:/opt/ros/humble LD_LIBRARY_PATH=/home/ljoy/Robomaster/PIONEER/new_rv/install/rm_tools/lib:/home/ljoy/Robomaster/PIONEER/new_rv/install/auto_aim_interfaces/lib:/home/ljoy/Robomaster/PIONEER/new_rv/install/rm_planner/lib:/home/ljoy/Robomaster/PIONEER/new_rv/install/armor_tracker/lib:/home/ljoy/Robomaster/PIONEER/new_rv/install/armor_detector/lib:/home/ljoy/Robomaster/PIONEER/new_rv/install/rm_serial_driver/lib:/home/ljoy/Robomaster/PIONEER/new_rv/install/hik_camera/lib:/opt/ros/humble/opt/rviz_ogre_vendor/lib:/opt/ros/humble/lib/x86_64-linux-gnu:/opt/ros/humble/lib:/opt/MVS/lib/64:/opt/MVS/lib/32:/opt/MVS/lib/64:/opt/MVS/lib/64 /usr/bin/cmake --build /home/ljoy/Robomaster/PIONEER/new_rv/build/armor_detector -- -j32 -l32
[0.020s] -- Found ament_cmake_auto: 1.3.10 (/opt/ros/humble/share/ament_cmake_auto/cmake)
[0.145s] [33mCMake Warning (dev) at /home/ljoy/Downloads/cmake-3.29.7-linux-x86_64/share/cmake-3.29/Modules/FindOpenGL.cmake:415 (message):
[0.145s]   Policy CMP0072 is not set: FindOpenGL prefers GLVND by default when
[0.145s]   available.  Run "cmake --help-policy CMP0072" for policy details.  Use the
[0.146s]   cmake_policy command to set the policy and suppress this warning.
[0.146s] 
[0.146s]   FindOpenGL found both a legacy GL library:
[0.146s] 
[0.146s]     OPENGL_gl_LIBRARY: /usr/lib/x86_64-linux-gnu/libGL.so
[0.146s] 
[0.146s]   and GLVND libraries for OpenGL and GLX:
[0.146s] 
[0.146s]     OPENGL_opengl_LIBRARY: /usr/lib/x86_64-linux-gnu/libOpenGL.so
[0.146s]     OPENGL_glx_LIBRARY: /usr/lib/x86_64-linux-gnu/libGLX.so
[0.146s] 
[0.146s]   OpenGL_GL_PREFERENCE has not been set to "GLVND" or "LEGACY", so for
[0.146s]   compatibility with CMake 3.10 and below the legacy GL library will be used.
[0.146s] Call Stack (most recent call first):
[0.146s]   /home/ljoy/Downloads/cmake-3.29.7-linux-x86_64/share/cmake-3.29/Modules/CMakeFindDependencyMacro.cmake:76 (find_package)
[0.146s]   /usr/local/lib/cmake/g2o/g2oConfig.cmake:6 (find_dependency)
[0.146s]   CMakeLists.txt:30 (find_package)
[0.146s] This warning is for project developers.  Use -Wno-dev to suppress it.
[0.146s] [0m
[0.206s] -- Found rosidl_generator_c: 3.1.5 (/opt/ros/humble/share/rosidl_generator_c/cmake)
[0.208s] -- Found rosidl_adapter: 3.1.5 (/opt/ros/humble/share/rosidl_adapter/cmake)
[0.214s] -- Found rosidl_generator_cpp: 3.1.5 (/opt/ros/humble/share/rosidl_generator_cpp/cmake)
[0.222s] -- Using all available rosidl_typesupport_c: rosidl_typesupport_fastrtps_c;rosidl_typesupport_introspection_c
[0.232s] -- Using all available rosidl_typesupport_cpp: rosidl_typesupport_fastrtps_cpp;rosidl_typesupport_introspection_cpp
[0.259s] -- Found rmw_implementation_cmake: 6.1.2 (/opt/ros/humble/share/rmw_implementation_cmake/cmake)
[0.260s] -- Found rmw_fastrtps_cpp: 6.2.7 (/opt/ros/humble/share/rmw_fastrtps_cpp/cmake)
[0.334s] -- Using RMW implementation 'rmw_fastrtps_cpp' as default
[0.480s] -- Ensuring Eigen3 include directory is part of orocos-kdl CMake target
[0.539s] -- Found ament_lint_auto: 0.12.11 (/opt/ros/humble/share/ament_lint_auto/cmake)
[0.550s] -- Added test 'cppcheck' to perform static code analysis on C / C++ code
[0.550s] -- Configured cppcheck include dirs: /home/ljoy/Robomaster/PIONEER/new_rv/rm_auto_aim/armor_detector/include
[0.550s] -- Configured cppcheck exclude dirs and/or files: 
[0.551s] -- Added test 'lint_cmake' to check CMake code style
[0.551s] -- Added test 'xmllint' to check XML markup files
[0.553s] -- Configuring done (0.5s)
[0.570s] -- Generating done (0.0s)
[0.571s] -- Build files have been written to: /home/ljoy/Robomaster/PIONEER/new_rv/build/armor_detector
[0.591s] [ 22%] Built target armor_detector_node
[0.609s] [ 33%] [32mBuilding CXX object CMakeFiles/armor_detector.dir/src/armor.cpp.o[0m
[0.611s] [ 44%] [32mBuilding CXX object CMakeFiles/armor_detector.dir/src/armor_pose_estimator.cpp.o[0m
[0.611s] [ 55%] [32mBuilding CXX object CMakeFiles/armor_detector.dir/src/ba_solver.cpp.o[0m
[0.612s] [ 66%] [32mBuilding CXX object CMakeFiles/armor_detector.dir/src/detector.cpp.o[0m
[0.613s] [ 77%] [32mBuilding CXX object CMakeFiles/armor_detector.dir/src/detector_node.cpp.o[0m
[0.613s] [ 88%] [32mBuilding CXX object CMakeFiles/armor_detector.dir/src/graph_optimator.cpp.o[0m
[15.975s] [100%] [32m[1mLinking CXX shared library libarmor_detector.so[0m
[17.276s] [100%] Built target armor_detector
[17.285s] Invoked command in '/home/ljoy/Robomaster/PIONEER/new_rv/build/armor_detector' returned '0': CMAKE_PREFIX_PATH=/home/ljoy/Robomaster/PIONEER/new_rv/install/rm_tools:/home/ljoy/Robomaster/PIONEER/new_rv/install/auto_aim_interfaces:/home/ljoy/Robomaster/PIONEER/new_rv/install/rm_vision_bringup:/home/ljoy/Robomaster/PIONEER/new_rv/install/rm_planner:/home/ljoy/Robomaster/PIONEER/new_rv/install/armor_tracker:/home/ljoy/Robomaster/PIONEER/new_rv/install/armor_detector:/home/ljoy/Robomaster/PIONEER/new_rv/install/rm_serial_driver:/home/ljoy/Robomaster/PIONEER/new_rv/install/rm_gimbal_description:/home/ljoy/Robomaster/PIONEER/new_rv/install/hik_camera:/opt/ros/humble LD_LIBRARY_PATH=/home/ljoy/Robomaster/PIONEER/new_rv/install/rm_tools/lib:/home/ljoy/Robomaster/PIONEER/new_rv/install/auto_aim_interfaces/lib:/home/ljoy/Robomaster/PIONEER/new_rv/install/rm_planner/lib:/home/ljoy/Robomaster/PIONEER/new_rv/install/armor_tracker/lib:/home/ljoy/Robomaster/PIONEER/new_rv/install/armor_detector/lib:/home/ljoy/Robomaster/PIONEER/new_rv/install/rm_serial_driver/lib:/home/ljoy/Robomaster/PIONEER/new_rv/install/hik_camera/lib:/opt/ros/humble/opt/rviz_ogre_vendor/lib:/opt/ros/humble/lib/x86_64-linux-gnu:/opt/ros/humble/lib:/opt/MVS/lib/64:/opt/MVS/lib/32:/opt/MVS/lib/64:/opt/MVS/lib/64 /usr/bin/cmake --build /home/ljoy/Robomaster/PIONEER/new_rv/build/armor_detector -- -j32 -l32
[17.311s] Invoking command in '/home/ljoy/Robomaster/PIONEER/new_rv/build/armor_detector': CMAKE_PREFIX_PATH=/home/ljoy/Robomaster/PIONEER/new_rv/install/rm_tools:/home/ljoy/Robomaster/PIONEER/new_rv/install/auto_aim_interfaces:/home/ljoy/Robomaster/PIONEER/new_rv/install/rm_vision_bringup:/home/ljoy/Robomaster/PIONEER/new_rv/install/rm_planner:/home/ljoy/Robomaster/PIONEER/new_rv/install/armor_tracker:/home/ljoy/Robomaster/PIONEER/new_rv/install/armor_detector:/home/ljoy/Robomaster/PIONEER/new_rv/install/rm_serial_driver:/home/ljoy/Robomaster/PIONEER/new_rv/install/rm_gimbal_description:/home/ljoy/Robomaster/PIONEER/new_rv/install/hik_camera:/opt/ros/humble LD_LIBRARY_PATH=/home/ljoy/Robomaster/PIONEER/new_rv/install/rm_tools/lib:/home/ljoy/Robomaster/PIONEER/new_rv/install/auto_aim_interfaces/lib:/home/ljoy/Robomaster/PIONEER/new_rv/install/rm_planner/lib:/home/ljoy/Robomaster/PIONEER/new_rv/install/armor_tracker/lib:/home/ljoy/Robomaster/PIONEER/new_rv/install/armor_detector/lib:/home/ljoy/Robomaster/PIONEER/new_rv/install/rm_serial_driver/lib:/home/ljoy/Robomaster/PIONEER/new_rv/install/hik_camera/lib:/opt/ros/humble/opt/rviz_ogre_vendor/lib:/opt/ros/humble/lib/x86_64-linux-gnu:/opt/ros/humble/lib:/opt/MVS/lib/64:/opt/MVS/lib/32:/opt/MVS/lib/64:/opt/MVS/lib/64 /usr/bin/cmake --install /home/ljoy/Robomaster/PIONEER/new_rv/build/armor_detector
[17.312s] -- Install configuration: ""
[17.312s] -- Up-to-date: /home/ljoy/Robomaster/PIONEER/new_rv/install/armor_detector/lib/armor_detector/armor_detector_node
[17.313s] -- Up-to-date: /home/ljoy/Robomaster/PIONEER/new_rv/install/armor_detector/include
[17.313s] -- Up-to-date: /home/ljoy/Robomaster/PIONEER/new_rv/install/armor_detector/include/armor_detector
[17.313s] -- Up-to-date: /home/ljoy/Robomaster/PIONEER/new_rv/install/armor_detector/include/armor_detector/armor_pose_estimator.hpp
[17.313s] -- Up-to-date: /home/ljoy/Robomaster/PIONEER/new_rv/install/armor_detector/include/armor_detector/detector_node.hpp
[17.313s] -- Up-to-date: /home/ljoy/Robomaster/PIONEER/new_rv/install/armor_detector/include/armor_detector/thread_safe_quene.hpp
[17.313s] -- Up-to-date: /home/ljoy/Robomaster/PIONEER/new_rv/install/armor_detector/include/armor_detector/detector.hpp
[17.313s] -- Up-to-date: /home/ljoy/Robomaster/PIONEER/new_rv/install/armor_detector/include/armor_detector/graph_optimizer.hpp
[17.313s] -- Up-to-date: /home/ljoy/Robomaster/PIONEER/new_rv/install/armor_detector/include/armor_detector/armor.hpp
[17.313s] -- Up-to-date: /home/ljoy/Robomaster/PIONEER/new_rv/install/armor_detector/include/armor_detector/ba_solver.hpp
[17.313s] -- Up-to-date: /home/ljoy/Robomaster/PIONEER/new_rv/install/armor_detector/share/armor_detector/environment/library_path.sh
[17.313s] -- Installing: /home/ljoy/Robomaster/PIONEER/new_rv/install/armor_detector/share/armor_detector/environment/library_path.dsv
[17.313s] -- Installing: /home/ljoy/Robomaster/PIONEER/new_rv/install/armor_detector/lib/libarmor_detector.so
[17.343s] -- Set non-toolchain portion of runtime path of "/home/ljoy/Robomaster/PIONEER/new_rv/install/armor_detector/lib/libarmor_detector.so" to ""
[17.343s] -- Up-to-date: /home/ljoy/Robomaster/PIONEER/new_rv/install/armor_detector/share/armor_detector/models
[17.343s] -- Up-to-date: /home/ljoy/Robomaster/PIONEER/new_rv/install/armor_detector/share/armor_detector/models/yolov5.xml
[17.344s] -- Up-to-date: /home/ljoy/Robomaster/PIONEER/new_rv/install/armor_detector/share/armor_detector/models/0708.onnx
[17.344s] -- Up-to-date: /home/ljoy/Robomaster/PIONEER/new_rv/install/armor_detector/share/armor_detector/models/yolov5.bin
[17.344s] -- Up-to-date: /home/ljoy/Robomaster/PIONEER/new_rv/install/armor_detector/share/armor_detector/models/0526.onnx
[17.344s] -- Up-to-date: /home/ljoy/Robomaster/PIONEER/new_rv/install/armor_detector/share/ament_index/resource_index/package_run_dependencies/armor_detector
[17.344s] -- Up-to-date: /home/ljoy/Robomaster/PIONEER/new_rv/install/armor_detector/share/ament_index/resource_index/parent_prefix_path/armor_detector
[17.344s] -- Up-to-date: /home/ljoy/Robomaster/PIONEER/new_rv/install/armor_detector/share/armor_detector/environment/ament_prefix_path.sh
[17.344s] -- Installing: /home/ljoy/Robomaster/PIONEER/new_rv/install/armor_detector/share/armor_detector/environment/ament_prefix_path.dsv
[17.344s] -- Up-to-date: /home/ljoy/Robomaster/PIONEER/new_rv/install/armor_detector/share/armor_detector/environment/path.sh
[17.344s] -- Installing: /home/ljoy/Robomaster/PIONEER/new_rv/install/armor_detector/share/armor_detector/environment/path.dsv
[17.344s] -- Up-to-date: /home/ljoy/Robomaster/PIONEER/new_rv/install/armor_detector/share/armor_detector/local_setup.bash
[17.344s] -- Up-to-date: /home/ljoy/Robomaster/PIONEER/new_rv/install/armor_detector/share/armor_detector/local_setup.sh
[17.344s] -- Up-to-date: /home/ljoy/Robomaster/PIONEER/new_rv/install/armor_detector/share/armor_detector/local_setup.zsh
[17.344s] -- Installing: /home/ljoy/Robomaster/PIONEER/new_rv/install/armor_detector/share/armor_detector/local_setup.dsv
[17.344s] -- Installing: /home/ljoy/Robomaster/PIONEER/new_rv/install/armor_detector/share/armor_detector/package.dsv
[17.344s] -- Up-to-date: /home/ljoy/Robomaster/PIONEER/new_rv/install/armor_detector/share/ament_index/resource_index/packages/armor_detector
[17.344s] -- Up-to-date: /home/ljoy/Robomaster/PIONEER/new_rv/install/armor_detector/share/ament_index/resource_index/rclcpp_components/armor_detector
[17.344s] -- Up-to-date: /home/ljoy/Robomaster/PIONEER/new_rv/install/armor_detector/share/armor_detector/cmake/ament_cmake_export_dependencies-extras.cmake
[17.344s] -- Up-to-date: /home/ljoy/Robomaster/PIONEER/new_rv/install/armor_detector/share/armor_detector/cmake/ament_cmake_export_include_directories-extras.cmake
[17.344s] -- Up-to-date: /home/ljoy/Robomaster/PIONEER/new_rv/install/armor_detector/share/armor_detector/cmake/ament_cmake_export_libraries-extras.cmake
[17.344s] -- Up-to-date: /home/ljoy/Robomaster/PIONEER/new_rv/install/armor_detector/share/armor_detector/cmake/armor_detectorConfig.cmake
[17.344s] -- Up-to-date: /home/ljoy/Robomaster/PIONEER/new_rv/install/armor_detector/share/armor_detector/cmake/armor_detectorConfig-version.cmake
[17.344s] -- Up-to-date: /home/ljoy/Robomaster/PIONEER/new_rv/install/armor_detector/share/armor_detector/package.xml
[17.345s] Invoked command in '/home/ljoy/Robomaster/PIONEER/new_rv/build/armor_detector' returned '0': CMAKE_PREFIX_PATH=/home/ljoy/Robomaster/PIONEER/new_rv/install/rm_tools:/home/ljoy/Robomaster/PIONEER/new_rv/install/auto_aim_interfaces:/home/ljoy/Robomaster/PIONEER/new_rv/install/rm_vision_bringup:/home/ljoy/Robomaster/PIONEER/new_rv/install/rm_planner:/home/ljoy/Robomaster/PIONEER/new_rv/install/armor_tracker:/home/ljoy/Robomaster/PIONEER/new_rv/install/armor_detector:/home/ljoy/Robomaster/PIONEER/new_rv/install/rm_serial_driver:/home/ljoy/Robomaster/PIONEER/new_rv/install/rm_gimbal_description:/home/ljoy/Robomaster/PIONEER/new_rv/install/hik_camera:/opt/ros/humble LD_LIBRARY_PATH=/home/ljoy/Robomaster/PIONEER/new_rv/install/rm_tools/lib:/home/ljoy/Robomaster/PIONEER/new_rv/install/auto_aim_interfaces/lib:/home/ljoy/Robomaster/PIONEER/new_rv/install/rm_planner/lib:/home/ljoy/Robomaster/PIONEER/new_rv/install/armor_tracker/lib:/home/ljoy/Robomaster/PIONEER/new_rv/install/armor_detector/lib:/home/ljoy/Robomaster/PIONEER/new_rv/install/rm_serial_driver/lib:/home/ljoy/Robomaster/PIONEER/new_rv/install/hik_camera/lib:/opt/ros/humble/opt/rviz_ogre_vendor/lib:/opt/ros/humble/lib/x86_64-linux-gnu:/opt/ros/humble/lib:/opt/MVS/lib/64:/opt/MVS/lib/32:/opt/MVS/lib/64:/opt/MVS/lib/64 /usr/bin/cmake --install /home/ljoy/Robomaster/PIONEER/new_rv/build/armor_detector
