[0.008s] Invoking command in '/home/ljoy/Robomaster/PIONEER/new_rv/build/armor_tracker': AMENT_PREFIX_PATH=/home/ljoy/Robomaster/PIONEER/new_rv/install/rm_tools:/home/ljoy/Robomaster/PIONEER/new_rv/install/auto_aim_interfaces:${AMENT_PREFIX_PATH} CMAKE_PREFIX_PATH=/home/ljoy/Robomaster/PIONEER/new_rv/install/rm_tools:/home/ljoy/Robomaster/PIONEER/new_rv/install/auto_aim_interfaces:/opt/ros/humble LD_LIBRARY_PATH=/home/ljoy/Robomaster/PIONEER/new_rv/install/rm_tools/lib:/home/ljoy/Robomaster/PIONEER/new_rv/install/auto_aim_interfaces/lib:/opt/ros/humble/opt/rviz_ogre_vendor/lib:/opt/ros/humble/lib/x86_64-linux-gnu:/opt/ros/humble/lib:/opt/MVS/lib/64:/opt/MVS/lib/32:/opt/MVS/lib/64:/opt/MVS/lib/64 PYTHONPATH=/home/ljoy/Robomaster/PIONEER/new_rv/install/auto_aim_interfaces/local/lib/python3.10/dist-packages:${PYTHONPATH} /usr/bin/cmake --build /home/ljoy/Robomaster/PIONEER/new_rv/build/armor_tracker -- -j32 -l32
[0.026s] [ 40%] Built target armor_tracker_node
[0.040s] [100%] Built target armor_tracker
[0.042s] Invoked command in '/home/ljoy/Robomaster/PIONEER/new_rv/build/armor_tracker' returned '0': AMENT_PREFIX_PATH=/home/ljoy/Robomaster/PIONEER/new_rv/install/rm_tools:/home/ljoy/Robomaster/PIONEER/new_rv/install/auto_aim_interfaces:${AMENT_PREFIX_PATH} CMAKE_PREFIX_PATH=/home/ljoy/Robomaster/PIONEER/new_rv/install/rm_tools:/home/ljoy/Robomaster/PIONEER/new_rv/install/auto_aim_interfaces:/opt/ros/humble LD_LIBRARY_PATH=/home/ljoy/Robomaster/PIONEER/new_rv/install/rm_tools/lib:/home/ljoy/Robomaster/PIONEER/new_rv/install/auto_aim_interfaces/lib:/opt/ros/humble/opt/rviz_ogre_vendor/lib:/opt/ros/humble/lib/x86_64-linux-gnu:/opt/ros/humble/lib:/opt/MVS/lib/64:/opt/MVS/lib/32:/opt/MVS/lib/64:/opt/MVS/lib/64 PYTHONPATH=/home/ljoy/Robomaster/PIONEER/new_rv/install/auto_aim_interfaces/local/lib/python3.10/dist-packages:${PYTHONPATH} /usr/bin/cmake --build /home/ljoy/Robomaster/PIONEER/new_rv/build/armor_tracker -- -j32 -l32
[0.059s] Invoking command in '/home/ljoy/Robomaster/PIONEER/new_rv/build/armor_tracker': AMENT_PREFIX_PATH=/home/ljoy/Robomaster/PIONEER/new_rv/install/rm_tools:/home/ljoy/Robomaster/PIONEER/new_rv/install/auto_aim_interfaces:${AMENT_PREFIX_PATH} CMAKE_PREFIX_PATH=/home/ljoy/Robomaster/PIONEER/new_rv/install/rm_tools:/home/ljoy/Robomaster/PIONEER/new_rv/install/auto_aim_interfaces:/opt/ros/humble LD_LIBRARY_PATH=/home/ljoy/Robomaster/PIONEER/new_rv/install/rm_tools/lib:/home/ljoy/Robomaster/PIONEER/new_rv/install/auto_aim_interfaces/lib:/opt/ros/humble/opt/rviz_ogre_vendor/lib:/opt/ros/humble/lib/x86_64-linux-gnu:/opt/ros/humble/lib:/opt/MVS/lib/64:/opt/MVS/lib/32:/opt/MVS/lib/64:/opt/MVS/lib/64 PYTHONPATH=/home/ljoy/Robomaster/PIONEER/new_rv/install/auto_aim_interfaces/local/lib/python3.10/dist-packages:${PYTHONPATH} /usr/bin/cmake --install /home/ljoy/Robomaster/PIONEER/new_rv/build/armor_tracker
[0.060s] -- Install configuration: ""
[0.060s] -- Up-to-date: /home/ljoy/Robomaster/PIONEER/new_rv/install/armor_tracker/lib/armor_tracker/armor_tracker_node
[0.060s] -- Up-to-date: /home/ljoy/Robomaster/PIONEER/new_rv/install/armor_tracker/include
[0.060s] -- Up-to-date: /home/ljoy/Robomaster/PIONEER/new_rv/install/armor_tracker/include/armor_tracker
[0.060s] -- Up-to-date: /home/ljoy/Robomaster/PIONEER/new_rv/install/armor_tracker/include/armor_tracker/tracker_node.hpp
[0.060s] -- Up-to-date: /home/ljoy/Robomaster/PIONEER/new_rv/install/armor_tracker/include/armor_tracker/tracker.hpp
[0.060s] -- Up-to-date: /home/ljoy/Robomaster/PIONEER/new_rv/install/armor_tracker/share/armor_tracker/environment/library_path.sh
[0.060s] -- Up-to-date: /home/ljoy/Robomaster/PIONEER/new_rv/install/armor_tracker/share/armor_tracker/environment/library_path.dsv
[0.060s] -- Installing: /home/ljoy/Robomaster/PIONEER/new_rv/install/armor_tracker/lib/libarmor_tracker.so
[0.072s] -- Set non-toolchain portion of runtime path of "/home/ljoy/Robomaster/PIONEER/new_rv/install/armor_tracker/lib/libarmor_tracker.so" to ""
[0.072s] -- Up-to-date: /home/ljoy/Robomaster/PIONEER/new_rv/install/armor_tracker/share/ament_index/resource_index/package_run_dependencies/armor_tracker
[0.072s] -- Up-to-date: /home/ljoy/Robomaster/PIONEER/new_rv/install/armor_tracker/share/ament_index/resource_index/parent_prefix_path/armor_tracker
[0.072s] -- Up-to-date: /home/ljoy/Robomaster/PIONEER/new_rv/install/armor_tracker/share/armor_tracker/environment/ament_prefix_path.sh
[0.072s] -- Up-to-date: /home/ljoy/Robomaster/PIONEER/new_rv/install/armor_tracker/share/armor_tracker/environment/ament_prefix_path.dsv
[0.072s] -- Up-to-date: /home/ljoy/Robomaster/PIONEER/new_rv/install/armor_tracker/share/armor_tracker/environment/path.sh
[0.072s] -- Up-to-date: /home/ljoy/Robomaster/PIONEER/new_rv/install/armor_tracker/share/armor_tracker/environment/path.dsv
[0.072s] -- Up-to-date: /home/ljoy/Robomaster/PIONEER/new_rv/install/armor_tracker/share/armor_tracker/local_setup.bash
[0.072s] -- Up-to-date: /home/ljoy/Robomaster/PIONEER/new_rv/install/armor_tracker/share/armor_tracker/local_setup.sh
[0.072s] -- Up-to-date: /home/ljoy/Robomaster/PIONEER/new_rv/install/armor_tracker/share/armor_tracker/local_setup.zsh
[0.072s] -- Up-to-date: /home/ljoy/Robomaster/PIONEER/new_rv/install/armor_tracker/share/armor_tracker/local_setup.dsv
[0.072s] -- Installing: /home/ljoy/Robomaster/PIONEER/new_rv/install/armor_tracker/share/armor_tracker/package.dsv
[0.072s] -- Up-to-date: /home/ljoy/Robomaster/PIONEER/new_rv/install/armor_tracker/share/ament_index/resource_index/packages/armor_tracker
[0.072s] -- Up-to-date: /home/ljoy/Robomaster/PIONEER/new_rv/install/armor_tracker/share/ament_index/resource_index/rclcpp_components/armor_tracker
[0.072s] -- Up-to-date: /home/ljoy/Robomaster/PIONEER/new_rv/install/armor_tracker/share/armor_tracker/cmake/ament_cmake_export_dependencies-extras.cmake
[0.072s] -- Up-to-date: /home/ljoy/Robomaster/PIONEER/new_rv/install/armor_tracker/share/armor_tracker/cmake/ament_cmake_export_include_directories-extras.cmake
[0.073s] -- Up-to-date: /home/ljoy/Robomaster/PIONEER/new_rv/install/armor_tracker/share/armor_tracker/cmake/ament_cmake_export_libraries-extras.cmake
[0.073s] -- Up-to-date: /home/ljoy/Robomaster/PIONEER/new_rv/install/armor_tracker/share/armor_tracker/cmake/armor_trackerConfig.cmake
[0.073s] -- Up-to-date: /home/ljoy/Robomaster/PIONEER/new_rv/install/armor_tracker/share/armor_tracker/cmake/armor_trackerConfig-version.cmake
[0.073s] -- Up-to-date: /home/ljoy/Robomaster/PIONEER/new_rv/install/armor_tracker/share/armor_tracker/package.xml
[0.074s] Invoked command in '/home/ljoy/Robomaster/PIONEER/new_rv/build/armor_tracker' returned '0': AMENT_PREFIX_PATH=/home/ljoy/Robomaster/PIONEER/new_rv/install/rm_tools:/home/ljoy/Robomaster/PIONEER/new_rv/install/auto_aim_interfaces:${AMENT_PREFIX_PATH} CMAKE_PREFIX_PATH=/home/ljoy/Robomaster/PIONEER/new_rv/install/rm_tools:/home/ljoy/Robomaster/PIONEER/new_rv/install/auto_aim_interfaces:/opt/ros/humble LD_LIBRARY_PATH=/home/ljoy/Robomaster/PIONEER/new_rv/install/rm_tools/lib:/home/ljoy/Robomaster/PIONEER/new_rv/install/auto_aim_interfaces/lib:/opt/ros/humble/opt/rviz_ogre_vendor/lib:/opt/ros/humble/lib/x86_64-linux-gnu:/opt/ros/humble/lib:/opt/MVS/lib/64:/opt/MVS/lib/32:/opt/MVS/lib/64:/opt/MVS/lib/64 PYTHONPATH=/home/ljoy/Robomaster/PIONEER/new_rv/install/auto_aim_interfaces/local/lib/python3.10/dist-packages:${PYTHONPATH} /usr/bin/cmake --install /home/ljoy/Robomaster/PIONEER/new_rv/build/armor_tracker
