[ 33%] Built target rm_planner_node
[ 50%] [32mBuilding CXX object CMakeFiles/rm_planner.dir/src/rm_planner.cpp.o[0m
[ 66%] [32mBuilding CXX object CMakeFiles/rm_planner.dir/src/rm_planner_node.cpp.o[0m
In file included from [01m[K/home/ljoy/Robomaster/PIONEER/new_rv/rm_planner/src/rm_planner.cpp:1[m[K:
[01m[K/home/ljoy/Robomaster/PIONEER/new_rv/rm_planner/include/rm_planner/rm_planner.hpp:47:29:[m[K [01;31m[Kerror: [m[K‘[01m[KGimbalCmd[m[K’ in namespace ‘[01m[Kauto_aim_interfaces::msg[m[K’ does not name a type
   47 |   auto_aim_interfaces::msg::[01;31m[KGimbalCmd[m[K plan(const auto_aim_interfaces::msg::Target &target, double bullet_speed, const rclcpp::Time &current_time,
      |                             [01;31m[K^~~~~~~~~[m[K
[01m[K/home/ljoy/Robomaster/PIONEER/new_rv/rm_planner/src/rm_planner.cpp:19:27:[m[K [01;31m[Kerror: [m[K‘[01m[KGimbalCmd[m[K’ in namespace ‘[01m[Kauto_aim_interfaces::msg[m[K’ does not name a type
   19 | auto_aim_interfaces::msg::[01;31m[KGimbalCmd[m[K Planner:: plan(const auto_aim_interfaces::msg::Target &target, double bullet_speed, const rclcpp::Time &current_time,
      |                           [01;31m[K^~~~~~~~~[m[K
In file included from [01m[K/home/ljoy/Robomaster/PIONEER/new_rv/rm_planner/include/rm_planner/rm_planner_node.hpp:38[m[K,
                 from [01m[K/home/ljoy/Robomaster/PIONEER/new_rv/rm_planner/src/rm_planner_node.cpp:19[m[K:
[01m[K/home/ljoy/Robomaster/PIONEER/new_rv/rm_planner/include/rm_planner/rm_planner.hpp:47:29:[m[K [01;31m[Kerror: [m[K‘[01m[KGimbalCmd[m[K’ in namespace ‘[01m[Kauto_aim_interfaces::msg[m[K’ does not name a type
   47 |   auto_aim_interfaces::msg::[01;31m[KGimbalCmd[m[K plan(const auto_aim_interfaces::msg::Target &target, double bullet_speed, const rclcpp::Time &current_time,
      |                             [01;31m[K^~~~~~~~~[m[K
[01m[K/home/ljoy/Robomaster/PIONEER/new_rv/rm_planner/src/rm_planner_node.cpp:[m[K In constructor ‘[01m[Krm_auto_aim::RMPlannerNode::RMPlannerNode(const rclcpp::NodeOptions&)[m[K’:
[01m[K/home/ljoy/Robomaster/PIONEER/new_rv/rm_planner/src/rm_planner_node.cpp:36:39:[m[K [01;31m[Kerror: [m[K‘[01m[KCompensatorFactory[m[K’ has not been declared
   36 |   planner_->trajectory_compensator_ = [01;31m[KCompensatorFactory[m[K::createCompensator(compenstator_type);
      |                                       [01;31m[K^~~~~~~~~~~~~~~~~~[m[K
[01m[K/home/ljoy/Robomaster/PIONEER/new_rv/rm_planner/src/rm_planner_node.cpp:[m[K In member function ‘[01m[Kvoid rm_auto_aim::RMPlannerNode::timerCallback()[m[K’:
[01m[K/home/ljoy/Robomaster/PIONEER/new_rv/rm_planner/src/rm_planner_node.cpp:138:31:[m[K [01;31m[Kerror: [m[K‘[01m[Kclass rm_auto_aim::Planner[m[K’ has no member named ‘[01m[Kplan[m[K’
  138 |       control_msg = planner_->[01;31m[Kplan[m[K(armor_target_, 20, this->now(), tf2_buffer_);
      |                               [01;31m[K^~~~[m[K
gmake[2]: *** [CMakeFiles/rm_planner.dir/build.make:76：CMakeFiles/rm_planner.dir/src/rm_planner.cpp.o] 错误 1
gmake[2]: *** 正在等待未完成的任务....
gmake[2]: *** [CMakeFiles/rm_planner.dir/build.make:90：CMakeFiles/rm_planner.dir/src/rm_planner_node.cpp.o] 错误 1
gmake[1]: *** [CMakeFiles/Makefile2:139：CMakeFiles/rm_planner.dir/all] 错误 2
gmake: *** [Makefile:146：all] 错误 2
