[0.008s] Invoking command in '/home/ljoy/Robomaster/PIONEER/new_rv/build/rm_planner': AMENT_PREFIX_PATH=/home/ljoy/Robomaster/PIONEER/new_rv/install/rm_tools:/home/ljoy/Robomaster/PIONEER/new_rv/install/auto_aim_interfaces:${AMENT_PREFIX_PATH} CMAKE_PREFIX_PATH=/home/ljoy/Robomaster/PIONEER/new_rv/install/rm_tools:/home/ljoy/Robomaster/PIONEER/new_rv/install/auto_aim_interfaces:/opt/ros/humble LD_LIBRARY_PATH=/home/ljoy/Robomaster/PIONEER/new_rv/install/rm_tools/lib:/home/ljoy/Robomaster/PIONEER/new_rv/install/auto_aim_interfaces/lib:/opt/ros/humble/opt/rviz_ogre_vendor/lib:/opt/ros/humble/lib/x86_64-linux-gnu:/opt/ros/humble/lib:/opt/MVS/lib/64:/opt/MVS/lib/32:/opt/MVS/lib/64:/opt/MVS/lib/64 PYTHONPATH=/home/ljoy/Robomaster/PIONEER/new_rv/install/auto_aim_interfaces/local/lib/python3.10/dist-packages:${PYTHONPATH} /usr/bin/cmake --build /home/ljoy/Robomaster/PIONEER/new_rv/build/rm_planner -- -j32 -l32
[0.025s] [ 33%] Built target rm_planner_node
[0.039s] [ 50%] [32mBuilding CXX object CMakeFiles/rm_planner.dir/src/rm_planner.cpp.o[0m
[0.040s] [ 66%] [32mBuilding CXX object CMakeFiles/rm_planner.dir/src/rm_planner_node.cpp.o[0m
[2.221s] In file included from [01m[K/home/ljoy/Robomaster/PIONEER/new_rv/rm_planner/src/rm_planner.cpp:1[m[K:
[2.221s] [01m[K/home/ljoy/Robomaster/PIONEER/new_rv/rm_planner/include/rm_planner/rm_planner.hpp:47:29:[m[K [01;31m[Kerror: [m[K‘[01m[KGimbalCmd[m[K’ in namespace ‘[01m[Kauto_aim_interfaces::msg[m[K’ does not name a type
[2.221s]    47 |   auto_aim_interfaces::msg::[01;31m[KGimbalCmd[m[K plan(const auto_aim_interfaces::msg::Target &target, double bullet_speed, const rclcpp::Time &current_time,
[2.221s]       |                             [01;31m[K^~~~~~~~~[m[K
[2.225s] [01m[K/home/ljoy/Robomaster/PIONEER/new_rv/rm_planner/src/rm_planner.cpp:19:27:[m[K [01;31m[Kerror: [m[K‘[01m[KGimbalCmd[m[K’ in namespace ‘[01m[Kauto_aim_interfaces::msg[m[K’ does not name a type
[2.225s]    19 | auto_aim_interfaces::msg::[01;31m[KGimbalCmd[m[K Planner:: plan(const auto_aim_interfaces::msg::Target &target, double bullet_speed, const rclcpp::Time &current_time,
[2.225s]       |                           [01;31m[K^~~~~~~~~[m[K
[2.397s] In file included from [01m[K/home/ljoy/Robomaster/PIONEER/new_rv/rm_planner/include/rm_planner/rm_planner_node.hpp:38[m[K,
[2.397s]                  from [01m[K/home/ljoy/Robomaster/PIONEER/new_rv/rm_planner/src/rm_planner_node.cpp:19[m[K:
[2.397s] [01m[K/home/ljoy/Robomaster/PIONEER/new_rv/rm_planner/include/rm_planner/rm_planner.hpp:47:29:[m[K [01;31m[Kerror: [m[K‘[01m[KGimbalCmd[m[K’ in namespace ‘[01m[Kauto_aim_interfaces::msg[m[K’ does not name a type
[2.397s]    47 |   auto_aim_interfaces::msg::[01;31m[KGimbalCmd[m[K plan(const auto_aim_interfaces::msg::Target &target, double bullet_speed, const rclcpp::Time &current_time,
[2.397s]       |                             [01;31m[K^~~~~~~~~[m[K
[2.448s] [01m[K/home/ljoy/Robomaster/PIONEER/new_rv/rm_planner/src/rm_planner_node.cpp:[m[K In constructor ‘[01m[Krm_auto_aim::RMPlannerNode::RMPlannerNode(const rclcpp::NodeOptions&)[m[K’:
[2.448s] [01m[K/home/ljoy/Robomaster/PIONEER/new_rv/rm_planner/src/rm_planner_node.cpp:36:39:[m[K [01;31m[Kerror: [m[K‘[01m[KCompensatorFactory[m[K’ has not been declared
[2.448s]    36 |   planner_->trajectory_compensator_ = [01;31m[KCompensatorFactory[m[K::createCompensator(compenstator_type);
[2.448s]       |                                       [01;31m[K^~~~~~~~~~~~~~~~~~[m[K
[2.463s] [01m[K/home/ljoy/Robomaster/PIONEER/new_rv/rm_planner/src/rm_planner_node.cpp:[m[K In member function ‘[01m[Kvoid rm_auto_aim::RMPlannerNode::timerCallback()[m[K’:
[2.463s] [01m[K/home/ljoy/Robomaster/PIONEER/new_rv/rm_planner/src/rm_planner_node.cpp:138:31:[m[K [01;31m[Kerror: [m[K‘[01m[Kclass rm_auto_aim::Planner[m[K’ has no member named ‘[01m[Kplan[m[K’
[2.463s]   138 |       control_msg = planner_->[01;31m[Kplan[m[K(armor_target_, 20, this->now(), tf2_buffer_);
[2.463s]       |                               [01;31m[K^~~~[m[K
[2.619s] gmake[2]: *** [CMakeFiles/rm_planner.dir/build.make:76：CMakeFiles/rm_planner.dir/src/rm_planner.cpp.o] 错误 1
[2.619s] gmake[2]: *** 正在等待未完成的任务....
[4.371s] gmake[2]: *** [CMakeFiles/rm_planner.dir/build.make:90：CMakeFiles/rm_planner.dir/src/rm_planner_node.cpp.o] 错误 1
[4.371s] gmake[1]: *** [CMakeFiles/Makefile2:139：CMakeFiles/rm_planner.dir/all] 错误 2
[4.372s] gmake: *** [Makefile:146：all] 错误 2
[4.373s] Invoked command in '/home/ljoy/Robomaster/PIONEER/new_rv/build/rm_planner' returned '2': AMENT_PREFIX_PATH=/home/ljoy/Robomaster/PIONEER/new_rv/install/rm_tools:/home/ljoy/Robomaster/PIONEER/new_rv/install/auto_aim_interfaces:${AMENT_PREFIX_PATH} CMAKE_PREFIX_PATH=/home/ljoy/Robomaster/PIONEER/new_rv/install/rm_tools:/home/ljoy/Robomaster/PIONEER/new_rv/install/auto_aim_interfaces:/opt/ros/humble LD_LIBRARY_PATH=/home/ljoy/Robomaster/PIONEER/new_rv/install/rm_tools/lib:/home/ljoy/Robomaster/PIONEER/new_rv/install/auto_aim_interfaces/lib:/opt/ros/humble/opt/rviz_ogre_vendor/lib:/opt/ros/humble/lib/x86_64-linux-gnu:/opt/ros/humble/lib:/opt/MVS/lib/64:/opt/MVS/lib/32:/opt/MVS/lib/64:/opt/MVS/lib/64 PYTHONPATH=/home/ljoy/Robomaster/PIONEER/new_rv/install/auto_aim_interfaces/local/lib/python3.10/dist-packages:${PYTHONPATH} /usr/bin/cmake --build /home/ljoy/Robomaster/PIONEER/new_rv/build/rm_planner -- -j32 -l32
