[ 25%] Built target rm_serial_driver_node
[ 50%] Built target virtual_serial_node
[100%] Built target rm_serial_driver
-- Install configuration: ""
-- Installing: /home/ljoy/Robomaster/PIONEER/new_rv/install/rm_serial_driver/lib/rm_serial_driver/rm_serial_driver_node
-- Set non-toolchain portion of runtime path of "/home/ljoy/Robomaster/PIONEER/new_rv/install/rm_serial_driver/lib/rm_serial_driver/rm_serial_driver_node" to ""
-- Installing: /home/ljoy/Robomaster/PIONEER/new_rv/install/rm_serial_driver/lib/rm_serial_driver/virtual_serial_node
-- Set non-toolchain portion of runtime path of "/home/ljoy/Robomaster/PIONEER/new_rv/install/rm_serial_driver/lib/rm_serial_driver/virtual_serial_node" to ""
-- Installing: /home/ljoy/Robomaster/PIONEER/new_rv/install/rm_serial_driver/include
-- Installing: /home/ljoy/Robomaster/PIONEER/new_rv/install/rm_serial_driver/include/rm_serial_driver
-- Installing: /home/ljoy/Robomaster/PIONEER/new_rv/install/rm_serial_driver/include/rm_serial_driver/rm_serial_driver.hpp
-- Installing: /home/ljoy/Robomaster/PIONEER/new_rv/install/rm_serial_driver/include/rm_serial_driver/packet.hpp
-- Installing: /home/ljoy/Robomaster/PIONEER/new_rv/install/rm_serial_driver/include/rm_serial_driver/crc.hpp
-- Installing: /home/ljoy/Robomaster/PIONEER/new_rv/install/rm_serial_driver/share/rm_serial_driver/environment/library_path.sh
-- Installing: /home/ljoy/Robomaster/PIONEER/new_rv/install/rm_serial_driver/share/rm_serial_driver/environment/library_path.dsv
-- Installing: /home/ljoy/Robomaster/PIONEER/new_rv/install/rm_serial_driver/lib/librm_serial_driver.so
-- Set non-toolchain portion of runtime path of "/home/ljoy/Robomaster/PIONEER/new_rv/install/rm_serial_driver/lib/librm_serial_driver.so" to ""
-- Installing: /home/ljoy/Robomaster/PIONEER/new_rv/install/rm_serial_driver/share/rm_serial_driver/config
-- Installing: /home/ljoy/Robomaster/PIONEER/new_rv/install/rm_serial_driver/share/rm_serial_driver/config/serial_driver.yaml
-- Installing: /home/ljoy/Robomaster/PIONEER/new_rv/install/rm_serial_driver/share/rm_serial_driver/launch
-- Installing: /home/ljoy/Robomaster/PIONEER/new_rv/install/rm_serial_driver/share/rm_serial_driver/launch/serial_driver.launch.py
-- Installing: /home/ljoy/Robomaster/PIONEER/new_rv/install/rm_serial_driver/share/ament_index/resource_index/package_run_dependencies/rm_serial_driver
-- Installing: /home/ljoy/Robomaster/PIONEER/new_rv/install/rm_serial_driver/share/ament_index/resource_index/parent_prefix_path/rm_serial_driver
-- Installing: /home/ljoy/Robomaster/PIONEER/new_rv/install/rm_serial_driver/share/rm_serial_driver/environment/ament_prefix_path.sh
-- Installing: /home/ljoy/Robomaster/PIONEER/new_rv/install/rm_serial_driver/share/rm_serial_driver/environment/ament_prefix_path.dsv
-- Installing: /home/ljoy/Robomaster/PIONEER/new_rv/install/rm_serial_driver/share/rm_serial_driver/environment/path.sh
-- Installing: /home/ljoy/Robomaster/PIONEER/new_rv/install/rm_serial_driver/share/rm_serial_driver/environment/path.dsv
-- Installing: /home/ljoy/Robomaster/PIONEER/new_rv/install/rm_serial_driver/share/rm_serial_driver/local_setup.bash
-- Installing: /home/ljoy/Robomaster/PIONEER/new_rv/install/rm_serial_driver/share/rm_serial_driver/local_setup.sh
-- Installing: /home/ljoy/Robomaster/PIONEER/new_rv/install/rm_serial_driver/share/rm_serial_driver/local_setup.zsh
-- Installing: /home/ljoy/Robomaster/PIONEER/new_rv/install/rm_serial_driver/share/rm_serial_driver/local_setup.dsv
-- Installing: /home/ljoy/Robomaster/PIONEER/new_rv/install/rm_serial_driver/share/rm_serial_driver/package.dsv
-- Installing: /home/ljoy/Robomaster/PIONEER/new_rv/install/rm_serial_driver/share/ament_index/resource_index/packages/rm_serial_driver
-- Installing: /home/ljoy/Robomaster/PIONEER/new_rv/install/rm_serial_driver/share/ament_index/resource_index/rclcpp_components/rm_serial_driver
-- Installing: /home/ljoy/Robomaster/PIONEER/new_rv/install/rm_serial_driver/share/rm_serial_driver/cmake/ament_cmake_export_dependencies-extras.cmake
-- Installing: /home/ljoy/Robomaster/PIONEER/new_rv/install/rm_serial_driver/share/rm_serial_driver/cmake/ament_cmake_export_include_directories-extras.cmake
-- Installing: /home/ljoy/Robomaster/PIONEER/new_rv/install/rm_serial_driver/share/rm_serial_driver/cmake/ament_cmake_export_libraries-extras.cmake
-- Installing: /home/ljoy/Robomaster/PIONEER/new_rv/install/rm_serial_driver/share/rm_serial_driver/cmake/rm_serial_driverConfig.cmake
-- Installing: /home/ljoy/Robomaster/PIONEER/new_rv/install/rm_serial_driver/share/rm_serial_driver/cmake/rm_serial_driverConfig-version.cmake
-- Installing: /home/ljoy/Robomaster/PIONEER/new_rv/install/rm_serial_driver/share/rm_serial_driver/package.xml
