[0.009s] Invoking command in '/home/ljoy/Robomaster/PIONEER/new_rv/build/rm_serial_driver': AMENT_PREFIX_PATH=/home/ljoy/Robomaster/PIONEER/new_rv/install/auto_aim_interfaces:${AMENT_PREFIX_PATH} CMAKE_PREFIX_PATH=/home/ljoy/Robomaster/PIONEER/new_rv/install/auto_aim_interfaces:/opt/ros/humble LD_LIBRARY_PATH=/home/ljoy/Robomaster/PIONEER/new_rv/install/auto_aim_interfaces/lib:/opt/ros/humble/opt/rviz_ogre_vendor/lib:/opt/ros/humble/lib/x86_64-linux-gnu:/opt/ros/humble/lib:/opt/MVS/lib/64:/opt/MVS/lib/32:/opt/MVS/lib/64:/opt/MVS/lib/64 PYTHONPATH=/home/ljoy/Robomaster/PIONEER/new_rv/install/auto_aim_interfaces/local/lib/python3.10/dist-packages:${PYTHONPATH} /usr/bin/cmake --build /home/ljoy/Robomaster/PIONEER/new_rv/build/rm_serial_driver -- -j32 -l32
[0.027s] [ 25%] Built target virtual_serial_node
[0.027s] [ 50%] Built target rm_serial_driver_node
[0.041s] [ 62%] [32mBuilding CXX object CMakeFiles/rm_serial_driver.dir/src/rm_serial_driver.cpp.o[0m
[8.327s] [ 75%] [32m[1mLinking CXX shared library librm_serial_driver.so[0m
[8.848s] [100%] Built target rm_serial_driver
[8.852s] Invoked command in '/home/ljoy/Robomaster/PIONEER/new_rv/build/rm_serial_driver' returned '0': AMENT_PREFIX_PATH=/home/ljoy/Robomaster/PIONEER/new_rv/install/auto_aim_interfaces:${AMENT_PREFIX_PATH} CMAKE_PREFIX_PATH=/home/ljoy/Robomaster/PIONEER/new_rv/install/auto_aim_interfaces:/opt/ros/humble LD_LIBRARY_PATH=/home/ljoy/Robomaster/PIONEER/new_rv/install/auto_aim_interfaces/lib:/opt/ros/humble/opt/rviz_ogre_vendor/lib:/opt/ros/humble/lib/x86_64-linux-gnu:/opt/ros/humble/lib:/opt/MVS/lib/64:/opt/MVS/lib/32:/opt/MVS/lib/64:/opt/MVS/lib/64 PYTHONPATH=/home/ljoy/Robomaster/PIONEER/new_rv/install/auto_aim_interfaces/local/lib/python3.10/dist-packages:${PYTHONPATH} /usr/bin/cmake --build /home/ljoy/Robomaster/PIONEER/new_rv/build/rm_serial_driver -- -j32 -l32
[8.871s] Invoking command in '/home/ljoy/Robomaster/PIONEER/new_rv/build/rm_serial_driver': AMENT_PREFIX_PATH=/home/ljoy/Robomaster/PIONEER/new_rv/install/auto_aim_interfaces:${AMENT_PREFIX_PATH} CMAKE_PREFIX_PATH=/home/ljoy/Robomaster/PIONEER/new_rv/install/auto_aim_interfaces:/opt/ros/humble LD_LIBRARY_PATH=/home/ljoy/Robomaster/PIONEER/new_rv/install/auto_aim_interfaces/lib:/opt/ros/humble/opt/rviz_ogre_vendor/lib:/opt/ros/humble/lib/x86_64-linux-gnu:/opt/ros/humble/lib:/opt/MVS/lib/64:/opt/MVS/lib/32:/opt/MVS/lib/64:/opt/MVS/lib/64 PYTHONPATH=/home/ljoy/Robomaster/PIONEER/new_rv/install/auto_aim_interfaces/local/lib/python3.10/dist-packages:${PYTHONPATH} /usr/bin/cmake --install /home/ljoy/Robomaster/PIONEER/new_rv/build/rm_serial_driver
[8.873s] -- Install configuration: ""
[8.873s] -- Up-to-date: /home/ljoy/Robomaster/PIONEER/new_rv/install/rm_serial_driver/lib/rm_serial_driver/rm_serial_driver_node
[8.873s] -- Up-to-date: /home/ljoy/Robomaster/PIONEER/new_rv/install/rm_serial_driver/lib/rm_serial_driver/virtual_serial_node
[8.873s] -- Up-to-date: /home/ljoy/Robomaster/PIONEER/new_rv/install/rm_serial_driver/include
[8.873s] -- Up-to-date: /home/ljoy/Robomaster/PIONEER/new_rv/install/rm_serial_driver/include/rm_serial_driver
[8.873s] -- Installing: /home/ljoy/Robomaster/PIONEER/new_rv/install/rm_serial_driver/include/rm_serial_driver/rm_serial_driver.hpp
[8.873s] -- Installing: /home/ljoy/Robomaster/PIONEER/new_rv/install/rm_serial_driver/include/rm_serial_driver/packet.hpp
[8.873s] -- Up-to-date: /home/ljoy/Robomaster/PIONEER/new_rv/install/rm_serial_driver/include/rm_serial_driver/crc.hpp
[8.873s] -- Up-to-date: /home/ljoy/Robomaster/PIONEER/new_rv/install/rm_serial_driver/share/rm_serial_driver/environment/library_path.sh
[8.873s] -- Up-to-date: /home/ljoy/Robomaster/PIONEER/new_rv/install/rm_serial_driver/share/rm_serial_driver/environment/library_path.dsv
[8.874s] -- Installing: /home/ljoy/Robomaster/PIONEER/new_rv/install/rm_serial_driver/lib/librm_serial_driver.so
[8.888s] -- Set non-toolchain portion of runtime path of "/home/ljoy/Robomaster/PIONEER/new_rv/install/rm_serial_driver/lib/librm_serial_driver.so" to ""
[8.888s] -- Up-to-date: /home/ljoy/Robomaster/PIONEER/new_rv/install/rm_serial_driver/share/rm_serial_driver/config
[8.888s] -- Up-to-date: /home/ljoy/Robomaster/PIONEER/new_rv/install/rm_serial_driver/share/rm_serial_driver/config/serial_driver.yaml
[8.888s] -- Up-to-date: /home/ljoy/Robomaster/PIONEER/new_rv/install/rm_serial_driver/share/rm_serial_driver/launch
[8.888s] -- Up-to-date: /home/ljoy/Robomaster/PIONEER/new_rv/install/rm_serial_driver/share/rm_serial_driver/launch/serial_driver.launch.py
[8.888s] -- Up-to-date: /home/ljoy/Robomaster/PIONEER/new_rv/install/rm_serial_driver/share/ament_index/resource_index/package_run_dependencies/rm_serial_driver
[8.889s] -- Up-to-date: /home/ljoy/Robomaster/PIONEER/new_rv/install/rm_serial_driver/share/ament_index/resource_index/parent_prefix_path/rm_serial_driver
[8.889s] -- Up-to-date: /home/ljoy/Robomaster/PIONEER/new_rv/install/rm_serial_driver/share/rm_serial_driver/environment/ament_prefix_path.sh
[8.889s] -- Up-to-date: /home/ljoy/Robomaster/PIONEER/new_rv/install/rm_serial_driver/share/rm_serial_driver/environment/ament_prefix_path.dsv
[8.889s] -- Up-to-date: /home/ljoy/Robomaster/PIONEER/new_rv/install/rm_serial_driver/share/rm_serial_driver/environment/path.sh
[8.889s] -- Up-to-date: /home/ljoy/Robomaster/PIONEER/new_rv/install/rm_serial_driver/share/rm_serial_driver/environment/path.dsv
[8.889s] -- Up-to-date: /home/ljoy/Robomaster/PIONEER/new_rv/install/rm_serial_driver/share/rm_serial_driver/local_setup.bash
[8.889s] -- Up-to-date: /home/ljoy/Robomaster/PIONEER/new_rv/install/rm_serial_driver/share/rm_serial_driver/local_setup.sh
[8.889s] -- Up-to-date: /home/ljoy/Robomaster/PIONEER/new_rv/install/rm_serial_driver/share/rm_serial_driver/local_setup.zsh
[8.889s] -- Up-to-date: /home/ljoy/Robomaster/PIONEER/new_rv/install/rm_serial_driver/share/rm_serial_driver/local_setup.dsv
[8.889s] -- Installing: /home/ljoy/Robomaster/PIONEER/new_rv/install/rm_serial_driver/share/rm_serial_driver/package.dsv
[8.889s] -- Up-to-date: /home/ljoy/Robomaster/PIONEER/new_rv/install/rm_serial_driver/share/ament_index/resource_index/packages/rm_serial_driver
[8.889s] -- Up-to-date: /home/ljoy/Robomaster/PIONEER/new_rv/install/rm_serial_driver/share/ament_index/resource_index/rclcpp_components/rm_serial_driver
[8.889s] -- Up-to-date: /home/ljoy/Robomaster/PIONEER/new_rv/install/rm_serial_driver/share/rm_serial_driver/cmake/ament_cmake_export_dependencies-extras.cmake
[8.889s] -- Up-to-date: /home/ljoy/Robomaster/PIONEER/new_rv/install/rm_serial_driver/share/rm_serial_driver/cmake/ament_cmake_export_include_directories-extras.cmake
[8.889s] -- Up-to-date: /home/ljoy/Robomaster/PIONEER/new_rv/install/rm_serial_driver/share/rm_serial_driver/cmake/ament_cmake_export_libraries-extras.cmake
[8.889s] -- Up-to-date: /home/ljoy/Robomaster/PIONEER/new_rv/install/rm_serial_driver/share/rm_serial_driver/cmake/rm_serial_driverConfig.cmake
[8.889s] -- Up-to-date: /home/ljoy/Robomaster/PIONEER/new_rv/install/rm_serial_driver/share/rm_serial_driver/cmake/rm_serial_driverConfig-version.cmake
[8.889s] -- Up-to-date: /home/ljoy/Robomaster/PIONEER/new_rv/install/rm_serial_driver/share/rm_serial_driver/package.xml
[8.890s] Invoked command in '/home/ljoy/Robomaster/PIONEER/new_rv/build/rm_serial_driver' returned '0': AMENT_PREFIX_PATH=/home/ljoy/Robomaster/PIONEER/new_rv/install/auto_aim_interfaces:${AMENT_PREFIX_PATH} CMAKE_PREFIX_PATH=/home/ljoy/Robomaster/PIONEER/new_rv/install/auto_aim_interfaces:/opt/ros/humble LD_LIBRARY_PATH=/home/ljoy/Robomaster/PIONEER/new_rv/install/auto_aim_interfaces/lib:/opt/ros/humble/opt/rviz_ogre_vendor/lib:/opt/ros/humble/lib/x86_64-linux-gnu:/opt/ros/humble/lib:/opt/MVS/lib/64:/opt/MVS/lib/32:/opt/MVS/lib/64:/opt/MVS/lib/64 PYTHONPATH=/home/ljoy/Robomaster/PIONEER/new_rv/install/auto_aim_interfaces/local/lib/python3.10/dist-packages:${PYTHONPATH} /usr/bin/cmake --install /home/ljoy/Robomaster/PIONEER/new_rv/build/rm_serial_driver
